Component: ARM Compiler 5.06 update 5 (build 528) Tool: armlink [4d35e2]

==============================================================================

Section Cross References

    startup_stm32f407xx.o(STACK) refers (Special) to heapauxi.o(.text) for __use_two_region_memory
    startup_stm32f407xx.o(HEAP) refers (Special) to heapauxi.o(.text) for __use_two_region_memory
    startup_stm32f407xx.o(RESET) refers (Special) to heapauxi.o(.text) for __use_two_region_memory
    startup_stm32f407xx.o(RESET) refers to startup_stm32f407xx.o(STACK) for __initial_sp
    startup_stm32f407xx.o(RESET) refers to startup_stm32f407xx.o(.text) for Reset_Handler
    startup_stm32f407xx.o(RESET) refers to stm32f4xx_it.o(i.NMI_Handler) for NMI_Handler
    startup_stm32f407xx.o(RESET) refers to stm32f4xx_it.o(i.HardFault_Handler) for HardFault_Handler
    startup_stm32f407xx.o(RESET) refers to stm32f4xx_it.o(i.MemManage_Handler) for MemManage_Handler
    startup_stm32f407xx.o(RESET) refers to stm32f4xx_it.o(i.BusFault_Handler) for BusFault_Handler
    startup_stm32f407xx.o(RESET) refers to stm32f4xx_it.o(i.UsageFault_Handler) for UsageFault_Handler
    startup_stm32f407xx.o(RESET) refers to port.o(.emb_text) for SVC_Handler
    startup_stm32f407xx.o(RESET) refers to stm32f4xx_it.o(i.DebugMon_Handler) for DebugMon_Handler
    startup_stm32f407xx.o(RESET) refers to stm32f4xx_it.o(i.SysTick_Handler) for SysTick_Handler
    startup_stm32f407xx.o(RESET) refers to stm32f4xx_it.o(i.CAN1_RX0_IRQHandler) for CAN1_RX0_IRQHandler
    startup_stm32f407xx.o(RESET) refers to stm32f4xx_it.o(i.TIM2_IRQHandler) for TIM2_IRQHandler
    startup_stm32f407xx.o(.text) refers (Special) to heapauxi.o(.text) for __use_two_region_memory
    startup_stm32f407xx.o(.text) refers to system_stm32f4xx.o(i.SystemInit) for SystemInit
    startup_stm32f407xx.o(.text) refers to __main.o(!!!main) for __main
    startup_stm32f407xx.o(.text) refers to startup_stm32f407xx.o(HEAP) for Heap_Mem
    startup_stm32f407xx.o(.text) refers to startup_stm32f407xx.o(STACK) for Stack_Mem
    main.o(i.HAL_TIM_PeriodElapsedCallback) refers to my_time.o(i.MY_TIM2_Callback) for MY_TIM2_Callback
    main.o(i.SystemClock_Config) refers to rt_memclr_w.o(.text) for __aeabi_memclr4
    main.o(i.SystemClock_Config) refers to stm32f4xx_hal_rcc.o(i.HAL_RCC_OscConfig) for HAL_RCC_OscConfig
    main.o(i.SystemClock_Config) refers to stm32f4xx_hal_rcc.o(i.HAL_RCC_ClockConfig) for HAL_RCC_ClockConfig
    main.o(i.main) refers to stm32f4xx_hal.o(i.HAL_Init) for HAL_Init
    main.o(i.main) refers to main.o(i.SystemClock_Config) for SystemClock_Config
    main.o(i.main) refers to gpio.o(i.MX_GPIO_Init) for MX_GPIO_Init
    main.o(i.main) refers to can.o(i.MX_CAN1_Init) for MX_CAN1_Init
    main.o(i.main) refers to tim.o(i.MX_TIM2_Init) for MX_TIM2_Init
    main.o(i.main) refers to can_part.o(i.MY_CAN_Init) for MY_CAN_Init
    main.o(i.main) refers to stm32f4xx_hal_tim.o(i.HAL_TIM_Base_Start_IT) for HAL_TIM_Base_Start_IT
    main.o(i.main) refers to uap_init.o(i.UAP_Init) for UAP_Init
    main.o(i.main) refers to cmsis_os2.o(i.osKernelInitialize) for osKernelInitialize
    main.o(i.main) refers to freertos.o(i.MX_FREERTOS_Init) for MX_FREERTOS_Init
    main.o(i.main) refers to cmsis_os2.o(i.osKernelStart) for osKernelStart
    main.o(i.main) refers to can.o(.bss) for hcan1
    main.o(i.main) refers to tim.o(.bss) for htim2
    gpio.o(i.MX_GPIO_Init) refers to rt_memclr_w.o(.text) for __aeabi_memclr4
    gpio.o(i.MX_GPIO_Init) refers to stm32f4xx_hal_gpio.o(i.HAL_GPIO_WritePin) for HAL_GPIO_WritePin
    gpio.o(i.MX_GPIO_Init) refers to stm32f4xx_hal_gpio.o(i.HAL_GPIO_Init) for HAL_GPIO_Init
    freertos.o(i.MX_FREERTOS_Init) refers to cmsis_os2.o(i.osMessageQueueNew) for osMessageQueueNew
    freertos.o(i.MX_FREERTOS_Init) refers to cmsis_os2.o(i.osThreadNew) for osThreadNew
    freertos.o(i.MX_FREERTOS_Init) refers to freertos.o(.constdata) for .constdata
    freertos.o(i.MX_FREERTOS_Init) refers to freertos.o(.data) for .data
    freertos.o(i.MX_FREERTOS_Init) refers to freertos.o(i.StartDefaultTask) for StartDefaultTask
    freertos.o(i.MX_FREERTOS_Init) refers to uap_freertos.o(i.StartRealTime_TASK) for StartRealTime_TASK
    freertos.o(i.MX_FREERTOS_Init) refers to uap_freertos.o(i.Start_DJI_RecieveData) for Start_DJI_RecieveData
    freertos.o(i.StartDefaultTask) refers to my_led.o(i.LED_Flash) for LED_Flash
    freertos.o(i.StartDefaultTask) refers to stm32f4xx_hal_gpio.o(i.HAL_GPIO_WritePin) for HAL_GPIO_WritePin
    freertos.o(i.StartDefaultTask) refers to cmsis_os2.o(i.osDelay) for osDelay
    freertos.o(i.StartRealTime_TASK) refers to cmsis_os2.o(i.osDelay) for osDelay
    freertos.o(i.Start_DJI_RecieveData) refers to cmsis_os2.o(i.osDelay) for osDelay
    freertos.o(.constdata) refers to freertos.o(.conststring) for .conststring
    freertos.o(.constdata) refers to freertos.o(.bss) for RealTime_TASKControlBlock
[...]
    .conststring                             0x08004ca0   Section       60  freertos.o(.conststring)
    .data                                    0x20000000   Section       16  freertos.o(.data)
    .data                                    0x20000010   Section       12  stm32f4xx_hal.o(.data)
    .data                                    0x2000001c   Section        4  system_stm32f4xx.o(.data)
    .data                                    0x20000020   Section        8  can_part.o(.data)
    RxData                                   0x20000020   Data           8  can_part.o(.data)
    .data                                    0x20000028   Section        4  my_pid.o(.data)
    .data                                    0x20000030   Section       24  my_math.o(.data)
    last_angle                               0x20000030   Data           4  my_math.o(.data)
    total_cycles                             0x20000034   Data           4  my_math.o(.data)
    last_angle                               0x20000038   Data           4  my_math.o(.data)
    total_cycles                             0x2000003c   Data           4  my_math.o(.data)
    add_angle                                0x20000040   Data           8  my_math.o(.data)
    .data                                    0x20000048   Section        8  my_time.o(.data)
    timecount                                0x20000048   Data           2  my_time.o(.data)
    .data                                    0x20000050   Section        4  motor_contral.o(.data)
    .data                                    0x20000054   Section        4  my_led.o(.data)
    LED_Flag                                 0x20000054   Data           1  my_led.o(.data)
    count                                    0x20000056   Data           2  my_led.o(.data)
    .data                                    0x20000058   Section       60  tasks.o(.data)
    uxDeletedTasksWaitingCleanUp             0x2000005c   Data           4  tasks.o(.data)
    uxCurrentNumberOfTasks                   0x20000060   Data           4  tasks.o(.data)
    xTickCount                               0x20000064   Data           4  tasks.o(.data)
    uxTopReadyPriority                       0x20000068   Data           4  tasks.o(.data)
    xSchedulerRunning                        0x2000006c   Data           4  tasks.o(.data)
    xPendedTicks                             0x20000070   Data           4  tasks.o(.data)
    xYieldPending                            0x20000074   Data           4  tasks.o(.data)
    xNumOfOverflows                          0x20000078   Data           4  tasks.o(.data)
    uxTaskNumber                             0x2000007c   Data           4  tasks.o(.data)
    xNextTaskUnblockTime                     0x20000080   Data           4  tasks.o(.data)
    xIdleTaskHandle                          0x20000084   Data           4  tasks.o(.data)
    uxSchedulerSuspended                     0x20000088   Data           4  tasks.o(.data)
    pxDelayedTaskList                        0x2000008c   Data           4  tasks.o(.data)
    pxOverflowDelayedTaskList                0x20000090   Data           4  tasks.o(.data)
    .data                                    0x20000094   Section       20  timers.o(.data)
    xTimerQueue                              0x20000094   Data           4  timers.o(.data)
    xTimerTaskHandle                         0x20000098   Data           4  timers.o(.data)
    xLastTime                                0x2000009c   Data           4  timers.o(.data)
    pxCurrentTimerList                       0x200000a0   Data           4  timers.o(.data)
    pxOverflowTimerList                      0x200000a4   Data           4  timers.o(.data)
    .data                                    0x200000a8   Section        4  cmsis_os2.o(.data)
    KernelState                              0x200000a8   Data           4  cmsis_os2.o(.data)
    .data                                    0x200000ac   Section       32  heap_4.o(.data)
    pxEnd                                    0x200000ac   Data           4  heap_4.o(.data)
    xFreeBytesRemaining                      0x200000b0   Data           4  heap_4.o(.data)
    xMinimumEverFreeBytesRemaining           0x200000b4   Data           4  heap_4.o(.data)
    xNumberOfSuccessfulAllocations           0x200000b8   Data           4  heap_4.o(.data)
    xNumberOfSuccessfulFrees                 0x200000bc   Data           4  heap_4.o(.data)
    xBlockAllocatedBit                       0x200000c0   Data           4  heap_4.o(.data)
    xStart                                   0x200000c4   Data           8  heap_4.o(.data)
    .data                                    0x200000cc   Section       12  port.o(.data)
    ucMaxSysCallPriority                     0x200000cc   Data           1  port.o(.data)
    uxCriticalNesting                        0x200000d0   Data           4  port.o(.data)
    ulMaxPRIGROUPValue                       0x200000d4   Data           4  port.o(.data)
    .bss                                     0x200000d8   Section      512  freertos.o(.bss)
    .bss                                     0x200002d8   Section       92  freertos.o(.bss)
    .bss                                     0x20000334   Section      512  freertos.o(.bss)
    .bss                                     0x20000534   Section       92  freertos.o(.bss)
    .bss                                     0x20000590   Section       10  freertos.o(.bss)
    .bss                                     0x2000059c   Section       80  freertos.o(.bss)
    .bss                                     0x200005ec   Section       40  can.o(.bss)
    .bss                                     0x20000614   Section       72  tim.o(.bss)
    .bss                                     0x2000065c   Section      128  dji_motor_can.o(.bss)
    .bss                                     0x200006dc   Section      168  motor_contral.o(.bss)
    .bss                                     0x20000784   Section       16  uap_freertos.o(.bss)
    .bss                                     0x20000794   Section       64  queue.o(.bss)
    .bss                                     0x200007d4   Section     1220  tasks.o(.bss)
    pxReadyTasksLists                        0x200007d4   Data        1120  tasks.o(.bss)
    xDelayedTaskList1                        0x20000c34   Data          20  tasks.o(.bss)
    xDelayedTaskList2                        0x20000c48   Data          20  tasks.o(.bss)
    xPendingReadyList                        0x20000c5c   Data          20  tasks.o(.bss)
    xTasksWaitingTermination                 0x20000c70   Data          20  tasks.o(.bss)
    xSuspendedTaskList                       0x20000c84   Data          20  tasks.o(.bss)
    .bss                                     0x20000c98   Section      280  timers.o(.bss)
    xStaticTimerQueue                        0x20000c98   Data          80  timers.o(.bss)
    ucStaticTimerQueueStorage                0x20000ce8   Data         160  timers.o(.bss)
    xActiveTimerList1                        0x20000d88   Data          20  timers.o(.bss)
    xActiveTimerList2                        0x20000d9c   Data          20  timers.o(.bss)
    .bss                                     0x20000db0   Section     1720  cmsis_os2.o(.bss)
    Idle_TCB                                 0x20000db0   Data          92  cmsis_os2.o(.bss)
    Idle_Stack                               0x20000e0c   Data         512  cmsis_os2.o(.bss)
    Timer_TCB                                0x2000100c   Data          92  cmsis_os2.o(.bss)
    Timer_Stack                              0x20001068   Data        1024  cmsis_os2.o(.bss)
    .bss                                     0x20001468   Section    15360  heap_4.o(.bss)
    ucHeap                                   0x20001468   Data       15360  heap_4.o(.bss)
    .bss                                     0x20005068   Section       96  libspace.o(.bss)
    HEAP                                     0x200050c8   Section      512  startup_stm32f407xx.o(HEAP)
    Heap_Mem                                 0x200050c8   Data         512  startup_stm32f407xx.o(HEAP)
    STACK                                    0x200052c8   Section     1024  startup_stm32f407xx.o(STACK)
    Stack_Mem                                0x200052c8   Data        1024  startup_stm32f407xx.o(STACK)
    __initial_sp                             0x200056c8   Data           0  startup_stm32f407xx.o(STACK)

    Global Symbols

    Symbol Name                              Value     Ov Type        Size  Object(Section)

    BuildAttributes$$THM_ISAv4$E$P$D$K$B$S$7EM$VFPi3$EXTD16$VFPS$VFMA$PE$A:L22UL41UL21$X:L11$S22US41US21$IEEE1$IW$USESV6$~STKCKD$USESV7$~SHL$OTIME$ROPI$IEEEX$EBA8$UX$STANDARDLIB$REQ8$PRES8$EABIv2 0x00000000   Number         0  anon$$obj.o ABSOLUTE
    __ARM_use_no_argv                        0x00000000   Number         0  main.o ABSOLUTE
    __ARM_exceptions_init                     - Undefined Weak Reference
    __alloca_initialize                       - Undefined Weak Reference
    __arm_preinit_                            - Undefined Weak Reference
    __cpp_initialize__aeabi_                  - Undefined Weak Reference
    __cxa_finalize                            - Undefined Weak Reference
    __rt_locale                               - Undefined Weak Reference
    __sigvec_lookup                           - Undefined Weak Reference
    _atexit_init                              - Undefined Weak Reference
    _call_atexit_fns                          - Undefined Weak Reference
    _clock_init                               - Undefined Weak Reference
    _fp_trap_init                             - Undefined Weak Reference
    _fp_trap_shutdown                         - Undefined Weak Reference
    _get_lc_collate                           - Undefined Weak Reference
    _get_lc_ctype                             - Undefined Weak Reference
    _get_lc_monetary                          - Undefined Weak Reference
    _get_lc_numeric                           - Undefined Weak Reference
    _get_lc_time                              - Undefined Weak Reference
    _getenv_init                              - Undefined Weak Reference
    _handle_redirection                       - Undefined Weak Reference
    _init_alloc                               - Undefined Weak Reference
    _init_user_alloc                          - Undefined Weak Reference
    _initio                                   - Undefined Weak Reference
    _rand_init                                - Undefined Weak Reference
    _signal_finish                            - Undefined Weak Reference
    _signal_init                              - Undefined Weak Reference
    _terminate_alloc                          - Undefined Weak Reference
    _terminate_user_alloc                     - Undefined Weak Reference
    _terminateio                              - Undefined Weak Reference
    __Vectors_Size                           0x00000188   Number         0  startup_stm32f407xx.o ABSOLUTE
    __Vectors                                0x08000000   Data           4  startup_stm32f407xx.o(RESET)
    __Vectors_End                            0x08000188   Data           0  startup_stm32f407xx.o(RESET)
    __main                                   0x08000189   Thumb Code     8  __main.o(!!!main)
    __scatterload                            0x08000191   Thumb Code     0  __scatter.o(!!!scatter)
    __scatterload_rt2                        0x08000191   Thumb Code    44  __scatter.o(!!!scatter)
    __scatterload_rt2_thumb_only             0x08000191   Thumb Code     0  __scatter.o(!!!scatter)
    __scatterload_null                       0x0800019f   Thumb Code     0  __scatter.o(!!!scatter)
    __scatterload_copy                       0x080001c5   Thumb Code    26  __scatter_copy.o(!!handler_copy)
    __scatterload_zeroinit                   0x080001e1   Thumb Code    28  __scatter_zi.o(!!handler_zi)
    __rt_lib_init                            0x080001fd   Thumb Code     0  libinit.o(.ARM.Collect$$libinit$$00000000)
    __rt_lib_init_fp_1                       0x080001ff   Thumb Code     0  libinit2.o(.ARM.Collect$$libinit$$00000001)
    __rt_lib_init_alloca_1                   0x08000203   Thumb Code     0  libinit2.o(.ARM.Collect$$libinit$$0000002E)
    __rt_lib_init_argv_1                     0x08000203   Thumb Code     0  libinit2.o(.ARM.Collect$$libinit$$0000002C)
    __rt_lib_init_atexit_1                   0x08000203   Thumb Code     0  libinit2.o(.ARM.Collect$$libinit$$0000001B)
    __rt_lib_init_clock_1                    0x08000203   Thumb Code     0  libinit2.o(.ARM.Collect$$libinit$$00000021)
    __rt_lib_init_cpp_1                      0x08000203   Thumb Code     0  libinit2.o(.ARM.Collect$$libinit$$00000032)
    __rt_lib_init_exceptions_1               0x08000203   Thumb Code     0  libinit2.o(.ARM.Collect$$libinit$$00000030)
    __rt_lib_init_fp_trap_1                  0x08000203   Thumb Code     0  libinit2.o(.ARM.Collect$$libinit$$0000001F)
    __rt_lib_init_getenv_1                   0x08000203   Thumb Code     0  libinit2.o(.ARM.Collect$$libinit$$00000023)
    __rt_lib_init_heap_1                     0x08000203   Thumb Code     0  libinit2.o(.ARM.Collect$$libinit$$0000000A)
    __rt_lib_init_lc_collate_1               0x08000203   Thumb Code     0  libinit2.o(.ARM.Collect$$libinit$$00000011)
    __rt_lib_init_lc_ctype_1                 0x08000203   Thumb Code     0  libinit2.o(.ARM.Collect$$libinit$$00000013)
    __rt_lib_init_lc_monetary_1              0x08000203   Thumb Code     0  libinit2.o(.ARM.Collect$$libinit$$00000015)
    __rt_lib_init_lc_numeric_1               0x08000203   Thumb Code     0  libinit2.o(.ARM.Collect$$libinit$$00000017)
    __rt_lib_init_lc_time_1                  0x08000203   Thumb Code     0  libinit2.o(.ARM.Collect$$libinit$$00000019)
    __rt_lib_init_preinit_1                  0x08000203   Thumb Code     0  libinit2.o(.ARM.Collect$$libinit$$00000004)
    __rt_lib_init_rand_1                     0x08000203   Thumb Code     0  libinit2.o(.ARM.Collect$$libinit$$0000000E)
    __rt_lib_init_return                     0x08000203   Thumb Code     0  libinit2.o(.ARM.Collect$$libinit$$00000033)
    __rt_lib_init_signal_1                   0x08000203   Thumb Code     0  libinit2.o(.ARM.Collect$$libinit$$0000001D)
    __rt_lib_init_stdio_1                    0x08000203   Thumb Code     0  libinit2.o(.ARM.Collect$$libinit$$00000025)
    __rt_lib_init_user_alloc_1               0x08000203   Thumb Code     0  libinit2.o(.ARM.Collect$$libinit$$0000000C)
    __rt_lib_shutdown                        0x08000205   Thumb Code     0  libshutdown.o(.ARM.Collect$$libshutdown$$00000000)
    __rt_lib_shutdown_cpp_1                  0x08000207   Thumb Code     0  libshutdown2.o(.ARM.Collect$$libshutdown$$00000002)
    __rt_lib_shutdown_fp_trap_1              0x08000207   Thumb Code     0  libshutdown2.o(.ARM.Collect$$libshutdown$$00000007)
    __rt_lib_shutdown_heap_1                 0x08000207   Thumb Code     0  libshutdown2.o(.ARM.Collect$$libshutdown$$0000000F)
    __rt_lib_shutdown_return                 0x08000207   Thumb Code     0  libshutdown2.o(.ARM.Collect$$libshutdown$$00000010)
    __rt_lib_shutdown_signal_1               0x08000207   Thumb Code     0  libshutdown2.o(.ARM.Collect$$libshutdown$$0000000A)
    __rt_lib_shutdown_stdio_1                0x08000207   Thumb Code     0  libshutdown2.o(.ARM.Collect$$libshutdown$$00000004)
    __rt_lib_shutdown_user_alloc_1           0x08000207   Thumb Code     0  libshutdown2.o(.ARM.Collect$$libshutdown$$0000000C)
    __rt_entry                               0x08000209   Thumb Code     0  __rtentry.o(.ARM.Collect$$rtentry$$00000000)
    __rt_entry_presh_1                       0x08000209   Thumb Code     0  __rtentry2.o(.ARM.Collect$$rtentry$$00000002)
    __rt_entry_sh                            0x08000209   Thumb Code     0  __rtentry4.o(.ARM.Collect$$rtentry$$00000004)
    __rt_entry_li                            0x0800020f   Thumb Code     0  __rtentry2.o(.ARM.Collect$$rtentry$$0000000A)
    __rt_entry_postsh_1                      0x0800020f   Thumb Code     0  __rtentry2.o(.ARM.Collect$$rtentry$$00000009)
    __rt_entry_main                          0x08000213   Thumb Code     0  __rtentry2.o(.ARM.Collect$$rtentry$$0000000D)
    __rt_entry_postli_1                      0x08000213   Thumb Code     0  __rtentry2.o(.ARM.Collect$$rtentry$$0000000C)
    __rt_exit                                0x0800021b   Thumb Code     0  rtexit.o(.ARM.Collect$$rtexit$$00000000)
    __rt_exit_ls                             0x0800021d   Thumb Code     0  rtexit2.o(.ARM.Collect$$rtexit$$00000003)
    __rt_exit_prels_1                        0x0800021d   Thumb Code     0  rtexit2.o(.ARM.Collect$$rtexit$$00000002)
    __rt_exit_exit                           0x08000221   Thumb Code     0  rtexit2.o(.ARM.Collect$$rtexit$$00000004)
    SVC_Handler                              0x08000229   Thumb Code    28  port.o(.emb_text)
    __asm___6_port_c_39a90d8d__prvStartFirstTask 0x08000249   Thumb Code    36  port.o(.emb_text)
    __asm___6_port_c_39a90d8d__prvEnableVFP  0x08000271   Thumb Code    16  port.o(.emb_text)
    PendSV_Handler                           0x08000285   Thumb Code    88  port.o(.emb_text)
    vPortGetIPSR                             0x080002e1   Thumb Code     6  port.o(.emb_text)
    Reset_Handler                            0x080002e9   Thumb Code     8  startup_stm32f407xx.o(.text)
    ADC_IRQHandler                           0x08000303   Thumb Code     0  startup_stm32f407xx.o(.text)
    CAN1_RX1_IRQHandler                      0x08000303   Thumb Code     0  startup_stm32f407xx.o(.text)
    CAN1_SCE_IRQHandler                      0x08000303   Thumb Code     0  startup_stm32f407xx.o(.text)
    CAN1_TX_IRQHandler                       0x08000303   Thumb Code     0  startup_stm32f407xx.o(.text)
    CAN2_RX0_IRQHandler                      0x08000303   Thumb Code     0  startup_stm32f407xx.o(.text)
    CAN2_RX1_IRQHandler                      0x08000303   Thumb Code     0  startup_stm32f407xx.o(.text)
    CAN2_SCE_IRQHandler                      0x08000303   Thumb Code     0  startup_stm32f407xx.o(.text)
    CAN2_TX_IRQHandler                       0x08000303   Thumb Code     0  startup_stm32f407xx.o(.text)
    DCMI_IRQHandler                          0x08000303   Thumb Code     0  startup_stm32f407xx.o(.text)
    DMA1_Stream0_IRQHandler                  0x08000303   Thumb Code     0  startup_stm32f407xx.o(.text)
    DMA1_Stream1_IRQHandler                  0x08000303   Thumb Code     0  startup_stm32f407xx.o(.text)
    DMA1_Stream2_IRQHandler                  0x08000303   Thumb Code     0  startup_stm32f407xx.o(.text)
    DMA1_Stream3_IRQHandler                  0x08000303   Thumb Code     0  startup_stm32f407xx.o(.text)
    DMA1_Stream4_IRQHandler                  0x08000303   Thumb Code     0  startup_stm32f407xx.o(.text)
    DMA1_Stream5_IRQHandler                  0x08000303   Thumb Code     0  startup_stm32f407xx.o(.text)
    DMA1_Stream6_IRQHandler                  0x08000303   Thumb Code     0  startup_stm32f407xx.o(.text)
    DMA1_Stream7_IRQHandler                  0x08000303   Thumb Code     0  startup_stm32f407xx.o(.text)
    DMA2_Stream0_IRQHandler                  0x08000303   Thumb Code     0  startup_stm32f407xx.o(.text)
    DMA2_Stream1_IRQHandler                  0x08000303   Thumb Code     0  startup_stm32f407xx.o(.text)
    DMA2_Stream2_IRQHandler                  0x08000303   Thumb Code     0  startup_stm32f407xx.o(.text)
    DMA2_Stream3_IRQHandler                  0x08000303   Thumb Code     0  startup_stm32f407xx.o(.text)
    DMA2_Stream4_IRQHandler                  0x08000303   Thumb Code     0  startup_stm32f407xx.o(.text)
    DMA2_Stream5_IRQHandler                  0x08000303   Thumb Code     0  startup_stm32f407xx.o(.text)
    DMA2_Stream6_IRQHandler                  0x08000303   Thumb Code     0  startup_stm32f407xx.o(.text)
    DMA2_Stream7_IRQHandler                  0x08000303   Thumb Code     0  startup_stm32f407xx.o(.text)
    ETH_IRQHandler                           0x08000303   Thumb Code     0  startup_stm32f407xx.o(.text)
    ETH_WKUP_IRQHandler                      0x08000303   Thumb Code     0  startup_stm32f407xx.o(.text)
    EXTI0_IRQHandler                         0x08000303   Thumb Code     0  startup_stm32f407xx.o(.text)
    EXTI15_10_IRQHandler                     0x08000303   Thumb Code     0  startup_stm32f407xx.o(.text)
    EXTI1_IRQHandler                         0x08000303   Thumb Code     0  startup_stm32f407xx.o(.text)
    EXTI2_IRQHandler                         0x08000303   Thumb Code     0  startup_stm32f407xx.o(.text)
    EXTI3_IRQHandler                         0x08000303   Thumb Code     0  startup_stm32f407xx.o(.text)
    EXTI4_IRQHandler                         0x08000303   Thumb Code     0  startup_stm32f407xx.o(.text)
    EXTI9_5_IRQHandler                       0x08000303   Thumb Code     0  startup_stm32f407xx.o(.text)
    FLASH_IRQHandler                         0x08000303   Thumb Code     0  startup_stm32f407xx.o(.text)
    FMC_IRQHandler                           0x08000303   Thumb Code     0  startup_stm32f407xx.o(.text)
    FPU_IRQHandler                           0x08000303   Thumb Code     0  startup_stm32f407xx.o(.text)
    HASH_RNG_IRQHandler                      0x08000303   Thumb Code     0  startup_stm32f407xx.o(.text)
    I2C1_ER_IRQHandler                       0x08000303   Thumb Code     0  startup_stm32f407xx.o(.text)
    I2C1_EV_IRQHandler                       0x08000303   Thumb Code     0  startup_stm32f407xx.o(.text)
    I2C2_ER_IRQHandler                       0x08000303   Thumb Code     0  startup_stm32f407xx.o(.text)
    I2C2_EV_IRQHandler                       0x08000303   Thumb Code     0  startup_stm32f407xx.o(.text)
    I2C3_ER_IRQHandler                       0x08000303   Thumb Code     0  startup_stm32f407xx.o(.text)
    I2C3_EV_IRQHandler                       0x08000303   Thumb Code     0  startup_stm32f407xx.o(.text)
    OTG_FS_IRQHandler                        0x08000303   Thumb Code     0  startup_stm32f407xx.o(.text)
    OTG_FS_WKUP_IRQHandler                   0x08000303   Thumb Code     0  startup_stm32f407xx.o(.text)
    OTG_HS_EP1_IN_IRQHandler                 0x08000303   Thumb Code     0  startup_stm32f407xx.o(.text)
    OTG_HS_EP1_OUT_IRQHandler                0x08000303   Thumb Code     0  startup_stm32f407xx.o(.text)
    OTG_HS_IRQHandler                        0x08000303   Thumb Code     0  startup_stm32f407xx.o(.text)
    OTG_HS_WKUP_IRQHandler                   0x08000303   Thumb Code     0  startup_stm32f407xx.o(.text)
    PVD_IRQHandler                           0x08000303   Thumb Code     0  startup_stm32f407xx.o(.text)
    RCC_IRQHandler                           0x08000303   Thumb Code     0  startup_stm32f407xx.o(.text)
    RTC_Alarm_IRQHandler                     0x08000303   Thumb Code     0  startup_stm32f407xx.o(.text)
    RTC_WKUP_IRQHandler                      0x08000303   Thumb Code     0  startup_stm32f407xx.o(.text)
    SDIO_IRQHandler                          0x08000303   Thumb Code     0  startup_stm32f407xx.o(.text)
    SPI1_IRQHandler                          0x08000303   Thumb Code     0  startup_stm32f407xx.o(.text)
    SPI2_IRQHandler                          0x08000303   Thumb Code     0  startup_stm32f407xx.o(.text)
    SPI3_IRQHandler                          0x08000303   Thumb Code     0  startup_stm32f407xx.o(.text)
    TAMP_STAMP_IRQHandler                    0x08000303   Thumb Code     0  startup_stm32f407xx.o(.text)
    TIM1_BRK_TIM9_IRQHandler                 0x08000303   Thumb Code     0  startup_stm32f407xx.o(.text)
    TIM1_CC_IRQHandler                       0x08000303   Thumb Code     0  startup_stm32f407xx.o(.text)
    TIM1_TRG_COM_TIM11_IRQHandler            0x08000303   Thumb Code     0  startup_stm32f407xx.o(.text)
    TIM1_UP_TIM10_IRQHandler                 0x08000303   Thumb Code     0  startup_stm32f407xx.o(.text)
    TIM3_IRQHandler                          0x08000303   Thumb Code     0  startup_stm32f407xx.o(.text)
    TIM4_IRQHandler                          0x08000303   Thumb Code     0  startup_stm32f407xx.o(.text)
    TIM5_IRQHandler                          0x08000303   Thumb Code     0  startup_stm32f407xx.o(.text)
    TIM6_DAC_IRQHandler                      0x08000303   Thumb Code     0  startup_stm32f407xx.o(.text)
    TIM7_IRQHandler                          0x08000303   Thumb Code     0  startup_stm32f407xx.o(.text)
    TIM8_BRK_TIM12_IRQHandler                0x08000303   Thumb Code     0  startup_stm32f407xx.o(.text)
    TIM8_CC_IRQHandler                       0x08000303   Thumb Code     0  startup_stm32f407xx.o(.text)
    TIM8_TRG_COM_TIM14_IRQHandler            0x08000303   Thumb Code     0  startup_stm32f407xx.o(.text)
    TIM8_UP_TIM13_IRQHandler                 0x08000303   Thumb Code     0  startup_stm32f407xx.o(.text)
    UART4_IRQHandler                         0x08000303   Thumb Code     0  startup_stm32f407xx.o(.text)
    UART5_IRQHandler                         0x08000303   Thumb Code     0  startup_stm32f407xx.o(.text)
    USART1_IRQHandler                        0x08000303   Thumb Code     0  startup_stm32f407xx.o(.text)
    USART2_IRQHandler                        0x08000303   Thumb Code     0  startup_stm32f407xx.o(.text)
    USART3_IRQHandler                        0x08000303   Thumb Code     0  startup_stm32f407xx.o(.text)
    USART6_IRQHandler                        0x08000303   Thumb Code     0  startup_stm32f407xx.o(.text)
    WWDG_IRQHandler                          0x08000303   Thumb Code     0  startup_stm32f407xx.o(.text)
    __user_initial_stackheap                 0x08000305   Thumb Code     0  startup_stm32f407xx.o(.text)
    __aeabi_uldivmod                         0x08000329   Thumb Code     0  lludivv7m.o(.text)
    _ll_udiv                                 0x08000329   Thumb Code   238  lludivv7m.o(.text)
    __aeabi_memcpy                           0x08000417   Thumb Code     0  rt_memcpy_v6.o(.text)
    __rt_memcpy                              0x08000417   Thumb Code   138  rt_memcpy_v6.o(.text)
    _memcpy_lastbytes                        0x0800047d   Thumb Code     0  rt_memcpy_v6.o(.text)
    __aeabi_memset                           0x080004a1   Thumb Code    16  aeabi_memset.o(.text)
    __aeabi_memclr4                          0x080004b1   Thumb Code     0  rt_memclr_w.o(.text)
    __aeabi_memclr8                          0x080004b1   Thumb Code     0  rt_memclr_w.o(.text)
    __rt_memclr_w                            0x080004b1   Thumb Code    78  rt_memclr_w.o(.text)
    _memset_w                                0x080004b5   Thumb Code     0  rt_memclr_w.o(.text)
    __use_two_region_memory                  0x080004ff   Thumb Code     2  heapauxi.o(.text)
    __rt_heap_escrow$2region                 0x08000501   Thumb Code     2  heapauxi.o(.text)
    __rt_heap_expand$2region                 0x08000503   Thumb Code     2  heapauxi.o(.text)
    __read_errno                             0x08000505   Thumb Code    10  _rserrno.o(.text)
    __set_errno                              0x0800050f   Thumb Code    12  _rserrno.o(.text)
    __aeabi_memcpy4                          0x0800051b   Thumb Code     0  rt_memcpy_w.o(.text)
    __aeabi_memcpy8                          0x0800051b   Thumb Code     0  rt_memcpy_w.o(.text)
    __rt_memcpy_w                            0x0800051b   Thumb Code   100  rt_memcpy_w.o(.text)
    _memcpy_lastbytes_aligned                0x08000563   Thumb Code     0  rt_memcpy_w.o(.text)
    __aeabi_memclr                           0x0800057f   Thumb Code     0  rt_memclr.o(.text)
    __rt_memclr                              0x0800057f   Thumb Code    68  rt_memclr.o(.text)
    _memset                                  0x08000583   Thumb Code     0  rt_memclr.o(.text)
    __aeabi_errno_addr                       0x080005c5   Thumb Code     8  rt_errno_addr_intlibspace.o(.text)
    __errno$intlibspace                      0x080005c5   Thumb Code     0  rt_errno_addr_intlibspace.o(.text)
    __rt_errno_addr$intlibspace              0x080005c5   Thumb Code     0  rt_errno_addr_intlibspace.o(.text)
    __user_libspace                          0x080005cd   Thumb Code     8  libspace.o(.text)
    __user_perproc_libspace                  0x080005cd   Thumb Code     0  libspace.o(.text)
    __user_perthread_libspace                0x080005cd   Thumb Code     0  libspace.o(.text)
    __user_setup_stackheap                   0x080005d5   Thumb Code    74  sys_stackheap_outer.o(.text)
    exit                                     0x0800061f   Thumb Code    18  exit.o(.text)
    _sys_exit                                0x08000631   Thumb Code     8  sys_exit.o(.text)
    __I$use$semihosting                      0x0800063d   Thumb Code     0  use_no_semi.o(.text)
    __use_no_semihosting_swi                 0x0800063d   Thumb Code     2  use_no_semi.o(.text)
    BusFault_Handler                         0x0800063f   Thumb Code     2  stm32f4xx_it.o(i.BusFault_Handler)
    __semihosting_library_function           0x0800063f   Thumb Code     0  indicate_semi.o(.text)
    CAN1_RX0_IRQHandler                      0x08000641   Thumb Code     6  stm32f4xx_it.o(i.CAN1_RX0_IRQHandler)
    CAN_DJI_Motor_Feedback                   0x0800064d   Thumb Code    76  dji_motor_can.o(i.CAN_DJI_Motor_Feedback)
    CAN_Send_STD                             0x080006a5   Thumb Code    50  can_part.o(i.CAN_Send_STD)
    DebugMon_Handler                         0x080006d7   Thumb Code     2  stm32f4xx_it.o(i.DebugMon_Handler)
    ESC_Control_Raw_Single                   0x080006d9   Thumb Code    64  dji_motor_can.o(i.ESC_Control_Raw_Single)
    Error_Handler                            0x08000719   Thumb Code     4  main.o(i.Error_Handler)
    HAL_CAN_ActivateNotification             0x0800071d   Thumb Code    36  stm32f4xx_hal_can.o(i.HAL_CAN_ActivateNotification)
    HAL_CAN_AddTxMessage                     0x08000741   Thumb Code   188  stm32f4xx_hal_can.o(i.HAL_CAN_AddTxMessage)
    HAL_CAN_ConfigFilter                     0x080007fd   Thumb Code   262  stm32f4xx_hal_can.o(i.HAL_CAN_ConfigFilter)
    HAL_CAN_ErrorCallback                    0x08000909   Thumb Code     2  stm32f4xx_hal_can.o(i.HAL_CAN_ErrorCallback)
    HAL_CAN_GetRxMessage                     0x0800090b   Thumb Code   244  stm32f4xx_hal_can.o(i.HAL_CAN_GetRxMessage)
    HAL_CAN_GetTxMailboxesFreeLevel          0x080009ff   Thumb Code    44  stm32f4xx_hal_can.o(i.HAL_CAN_GetTxMailboxesFreeLevel)
    HAL_CAN_IRQHandler                       0x08000a2b   Thumb Code   508  stm32f4xx_hal_can.o(i.HAL_CAN_IRQHandler)
    HAL_CAN_Init                             0x08000c27   Thumb Code   282  stm32f4xx_hal_can.o(i.HAL_CAN_Init)
    HAL_CAN_MspInit                          0x08000d41   Thumb Code   106  can.o(i.HAL_CAN_MspInit)
    HAL_CAN_RxFifo0FullCallback              0x08000db9   Thumb Code     2  stm32f4xx_hal_can.o(i.HAL_CAN_RxFifo0FullCallback)
    HAL_CAN_RxFifo0MsgPendingCallback        0x08000dbd   Thumb Code    38  can_part.o(i.HAL_CAN_RxFifo0MsgPendingCallback)
    HAL_CAN_RxFifo1FullCallback              0x08000ded   Thumb Code     2  stm32f4xx_hal_can.o(i.HAL_CAN_RxFifo1FullCallback)
    HAL_CAN_RxFifo1MsgPendingCallback        0x08000def   Thumb Code     2  stm32f4xx_hal_can.o(i.HAL_CAN_RxFifo1MsgPendingCallback)
    HAL_CAN_SleepCallback                    0x08000df1   Thumb Code     2  stm32f4xx_hal_can.o(i.HAL_CAN_SleepCallback)
    HAL_CAN_Start                            0x08000df5   Thumb Code    88  stm32f4xx_hal_can.o(i.HAL_CAN_Start)
    HAL_CAN_TxMailbox0AbortCallback          0x08000e4d   Thumb Code     2  stm32f4xx_hal_can.o(i.HAL_CAN_TxMailbox0AbortCallback)
    HAL_CAN_TxMailbox0CompleteCallback       0x08000e4f   Thumb Code     2  stm32f4xx_hal_can.o(i.HAL_CAN_TxMailbox0CompleteCallback)
    HAL_CAN_TxMailbox1AbortCallback          0x08000e51   Thumb Code     2  stm32f4xx_hal_can.o(i.HAL_CAN_TxMailbox1AbortCallback)
    HAL_CAN_TxMailbox1CompleteCallback       0x08000e53   Thumb Code     2  stm32f4xx_hal_can.o(i.HAL_CAN_TxMailbox1CompleteCallback)
    HAL_CAN_TxMailbox2AbortCallback          0x08000e55   Thumb Code     2  stm32f4xx_hal_can.o(i.HAL_CAN_TxMailbox2AbortCallback)
    HAL_CAN_TxMailbox2CompleteCallback       0x08000e57   Thumb Code     2  stm32f4xx_hal_can.o(i.HAL_CAN_TxMailbox2CompleteCallback)
    HAL_CAN_WakeUpFromRxMsgCallback          0x08000e59   Thumb Code     2  stm32f4xx_hal_can.o(i.HAL_CAN_WakeUpFromRxMsgCallback)
    HAL_GPIO_Init                            0x08000e5d   Thumb Code   450  stm32f4xx_hal_gpio.o(i.HAL_GPIO_Init)
    HAL_GPIO_WritePin                        0x0800104d   Thumb Code    10  stm32f4xx_hal_gpio.o(i.HAL_GPIO_WritePin)
    HAL_GetTick                              0x08001059   Thumb Code     6  stm32f4xx_hal.o(i.HAL_GetTick)
    HAL_IncTick                              0x08001065   Thumb Code    12  stm32f4xx_hal.o(i.HAL_IncTick)
    HAL_Init                                 0x08001075   Thumb Code    48  stm32f4xx_hal.o(i.HAL_Init)
    HAL_InitTick                             0x080010a9   Thumb Code    54  stm32f4xx_hal.o(i.HAL_InitTick)
    HAL_MspInit                              0x080010e9   Thumb Code    52  stm32f4xx_hal_msp.o(i.HAL_MspInit)
    HAL_NVIC_EnableIRQ                       0x08001121   Thumb Code    26  stm32f4xx_hal_cortex.o(i.HAL_NVIC_EnableIRQ)
    HAL_NVIC_SetPriority                     0x0800113d   Thumb Code    60  stm32f4xx_hal_cortex.o(i.HAL_NVIC_SetPriority)
    HAL_NVIC_SetPriorityGrouping             0x0800117d   Thumb Code    26  stm32f4xx_hal_cortex.o(i.HAL_NVIC_SetPriorityGrouping)
    HAL_RCC_ClockConfig                      0x080011a1   Thumb Code   288  stm32f4xx_hal_rcc.o(i.HAL_RCC_ClockConfig)
    HAL_RCC_GetSysClockFreq                  0x080012d5   Thumb Code    88  stm32f4xx_hal_rcc.o(i.HAL_RCC_GetSysClockFreq)
    HAL_RCC_OscConfig                        0x08001339   Thumb Code   856  stm32f4xx_hal_rcc.o(i.HAL_RCC_OscConfig)
    HAL_SYSTICK_Config                       0x080016a5   Thumb Code    40  stm32f4xx_hal_cortex.o(i.HAL_SYSTICK_Config)
    HAL_TIMEx_BreakCallback                  0x080016cd   Thumb Code     2  stm32f4xx_hal_tim_ex.o(i.HAL_TIMEx_BreakCallback)
    HAL_TIMEx_CommutCallback                 0x080016cf   Thumb Code     2  stm32f4xx_hal_tim_ex.o(i.HAL_TIMEx_CommutCallback)
    HAL_TIMEx_MasterConfigSynchronization    0x080016d1   Thumb Code   116  stm32f4xx_hal_tim_ex.o(i.HAL_TIMEx_MasterConfigSynchronization)
    HAL_TIM_Base_Init                        0x08001761   Thumb Code    90  stm32f4xx_hal_tim.o(i.HAL_TIM_Base_Init)
    HAL_TIM_Base_MspInit                     0x080017bd   Thumb Code    50  tim.o(i.HAL_TIM_Base_MspInit)
    HAL_TIM_Base_Start_IT                    0x080017f5   Thumb Code   100  stm32f4xx_hal_tim.o(i.HAL_TIM_Base_Start_IT)
    HAL_TIM_ConfigClockSource                0x08001875   Thumb Code   220  stm32f4xx_hal_tim.o(i.HAL_TIM_ConfigClockSource)
    HAL_TIM_IC_CaptureCallback               0x08001951   Thumb Code     2  stm32f4xx_hal_tim.o(i.HAL_TIM_IC_CaptureCallback)
    HAL_TIM_IRQHandler                       0x08001953   Thumb Code   304  stm32f4xx_hal_tim.o(i.HAL_TIM_IRQHandler)
    HAL_TIM_OC_DelayElapsedCallback          0x08001a83   Thumb Code     2  stm32f4xx_hal_tim.o(i.HAL_TIM_OC_DelayElapsedCallback)
    HAL_TIM_PWM_PulseFinishedCallback        0x08001a85   Thumb Code     2  stm32f4xx_hal_tim.o(i.HAL_TIM_PWM_PulseFinishedCallback)
    HAL_TIM_PeriodElapsedCallback            0x08001a87   Thumb Code    14  main.o(i.HAL_TIM_PeriodElapsedCallback)
    HAL_TIM_TriggerCallback                  0x08001a95   Thumb Code     2  stm32f4xx_hal_tim.o(i.HAL_TIM_TriggerCallback)
    HardFault_Handler                        0x08001a97   Thumb Code     2  stm32f4xx_it.o(i.HardFault_Handler)
    LED_Flash                                0x08001aa1   Thumb Code    38  my_led.o(i.LED_Flash)
    MX_CAN1_Init                             0x08001acd   Thumb Code    60  can.o(i.MX_CAN1_Init)
    MX_FREERTOS_Init                         0x08001b11   Thumb Code    60  freertos.o(i.MX_FREERTOS_Init)
    MX_GPIO_Init                             0x08001b61   Thumb Code   102  gpio.o(i.MX_GPIO_Init)
    MX_TIM2_Init                             0x08001bd1   Thumb Code    98  tim.o(i.MX_TIM2_Init)
    MY_CAN_Init                              0x08001c39   Thumb Code    78  can_part.o(i.MY_CAN_Init)
    MY_TIM2_Callback                         0x08001c89   Thumb Code    80  my_time.o(i.MY_TIM2_Callback)
    MemManage_Handler                        0x08001cf1   Thumb Code     2  stm32f4xx_it.o(i.MemManage_Handler)
    Motor_CInit                              0x08001cf5   Thumb Code   144  motor_contral.o(i.Motor_CInit)
    Motor_DJI_Angle_SingleContral            0x08001da1   Thumb Code   106  motor_contral.o(i.Motor_DJI_Angle_SingleContral)
    MyMath_cal_output_angle                  0x08001e1d   Thumb Code   238  my_math.o(i.MyMath_cal_output_angle)
    MyMath_normalize_m180_to_p180            0x08001f1d   Thumb Code   112  my_math.o(i.MyMath_normalize_m180_to_p180)
    NMI_Handler                              0x08001fa5   Thumb Code     2  stm32f4xx_it.o(i.NMI_Handler)
    PID_FF_Calculate_CycleAngle              0x08002069   Thumb Code   212  my_pid.o(i.PID_FF_Calculate_CycleAngle)
    PID_FF_Init                              0x08002151   Thumb Code    38  my_pid.o(i.PID_FF_Init)
    PID_FF_Reset                             0x08002179   Thumb Code    38  my_pid.o(i.PID_FF_Reset)
    PID_Init                                 0x080021a5   Thumb Code    40  my_pid.o(i.PID_Init)
    StartDefaultTask                         0x080021d1   Thumb Code    36  freertos.o(i.StartDefaultTask)
    StartRealTime_TASK                       0x080021f9   Thumb Code    78  uap_freertos.o(i.StartRealTime_TASK)
    Start_DJI_RecieveData                    0x08002251   Thumb Code    22  uap_freertos.o(i.Start_DJI_RecieveData)
    SysTick_Handler                          0x08002271   Thumb Code    24  stm32f4xx_it.o(i.SysTick_Handler)
    SystemClock_Config                       0x08002289   Thumb Code   140  main.o(i.SystemClock_Config)
    SystemInit                               0x0800231d   Thumb Code    12  system_stm32f4xx.o(i.SystemInit)
    TIM2_IRQHandler                          0x0800232d   Thumb Code     6  stm32f4xx_it.o(i.TIM2_IRQHandler)
    TIM_Base_SetConfig                       0x08002339   Thumb Code   164  stm32f4xx_hal_tim.o(i.TIM_Base_SetConfig)
    TIM_ETR_SetConfig                        0x08002409   Thumb Code    20  stm32f4xx_hal_tim.o(i.TIM_ETR_SetConfig)
    UAP_Init                                 0x08002473   Thumb Code     4  uap_init.o(i.UAP_Init)
    UsageFault_Handler                       0x08002477   Thumb Code     2  stm32f4xx_it.o(i.UsageFault_Handler)
    __hardfp_fmod                            0x08002499   Thumb Code   254  fmod.o(i.__hardfp_fmod)
    __hardfp_fmodf                           0x0800259d   Thumb Code   176  fmodf.o(i.__hardfp_fmodf)
    __mathlib_dbl_invalid                    0x08002651   Thumb Code    24  dunder.o(i.__mathlib_dbl_invalid)
    __mathlib_flt_invalid                    0x08002671   Thumb Code    10  funder.o(i.__mathlib_flt_invalid)
    main                                     0x08002681   Thumb Code    50  main.o(i.main)
    osDelay                                  0x080026bd   Thumb Code    26  cmsis_os2.o(i.osDelay)
    osKernelInitialize                       0x080026d9   Thumb Code    32  cmsis_os2.o(i.osKernelInitialize)
    osKernelStart                            0x080026fd   Thumb Code    48  cmsis_os2.o(i.osKernelStart)
    osMessageQueueGet                        0x08002735   Thumb Code    96  cmsis_os2.o(i.osMessageQueueGet)
    osMessageQueueNew                        0x08002799   Thumb Code    88  cmsis_os2.o(i.osMessageQueueNew)
    osMessageQueuePut                        0x080027f1   Thumb Code   100  cmsis_os2.o(i.osMessageQueuePut)
    osThreadNew                              0x08002859   Thumb Code   138  cmsis_os2.o(i.osThreadNew)
    pvPortMalloc                             0x08003079   Thumb Code   216  heap_4.o(i.pvPortMalloc)
    pxPortInitialiseStack                    0x08003155   Thumb Code    40  port.o(i.pxPortInitialiseStack)
    uxListRemove                             0x08003181   Thumb Code    38  list.o(i.uxListRemove)
    vApplicationGetIdleTaskMemory            0x080031a9   Thumb Code    16  cmsis_os2.o(i.vApplicationGetIdleTaskMemory)
    vApplicationGetTimerTaskMemory           0x080031bd   Thumb Code    18  cmsis_os2.o(i.vApplicationGetTimerTaskMemory)
    vListInitialise                          0x080031d5   Thumb Code    22  list.o(i.vListInitialise)
    vListInitialiseItem                      0x080031eb   Thumb Code     6  list.o(i.vListInitialiseItem)
    vListInsert                              0x080031f1   Thumb Code    48  list.o(i.vListInsert)
    vListInsertEnd                           0x08003221   Thumb Code    24  list.o(i.vListInsertEnd)
    vPortEnterCritical                       0x08003239   Thumb Code    54  port.o(i.vPortEnterCritical)
    vPortExitCritical                        0x08003279   Thumb Code    34  port.o(i.vPortExitCritical)
    vPortFree                                0x080032a1   Thumb Code    94  heap_4.o(i.vPortFree)
    vPortSetupTimerInterrupt                 0x08003305   Thumb Code    32  port.o(i.vPortSetupTimerInterrupt)
    vPortValidateInterruptPriority           0x08003329   Thumb Code    74  port.o(i.vPortValidateInterruptPriority)
    vQueueAddToRegistry                      0x0800337d   Thumb Code    34  queue.o(i.vQueueAddToRegistry)
    vQueueWaitForMessageRestricted           0x080033a5   Thumb Code    68  queue.o(i.vQueueWaitForMessageRestricted)
    vTaskDelay                               0x080033e9   Thumb Code    66  tasks.o(i.vTaskDelay)
    vTaskInternalSetTimeOutState             0x08003435   Thumb Code    12  tasks.o(i.vTaskInternalSetTimeOutState)
    vTaskMissedYield                         0x08003445   Thumb Code     8  tasks.o(i.vTaskMissedYield)
    vTaskPlaceOnEventList                    0x08003451   Thumb Code    44  tasks.o(i.vTaskPlaceOnEventList)
    vTaskPlaceOnEventListRestricted          0x08003481   Thumb Code    52  tasks.o(i.vTaskPlaceOnEventListRestricted)
    vTaskStartScheduler                      0x080034b9   Thumb Code   118  tasks.o(i.vTaskStartScheduler)
    vTaskSuspendAll                          0x08003541   Thumb Code    10  tasks.o(i.vTaskSuspendAll)
    vTaskSwitchContext                       0x08003551   Thumb Code    90  tasks.o(i.vTaskSwitchContext)
    xPortStartScheduler                      0x080035b5   Thumb Code   222  port.o(i.xPortStartScheduler)
    xPortSysTickHandler                      0x080036a9   Thumb Code    38  port.o(i.xPortSysTickHandler)
    xQueueGenericCreate                      0x080036d5   Thumb Code    66  queue.o(i.xQueueGenericCreate)
    xQueueGenericCreateStatic                0x08003717   Thumb Code   102  queue.o(i.xQueueGenericCreateStatic)
    xQueueGenericReset                       0x0800377d   Thumb Code   132  queue.o(i.xQueueGenericReset)
    xQueueGenericSend                        0x08003805   Thumb Code   346  queue.o(i.xQueueGenericSend)
    xQueueGenericSendFromISR                 0x08003965   Thumb Code   190  queue.o(i.xQueueGenericSendFromISR)
    xQueueReceive                            0x08003a25   Thumb Code   308  queue.o(i.xQueueReceive)
    xQueueReceiveFromISR                     0x08003b5d   Thumb Code   154  queue.o(i.xQueueReceiveFromISR)
    xTaskCheckForTimeOut                     0x08003bf9   Thumb Code   112  tasks.o(i.xTaskCheckForTimeOut)
    xTaskCreate                              0x08003c6d   Thumb Code    90  tasks.o(i.xTaskCreate)
    xTaskCreateStatic                        0x08003cc7   Thumb Code    86  tasks.o(i.xTaskCreateStatic)
    xTaskGetSchedulerState                   0x08003d1d   Thumb Code    22  tasks.o(i.xTaskGetSchedulerState)
    xTaskGetTickCount                        0x08003d39   Thumb Code     6  tasks.o(i.xTaskGetTickCount)
    xTaskIncrementTick                       0x08003d45   Thumb Code   192  tasks.o(i.xTaskIncrementTick)
    xTaskPriorityDisinherit                  0x08003e0d   Thumb Code   118  tasks.o(i.xTaskPriorityDisinherit)
    xTaskRemoveFromEventList                 0x08003e8d   Thumb Code    98  tasks.o(i.xTaskRemoveFromEventList)
    xTaskResumeAll                           0x08003efd   Thumb Code   182  tasks.o(i.xTaskResumeAll)
    xTimerCreateTimerTask                    0x08003fc1   Thumb Code    78  timers.o(i.xTimerCreateTimerTask)
    xTimerGenericCommand                     0x08004021   Thumb Code    98  timers.o(i.xTimerGenericCommand)
    __aeabi_d2f                              0x08004089   Thumb Code     0  d2f.o(x$fpl$d2f)
    _d2f                                     0x08004089   Thumb Code    98  d2f.o(x$fpl$d2f)
    __aeabi_dadd                             0x080040ed   Thumb Code     0  daddsub_clz.o(x$fpl$dadd)
    _dadd                                    0x080040ed   Thumb Code   332  daddsub_clz.o(x$fpl$dadd)
    __fpl_dcmp_Inf                           0x0800423d   Thumb Code    24  dcmpi.o(x$fpl$dcmpinf)
    __aeabi_ddiv                             0x08004255   Thumb Code     0  ddiv.o(x$fpl$ddiv)
    _ddiv                                    0x08004255   Thumb Code   552  ddiv.o(x$fpl$ddiv)
    __aeabi_i2d                              0x08004505   Thumb Code     0  dflt_clz.o(x$fpl$dflt)
    _dflt                                    0x08004505   Thumb Code    46  dflt_clz.o(x$fpl$dflt)
    __aeabi_ui2d                             0x08004533   Thumb Code     0  dflt_clz.o(x$fpl$dfltu)
    _dfltu                                   0x08004533   Thumb Code    38  dflt_clz.o(x$fpl$dfltu)
    __aeabi_cdcmple                          0x08004559   Thumb Code     0  dleqf.o(x$fpl$dleqf)
    _dcmple                                  0x08004559   Thumb Code   120  dleqf.o(x$fpl$dleqf)
    __fpl_dcmple_InfNaN                      0x080045bb   Thumb Code     0  dleqf.o(x$fpl$dleqf)
    __fpl_dnaninf                            0x080045d1   Thumb Code   156  dnaninf.o(x$fpl$dnaninf)
    _drem                                    0x0800466d   Thumb Code   328  drem_clz.o(x$fpl$drem)
    __fpl_dretinf                            0x080047bd   Thumb Code    12  dretinf.o(x$fpl$dretinf)
    __aeabi_cdrcmple                         0x080047c9   Thumb Code     0  drleqf.o(x$fpl$drleqf)
    _drcmple                                 0x080047c9   Thumb Code   108  drleqf.o(x$fpl$drleqf)
    __aeabi_drsub                            0x08004835   Thumb Code     0  daddsub_clz.o(x$fpl$drsb)
    _drsb                                    0x08004835   Thumb Code    22  daddsub_clz.o(x$fpl$drsb)
    __aeabi_dsub                             0x0800484d   Thumb Code     0  daddsub_clz.o(x$fpl$dsub)
    _dsub                                    0x0800484d   Thumb Code   464  daddsub_clz.o(x$fpl$dsub)
    __aeabi_f2d                              0x08004a21   Thumb Code     0  f2d.o(x$fpl$f2d)
    _f2d                                     0x08004a21   Thumb Code    86  f2d.o(x$fpl$f2d)
    __fpl_fnaninf                            0x08004a77   Thumb Code   140  fnaninf.o(x$fpl$fnaninf)
    _fp_init                                 0x08004b03   Thumb Code    10  fpinit.o(x$fpl$fpinit)
    __fplib_config_fpu_vfp                   0x08004b0b   Thumb Code     0  fpinit.o(x$fpl$fpinit)
    __fplib_config_pureend_doubles           0x08004b0b   Thumb Code     0  fpinit.o(x$fpl$fpinit)
    _frem                                    0x08004b0d   Thumb Code   240  frem_clz.o(x$fpl$frem)
    __fpl_fretinf                            0x08004c01   Thumb Code    10  fretinf.o(x$fpl$fretinf)
    __I$use$fp                               0x08004c0a   Number         0  usenofp.o(x$fpl$usenofp)
    defaultTask_attributes                   0x08004c0c   Data          36  freertos.o(.constdata)
    RealTime_TASK_attributes                 0x08004c30   Data          36  freertos.o(.constdata)
    DJI_RecieveData_attributes               0x08004c54   Data          36  freertos.o(.constdata)
    Queue_DJI_MD_attributes                  0x08004c78   Data          24  freertos.o(.constdata)
    AHBPrescTable                            0x08004c90   Data          16  system_stm32f4xx.o(.constdata)
    Region$$Table$$Base                      0x08004cdc   Number         0  anon$$obj.o(Region$$Table)
    Region$$Table$$Limit                     0x08004cfc   Number         0  anon$$obj.o(Region$$Table)
    defaultTaskHandle                        0x20000000   Data           4  freertos.o(.data)
    RealTime_TASKHandle                      0x20000004   Data           4  freertos.o(.data)
    DJI_RecieveDataHandle                    0x20000008   Data           4  freertos.o(.data)
    Queue_DJI_MDHandle                       0x2000000c   Data           4  freertos.o(.data)
    uwTickFreq                               0x20000010   Data           1  stm32f4xx_hal.o(.data)
    uwTickPrio                               0x20000014   Data           4  stm32f4xx_hal.o(.data)
    uwTick                                   0x20000018   Data           4  stm32f4xx_hal.o(.data)
    SystemCoreClock                          0x2000001c   Data           4  system_stm32f4xx.o(.data)
    ff_value                                 0x20000028   Data           4  my_pid.o(.data)
    test6                                    0x2000004c   Data           4  my_time.o(.data)
    Angletest                                0x20000050   Data           4  motor_contral.o(.data)
    pxCurrentTCB                             0x20000058   Data           4  tasks.o(.data)
    RealTime_TASKBuffer                      0x200000d8   Data         512  freertos.o(.bss)
    RealTime_TASKControlBlock                0x200002d8   Data          92  freertos.o(.bss)
    DJI_RecieveDataBuffer                    0x20000334   Data         512  freertos.o(.bss)
    DJI_RecieveDataControlBlock              0x20000534   Data          92  freertos.o(.bss)
    myQueue01testBuffer                      0x20000590   Data          10  freertos.o(.bss)
    myQueue01testControlBlock                0x2000059c   Data          80  freertos.o(.bss)
    hcan1                                    0x200005ec   Data          40  can.o(.bss)
    htim2                                    0x20000614   Data          72  tim.o(.bss)
    DJI_MFeedback                            0x2000065c   Data         128  dji_motor_can.o(.bss)
    test_FF                                  0x200006dc   Data          64  motor_contral.o(.bss)
    test2                                    0x2000071c   Data          52  motor_contral.o(.bss)
    test3                                    0x20000750   Data          52  motor_contral.o(.bss)
    recv_data                                0x20000784   Data          16  uap_freertos.o(.bss)
    xQueueRegistry                           0x20000794   Data          64  queue.o(.bss)
    __libspace_start                         0x20005068   Data          96  libspace.o(.bss)
    __temporary_stack_top$libspace           0x200050c8   Data           0  libspace.o(.bss)



==============================================================================

Memory Map of the image

  Image Entry point : 0x08000189

  Load Region LR_IROM1 (Base: 0x08000000, Size: 0x00004dd4, Max: 0x00100000, ABSOLUTE)

    Execution Region ER_IROM1 (Exec base: 0x08000000, Load base: 0x08000000, Size: 0x00004cfc, Max: 0x00100000, ABSOLUTE)

    Exec Addr    Load Addr    Size         Type   Attr      Idx    E Section Name        Object

    0x08000000   0x08000000   0x00000188   Data   RO            3    RESET               startup_stm32f407xx.o
    0x08000188   0x08000188   0x00000008   Code   RO         5125  * !!!main             c_w.l(__main.o)
    0x08000190   0x08000190   0x00000034   Code   RO         5396    !!!scatter          c_w.l(__scatter.o)
    0x080001c4   0x080001c4   0x0000001a   Code   RO         5398    !!handler_copy      c_w.l(__scatter_copy.o)
    0x080001de   0x080001de   0x00000002   PAD
    0x080001e0   0x080001e0   0x0000001c   Code   RO         5400    !!handler_zi        c_w.l(__scatter_zi.o)
    0x080001fc   0x080001fc   0x00000002   Code   RO         5269    .ARM.Collect$$libinit$$00000000  c_w.l(libinit.o)
    0x080001fe   0x080001fe   0x00000004   Code   RO         5278    .ARM.Collect$$libinit$$00000001  c_w.l(libinit2.o)
    0x08000202   0x08000202   0x00000000   Code   RO         5281    .ARM.Collect$$libinit$$00000004  c_w.l(libinit2.o)
    0x08000202   0x08000202   0x00000000   Code   RO         5284    .ARM.Collect$$libinit$$0000000A  c_w.l(libinit2.o)
    0x08000202   0x08000202   0x00000000   Code   RO         5286    .ARM.Collect$$libinit$$0000000C  c_w.l(libinit2.o)
    0x08000202   0x08000202   0x00000000   Code   RO         5288    .ARM.Collect$$libinit$$0000000E  c_w.l(libinit2.o)
    0x08000202   0x08000202   0x00000000   Code   RO         5291    .ARM.Collect$$libinit$$00000011  c_w.l(libinit2.o)
    0x08000202   0x08000202   0x00000000   Code   RO         5293    .ARM.Collect$$libinit$$00000013  c_w.l(libinit2.o)
    0x08000202   0x08000202   0x00000000   Code   RO         5295    .ARM.Collect$$libinit$$00000015  c_w.l(libinit2.o)
    0x08000202   0x08000202   0x00000000   Code   RO         5297    .ARM.Collect$$libinit$$00000017  c_w.l(libinit2.o)
    0x08000202   0x08000202   0x00000000   Code   RO         5299    .ARM.Collect$$libinit$$00000019  c_w.l(libinit2.o)
    0x08000202   0x08000202   0x00000000   Code   RO         5301    .ARM.Collect$$libinit$$0000001B  c_w.l(libinit2.o)
    0x08000202   0x08000202   0x00000000   Code   RO         5303    .ARM.Collect$$libinit$$0000001D  c_w.l(libinit2.o)
    0x08000202   0x08000202   0x00000000   Code   RO         5305    .ARM.Collect$$libinit$$0000001F  c_w.l(libinit2.o)
    0x08000202   0x08000202   0x00000000   Code   RO         5307    .ARM.Collect$$libinit$$00000021  c_w.l(libinit2.o)
    0x08000202   0x08000202   0x00000000   Code   RO         5309    .ARM.Collect$$libinit$$00000023  c_w.l(libinit2.o)
    0x08000202   0x08000202   0x00000000   Code   RO         5311    .ARM.Collect$$libinit$$00000025  c_w.l(libinit2.o)
    0x08000202   0x08000202   0x00000000   Code   RO         5315    .ARM.Collect$$libinit$$0000002C  c_w.l(libinit2.o)
    0x08000202   0x08000202   0x00000000   Code   RO         5317    .ARM.Collect$$libinit$$0000002E  c_w.l(libinit2.o)
    0x08000202   0x08000202   0x00000000   Code   RO         5319    .ARM.Collect$$libinit$$00000030  c_w.l(libinit2.o)
    0x08000202   0x08000202   0x00000000   Code   RO         5321    .ARM.Collect$$libinit$$00000032  c_w.l(libinit2.o)
    0x08000202   0x08000202   0x00000002   Code   RO         5322    .ARM.Collect$$libinit$$00000033  c_w.l(libinit2.o)
    0x08000204   0x08000204   0x00000002   Code   RO         5353    .ARM.Collect$$libshutdown$$00000000  c_w.l(libshutdown.o)
    0x08000206   0x08000206   0x00000000   Code   RO         5379    .ARM.Collect$$libshutdown$$00000002  c_w.l(libshutdown2.o)
    0x08000206   0x08000206   0x00000000   Code   RO         5381    .ARM.Collect$$libshutdown$$00000004  c_w.l(libshutdown2.o)
    0x08000206   0x08000206   0x00000000   Code   RO         5384    .ARM.Collect$$libshutdown$$00000007  c_w.l(libshutdown2.o)
    0x08000206   0x08000206   0x00000000   Code   RO         5387    .ARM.Collect$$libshutdown$$0000000A  c_w.l(libshutdown2.o)
    0x08000206   0x08000206   0x00000000   Code   RO         5389    .ARM.Collect$$libshutdown$$0000000C  c_w.l(libshutdown2.o)
    0x08000206   0x08000206   0x00000000   Code   RO         5392    .ARM.Collect$$libshutdown$$0000000F  c_w.l(libshutdown2.o)
    0x08000206   0x08000206   0x00000002   Code   RO         5393    .ARM.Collect$$libshutdown$$00000010  c_w.l(libshutdown2.o)
    0x08000208   0x08000208   0x00000000   Code   RO         5177    .ARM.Collect$$rtentry$$00000000  c_w.l(__rtentry.o)
    0x08000208   0x08000208   0x00000000   Code   RO         5232    .ARM.Collect$$rtentry$$00000002  c_w.l(__rtentry2.o)
    0x08000208   0x08000208   0x00000006   Code   RO         5244    .ARM.Collect$$rtentry$$00000004  c_w.l(__rtentry4.o)
    0x0800020e   0x0800020e   0x00000000   Code   RO         5234    .ARM.Collect$$rtentry$$00000009  c_w.l(__rtentry2.o)
    0x0800020e   0x0800020e   0x00000004   Code   RO         5235    .ARM.Collect$$rtentry$$0000000A  c_w.l(__rtentry2.o)
    0x08000212   0x08000212   0x00000000   Code   RO         5237    .ARM.Collect$$rtentry$$0000000C  c_w.l(__rtentry2.o)
    0x08000212   0x08000212   0x00000008   Code   RO         5238    .ARM.Collect$$rtentry$$0000000D  c_w.l(__rtentry2.o)
    0x0800021a   0x0800021a   0x00000002   Code   RO         5270    .ARM.Collect$$rtexit$$00000000  c_w.l(rtexit.o)
    0x0800021c   0x0800021c   0x00000000   Code   RO         5326    .ARM.Collect$$rtexit$$00000002  c_w.l(rtexit2.o)
    0x0800021c   0x0800021c   0x00000004   Code   RO         5327    .ARM.Collect$$rtexit$$00000003  c_w.l(rtexit2.o)
    0x08000220   0x08000220   0x00000006   Code   RO         5328    .ARM.Collect$$rtexit$$00000004  c_w.l(rtexit2.o)
    0x08000226   0x08000226   0x00000002   PAD
    0x08000228   0x08000228   0x000000be   Code   RO         5034    .emb_text           port.o
    0x080002e6   0x080002e6   0x00000002   PAD
    0x080002e8   0x080002e8   0x00000040   Code   RO            4    .text               startup_stm32f407xx.o
    0x08000328   0x08000328   0x000000ee   Code   RO         5113    .text               c_w.l(lludivv7m.o)
    0x08000416   0x08000416   0x0000008a   Code   RO         5115    .text               c_w.l(rt_memcpy_v6.o)
    0x080004a0   0x080004a0   0x00000010   Code   RO         5119    .text               c_w.l(aeabi_memset.o)
    0x080004b0   0x080004b0   0x0000004e   Code   RO         5121    .text               c_w.l(rt_memclr_w.o)
    0x080004fe   0x080004fe   0x00000006   Code   RO         5123    .text               c_w.l(heapauxi.o)
    0x08000504   0x08000504   0x00000016   Code   RO         5182    .text               c_w.l(_rserrno.o)
    0x0800051a   0x0800051a   0x00000064   Code   RO         5184    .text               c_w.l(rt_memcpy_w.o)
    0x0800057e   0x0800057e   0x00000044   Code   RO         5186    .text               c_w.l(rt_memclr.o)
    0x080005c2   0x080005c2   0x00000002   PAD
    0x080005c4   0x080005c4   0x00000008   Code   RO         5251    .text               c_w.l(rt_errno_addr_intlibspace.o)
    0x080005cc   0x080005cc   0x00000008   Code   RO         5253    .text               c_w.l(libspace.o)
    0x080005d4   0x080005d4   0x0000004a   Code   RO         5256    .text               c_w.l(sys_stackheap_outer.o)
    0x0800061e   0x0800061e   0x00000012   Code   RO         5258    .text               c_w.l(exit.o)
    0x08000630   0x08000630   0x0000000c   Code   RO         5323    .text               c_w.l(sys_exit.o)
    0x0800063c   0x0800063c   0x00000002   Code   RO         5342    .text               c_w.l(use_no_semi.o)
    0x0800063e   0x0800063e   0x00000000   Code   RO         5344    .text               c_w.l(indicate_semi.o)
    0x0800063e   0x0800063e   0x00000002   Code   RO          404    i.BusFault_Handler  stm32f4xx_it.o
    0x08000640   0x08000640   0x0000000c   Code   RO          405    i.CAN1_RX0_IRQHandler  stm32f4xx_it.o
    0x0800064c   0x0800064c   0x00000058   Code   RO         2945    i.CAN_DJI_Motor_Feedback  dji_motor_can.o
    0x080006a4   0x080006a4   0x00000032   Code   RO         2899    i.CAN_Send_STD      can_part.o
    0x080006d6   0x080006d6   0x00000002   Code   RO          406    i.DebugMon_Handler  stm32f4xx_it.o
    0x080006d8   0x080006d8   0x00000040   Code   RO         2952    i.ESC_Control_Raw_Single  dji_motor_can.o
    0x08000718   0x08000718   0x00000004   Code   RO           13    i.Error_Handler     main.o
    0x0800071c   0x0800071c   0x00000024   Code   RO          505    i.HAL_CAN_ActivateNotification  stm32f4xx_hal_can.o
    0x08000740   0x08000740   0x000000bc   Code   RO          506    i.HAL_CAN_AddTxMessage  stm32f4xx_hal_can.o
    0x080007fc   0x080007fc   0x0000010c   Code   RO          507    i.HAL_CAN_ConfigFilter  stm32f4xx_hal_can.o
    0x08000908   0x08000908   0x00000002   Code   RO          510    i.HAL_CAN_ErrorCallback  stm32f4xx_hal_can.o
    0x0800090a   0x0800090a   0x000000f4   Code   RO          513    i.HAL_CAN_GetRxMessage  stm32f4xx_hal_can.o
    0x080009fe   0x080009fe   0x0000002c   Code   RO          515    i.HAL_CAN_GetTxMailboxesFreeLevel  stm32f4xx_hal_can.o
    0x08000a2a   0x08000a2a   0x000001fc   Code   RO          517    i.HAL_CAN_IRQHandler  stm32f4xx_hal_can.o
    0x08000c26   0x08000c26   0x0000011a   Code   RO          518    i.HAL_CAN_Init      stm32f4xx_hal_can.o
    0x08000d40   0x08000d40   0x00000078   Code   RO          321    i.HAL_CAN_MspInit   can.o
    0x08000db8   0x08000db8   0x00000002   Code   RO          525    i.HAL_CAN_RxFifo0FullCallback  stm32f4xx_hal_can.o
    0x08000dba   0x08000dba   0x00000002   PAD
    0x08000dbc   0x08000dbc   0x00000030   Code   RO         2900    i.HAL_CAN_RxFifo0MsgPendingCallback  can_part.o
    0x08000dec   0x08000dec   0x00000002   Code   RO          527    i.HAL_CAN_RxFifo1FullCallback  stm32f4xx_hal_can.o
    0x08000dee   0x08000dee   0x00000002   Code   RO          528    i.HAL_CAN_RxFifo1MsgPendingCallback  stm32f4xx_hal_can.o
    0x08000df0   0x08000df0   0x00000002   Code   RO          529    i.HAL_CAN_SleepCallback  stm32f4xx_hal_can.o
    0x08000df2   0x08000df2   0x00000002   PAD
    0x08000df4   0x08000df4   0x00000058   Code   RO          530    i.HAL_CAN_Start     stm32f4xx_hal_can.o
    0x08000e4c   0x08000e4c   0x00000002   Code   RO          532    i.HAL_CAN_TxMailbox0AbortCallback  stm32f4xx_hal_can.o
    0x08000e4e   0x08000e4e   0x00000002   Code   RO          533    i.HAL_CAN_TxMailbox0CompleteCallback  stm32f4xx_hal_can.o
    0x08000e50   0x08000e50   0x00000002   Code   RO          534    i.HAL_CAN_TxMailbox1AbortCallback  stm32f4xx_hal_can.o
    0x08000e52   0x08000e52   0x00000002   Code   RO          535    i.HAL_CAN_TxMailbox1CompleteCallback  stm32f4xx_hal_can.o
    0x08000e54   0x08000e54   0x00000002   Code   RO          536    i.HAL_CAN_TxMailbox2AbortCallback  stm32f4xx_hal_can.o
    0x08000e56   0x08000e56   0x00000002   Code   RO          537    i.HAL_CAN_TxMailbox2CompleteCallback  stm32f4xx_hal_can.o
    0x08000e58   0x08000e58   0x00000002   Code   RO          539    i.HAL_CAN_WakeUpFromRxMsgCallback  stm32f4xx_hal_can.o
    0x08000e5a   0x08000e5a   0x00000002   PAD
    0x08000e5c   0x08000e5c   0x000001f0   Code   RO         1093    i.HAL_GPIO_Init     stm32f4xx_hal_gpio.o
    0x0800104c   0x0800104c   0x0000000a   Code   RO         1097    i.HAL_GPIO_WritePin  stm32f4xx_hal_gpio.o
    0x08001056   0x08001056   0x00000002   PAD
    0x08001058   0x08001058   0x0000000c   Code   RO         1643    i.HAL_GetTick       stm32f4xx_hal.o
    0x08001064   0x08001064   0x00000010   Code   RO         1649    i.HAL_IncTick       stm32f4xx_hal.o
    0x08001074   0x08001074   0x00000034   Code   RO         1650    i.HAL_Init          stm32f4xx_hal.o
    0x080010a8   0x080010a8   0x00000040   Code   RO         1651    i.HAL_InitTick      stm32f4xx_hal.o
    0x080010e8   0x080010e8   0x00000038   Code   RO          480    i.HAL_MspInit       stm32f4xx_hal_msp.o
    0x08001120   0x08001120   0x0000001a   Code   RO         1485    i.HAL_NVIC_EnableIRQ  stm32f4xx_hal_cortex.o
    0x0800113a   0x0800113a   0x00000002   PAD
    0x0800113c   0x0800113c   0x00000040   Code   RO         1491    i.HAL_NVIC_SetPriority  stm32f4xx_hal_cortex.o
    0x0800117c   0x0800117c   0x00000024   Code   RO         1492    i.HAL_NVIC_SetPriorityGrouping  stm32f4xx_hal_cortex.o
    0x080011a0   0x080011a0   0x00000134   Code   RO          739    i.HAL_RCC_ClockConfig  stm32f4xx_hal_rcc.o
    0x080012d4   0x080012d4   0x00000064   Code   RO          748    i.HAL_RCC_GetSysClockFreq  stm32f4xx_hal_rcc.o
    0x08001338   0x08001338   0x0000036c   Code   RO          751    i.HAL_RCC_OscConfig  stm32f4xx_hal_rcc.o
    0x080016a4   0x080016a4   0x00000028   Code   RO         1496    i.HAL_SYSTICK_Config  stm32f4xx_hal_cortex.o
    0x080016cc   0x080016cc   0x00000002   Code   RO         2594    i.HAL_TIMEx_BreakCallback  stm32f4xx_hal_tim_ex.o
    0x080016ce   0x080016ce   0x00000002   Code   RO         2595    i.HAL_TIMEx_CommutCallback  stm32f4xx_hal_tim_ex.o
    0x080016d0   0x080016d0   0x00000090   Code   RO         2613    i.HAL_TIMEx_MasterConfigSynchronization  stm32f4xx_hal_tim_ex.o
    0x08001760   0x08001760   0x0000005a   Code   RO         1890    i.HAL_TIM_Base_Init  stm32f4xx_hal_tim.o
    0x080017ba   0x080017ba   0x00000002   PAD
    0x080017bc   0x080017bc   0x00000038   Code   RO          363    i.HAL_TIM_Base_MspInit  tim.o
    0x080017f4   0x080017f4   0x00000080   Code   RO         1895    i.HAL_TIM_Base_Start_IT  stm32f4xx_hal_tim.o
    0x08001874   0x08001874   0x000000dc   Code   RO         1899    i.HAL_TIM_ConfigClockSource  stm32f4xx_hal_tim.o
    0x08001950   0x08001950   0x00000002   Code   RO         1924    i.HAL_TIM_IC_CaptureCallback  stm32f4xx_hal_tim.o
    0x08001952   0x08001952   0x00000130   Code   RO         1938    i.HAL_TIM_IRQHandler  stm32f4xx_hal_tim.o
    0x08001a82   0x08001a82   0x00000002   Code   RO         1941    i.HAL_TIM_OC_DelayElapsedCallback  stm32f4xx_hal_tim.o
    0x08001a84   0x08001a84   0x00000002   Code   RO         1968    i.HAL_TIM_PWM_PulseFinishedCallback  stm32f4xx_hal_tim.o
    0x08001a86   0x08001a86   0x0000000e   Code   RO           14    i.HAL_TIM_PeriodElapsedCallback  main.o
    0x08001a94   0x08001a94   0x00000002   Code   RO         1981    i.HAL_TIM_TriggerCallback  stm32f4xx_hal_tim.o
    0x08001a96   0x08001a96   0x00000002   Code   RO          407    i.HardFault_Handler  stm32f4xx_it.o
    0x08001a98   0x08001a98   0x00000008   Code   RO         2954    i.Int16_To_BigEndian  dji_motor_can.o
    0x08001aa0   0x08001aa0   0x0000002c   Code   RO         3309    i.LED_Flash         my_led.o
    0x08001acc   0x08001acc   0x00000044   Code   RO          322    i.MX_CAN1_Init      can.o
    0x08001b10   0x08001b10   0x00000050   Code   RO          256    i.MX_FREERTOS_Init  freertos.o
    0x08001b60   0x08001b60   0x00000070   Code   RO          232    i.MX_GPIO_Init      gpio.o
    0x08001bd0   0x08001bd0   0x00000068   Code   RO          364    i.MX_TIM2_Init      tim.o
    0x08001c38   0x08001c38   0x0000004e   Code   RO         2901    i.MY_CAN_Init       can_part.o
    0x08001c86   0x08001c86   0x00000002   PAD
    0x08001c88   0x08001c88   0x00000068   Code   RO         3212    i.MY_TIM2_Callback  my_time.o
    0x08001cf0   0x08001cf0   0x00000002   Code   RO          408    i.MemManage_Handler  stm32f4xx_it.o
    0x08001cf2   0x08001cf2   0x00000002   PAD
    0x08001cf4   0x08001cf4   0x000000ac   Code   RO         3245    i.Motor_CInit       motor_contral.o
    0x08001da0   0x08001da0   0x0000007c   Code   RO         3246    i.Motor_DJI_Angle_SingleContral  motor_contral.o
    0x08001e1c   0x08001e1c   0x00000100   Code   RO         3152    i.MyMath_cal_output_angle  my_math.o
    0x08001f1c   0x08001f1c   0x00000088   Code   RO         3155    i.MyMath_normalize_m180_to_p180  my_math.o
    0x08001fa4   0x08001fa4   0x00000002   Code   RO          409    i.NMI_Handler       stm32f4xx_it.o
    0x08001fa6   0x08001fa6   0x00000002   PAD
    0x08001fa8   0x08001fa8   0x00000034   Code   RO         3040    i.PID_AngleShortestError  my_pid.o
    0x08001fdc   0x08001fdc   0x0000008a   Code   RO         3047    i.PID_FF_CalcCore   my_pid.o
    0x08002066   0x08002066   0x00000002   PAD
    0x08002068   0x08002068   0x000000e8   Code   RO         3050    i.PID_FF_Calculate_CycleAngle  my_pid.o
    0x08002150   0x08002150   0x00000026   Code   RO         3051    i.PID_FF_Init       my_pid.o
    0x08002176   0x08002176   0x00000002   PAD
    0x08002178   0x08002178   0x0000002c   Code   RO         3052    i.PID_FF_Reset      my_pid.o
    0x080021a4   0x080021a4   0x0000002c   Code   RO         3053    i.PID_Init          my_pid.o
    0x080021d0   0x080021d0   0x00000028   Code   RO          257    i.StartDefaultTask  freertos.o
    0x080021f8   0x080021f8   0x00000058   Code   RO         3328    i.StartRealTime_TASK  uap_freertos.o
    0x08002250   0x08002250   0x00000020   Code   RO         3329    i.Start_DJI_RecieveData  uap_freertos.o
    0x08002270   0x08002270   0x00000018   Code   RO          410    i.SysTick_Handler   stm32f4xx_it.o
    0x08002288   0x08002288   0x00000094   Code   RO           15    i.SystemClock_Config  main.o
    0x0800231c   0x0800231c   0x00000010   Code   RO         2862    i.SystemInit        system_stm32f4xx.o
    0x0800232c   0x0800232c   0x0000000c   Code   RO          411    i.TIM2_IRQHandler   stm32f4xx_it.o
    0x08002338   0x08002338   0x000000d0   Code   RO         1983    i.TIM_Base_SetConfig  stm32f4xx_hal_tim.o
    0x08002408   0x08002408   0x00000014   Code   RO         1994    i.TIM_ETR_SetConfig  stm32f4xx_hal_tim.o
    0x0800241c   0x0800241c   0x00000010   Code   RO         1995    i.TIM_ITRx_SetConfig  stm32f4xx_hal_tim.o
    0x0800242c   0x0800242c   0x00000022   Code   RO         2001    i.TIM_TI1_ConfigInputStage  stm32f4xx_hal_tim.o
    0x0800244e   0x0800244e   0x00000024   Code   RO         2003    i.TIM_TI2_ConfigInputStage  stm32f4xx_hal_tim.o
    0x08002472   0x08002472   0x00000004   Code   RO         3285    i.UAP_Init          uap_init.o
    0x08002476   0x08002476   0x00000002   Code   RO          412    i.UsageFault_Handler  stm32f4xx_it.o
    0x08002478   0x08002478   0x00000020   Code   RO         1498    i.__NVIC_SetPriority  stm32f4xx_hal_cortex.o
    0x08002498   0x08002498   0x00000104   Code   RO         5153    i.__hardfp_fmod     m_wm.l(fmod.o)
    0x0800259c   0x0800259c   0x000000b0   Code   RO         5165    i.__hardfp_fmodf    m_wm.l(fmodf.o)
    0x0800264c   0x0800264c   0x00000004   PAD
    0x08002650   0x08002650   0x00000020   Code   RO         5206    i.__mathlib_dbl_invalid  m_wm.l(dunder.o)
    0x08002670   0x08002670   0x00000010   Code   RO         5220    i.__mathlib_flt_invalid  m_wm.l(funder.o)
    0x08002680   0x08002680   0x0000003c   Code   RO           16    i.main              main.o
    0x080026bc   0x080026bc   0x0000001a   Code   RO         4473    i.osDelay           cmsis_os2.o
    0x080026d6   0x080026d6   0x00000002   PAD
    0x080026d8   0x080026d8   0x00000024   Code   RO         4487    i.osKernelInitialize  cmsis_os2.o
    0x080026fc   0x080026fc   0x00000038   Code   RO         4490    i.osKernelStart     cmsis_os2.o
    0x08002734   0x08002734   0x00000064   Code   RO         4502    i.osMessageQueueGet  cmsis_os2.o
    0x08002798   0x08002798   0x00000058   Code   RO         4507    i.osMessageQueueNew  cmsis_os2.o
    0x080027f0   0x080027f0   0x00000068   Code   RO         4508    i.osMessageQueuePut  cmsis_os2.o
    0x08002858   0x08002858   0x0000008a   Code   RO         4532    i.osThreadNew       cmsis_os2.o
    0x080028e2   0x080028e2   0x00000002   PAD
    0x080028e4   0x080028e4   0x0000005c   Code   RO         3933    i.prvAddCurrentTaskToDelayedList  tasks.o
    0x08002940   0x08002940   0x000000d0   Code   RO         3934    i.prvAddNewTaskToReadyList  tasks.o
    0x08002a10   0x08002a10   0x00000058   Code   RO         4298    i.prvCheckForValidListAndQueue  timers.o
    0x08002a68   0x08002a68   0x00000026   Code   RO         3530    i.prvCopyDataFromQueue  queue.o
    0x08002a8e   0x08002a8e   0x0000006c   Code   RO         3531    i.prvCopyDataToQueue  queue.o
    0x08002afa   0x08002afa   0x00000034   Code   RO         3935    i.prvDeleteTCB      tasks.o
    0x08002b2e   0x08002b2e   0x00000002   PAD
    0x08002b30   0x08002b30   0x0000004c   Code   RO         4979    i.prvHeapInit       heap_4.o
    0x08002b7c   0x08002b7c   0x00000060   Code   RO         3936    i.prvIdleTask       tasks.o
    0x08002bdc   0x08002bdc   0x00000022   Code   RO         3533    i.prvInitialiseNewQueue  queue.o
    0x08002bfe   0x08002bfe   0x00000002   PAD
    0x08002c00   0x08002c00   0x000000b0   Code   RO         3937    i.prvInitialiseNewTask  tasks.o
    0x08002cb0   0x08002cb0   0x0000004c   Code   RO         4980    i.prvInsertBlockIntoFreeList  heap_4.o
    0x08002cfc   0x08002cfc   0x00000038   Code   RO         4300    i.prvInsertTimerInActiveList  timers.o
    0x08002d34   0x08002d34   0x0000001c   Code   RO         3534    i.prvIsQueueEmpty   queue.o
    0x08002d50   0x08002d50   0x000000fc   Code   RO         4301    i.prvProcessReceivedCommands  timers.o
    0x08002e4c   0x08002e4c   0x000000c0   Code   RO         4302    i.prvProcessTimerOrBlockTask  timers.o
    0x08002f0c   0x08002f0c   0x00000020   Code   RO         3939    i.prvResetNextTaskUnblockTime  tasks.o
    0x08002f2c   0x08002f2c   0x00000028   Code   RO         4303    i.prvSampleTimeNow  timers.o
    0x08002f54   0x08002f54   0x0000006c   Code   RO         4304    i.prvSwitchTimerLists  timers.o
    0x08002fc0   0x08002fc0   0x00000028   Code   RO         5035    i.prvTaskExitError  port.o
    0x08002fe8   0x08002fe8   0x00000024   Code   RO         4305    i.prvTimerTask      timers.o
    0x0800300c   0x0800300c   0x0000006a   Code   RO         3535    i.prvUnlockQueue    queue.o
    0x08003076   0x08003076   0x00000002   PAD
    0x08003078   0x08003078   0x000000dc   Code   RO         4981    i.pvPortMalloc      heap_4.o
    0x08003154   0x08003154   0x0000002c   Code   RO         5036    i.pxPortInitialiseStack  port.o
    0x08003180   0x08003180   0x00000026   Code   RO         3490    i.uxListRemove      list.o
    0x080031a6   0x080031a6   0x00000002   PAD
    0x080031a8   0x080031a8   0x00000014   Code   RO         4544    i.vApplicationGetIdleTaskMemory  cmsis_os2.o
    0x080031bc   0x080031bc   0x00000018   Code   RO         4545    i.vApplicationGetTimerTaskMemory  cmsis_os2.o
    0x080031d4   0x080031d4   0x00000016   Code   RO         3491    i.vListInitialise   list.o
    0x080031ea   0x080031ea   0x00000006   Code   RO         3492    i.vListInitialiseItem  list.o
    0x080031f0   0x080031f0   0x00000030   Code   RO         3493    i.vListInsert       list.o
    0x08003220   0x08003220   0x00000018   Code   RO         3494    i.vListInsertEnd    list.o
    0x08003238   0x08003238   0x00000040   Code   RO         5038    i.vPortEnterCritical  port.o
    0x08003278   0x08003278   0x00000028   Code   RO         5039    i.vPortExitCritical  port.o
    0x080032a0   0x080032a0   0x00000064   Code   RO         4982    i.vPortFree         heap_4.o
    0x08003304   0x08003304   0x00000024   Code   RO         5040    i.vPortSetupTimerInterrupt  port.o
    0x08003328   0x08003328   0x00000054   Code   RO         5041    i.vPortValidateInterruptPriority  port.o
    0x0800337c   0x0800337c   0x00000028   Code   RO         3541    i.vQueueAddToRegistry  queue.o
    0x080033a4   0x080033a4   0x00000044   Code   RO         3545    i.vQueueWaitForMessageRestricted  queue.o
    0x080033e8   0x080033e8   0x0000004c   Code   RO         3952    i.vTaskDelay        tasks.o
    0x08003434   0x08003434   0x00000010   Code   RO         3957    i.vTaskInternalSetTimeOutState  tasks.o
    0x08003444   0x08003444   0x0000000c   Code   RO         3958    i.vTaskMissedYield  tasks.o
    0x08003450   0x08003450   0x00000030   Code   RO         3960    i.vTaskPlaceOnEventList  tasks.o
    0x08003480   0x08003480   0x00000038   Code   RO         3961    i.vTaskPlaceOnEventListRestricted  tasks.o
    0x080034b8   0x080034b8   0x00000088   Code   RO         3969    i.vTaskStartScheduler  tasks.o
    0x08003540   0x08003540   0x00000010   Code   RO         3971    i.vTaskSuspendAll   tasks.o
    0x08003550   0x08003550   0x00000064   Code   RO         3972    i.vTaskSwitchContext  tasks.o
    0x080035b4   0x080035b4   0x000000f4   Code   RO         5042    i.xPortStartScheduler  port.o
    0x080036a8   0x080036a8   0x0000002c   Code   RO         5043    i.xPortSysTickHandler  port.o
    0x080036d4   0x080036d4   0x00000042   Code   RO         3550    i.xQueueGenericCreate  queue.o
    0x08003716   0x08003716   0x00000066   Code   RO         3551    i.xQueueGenericCreateStatic  queue.o
    0x0800377c   0x0800377c   0x00000088   Code   RO         3552    i.xQueueGenericReset  queue.o
    0x08003804   0x08003804   0x00000160   Code   RO         3553    i.xQueueGenericSend  queue.o
    0x08003964   0x08003964   0x000000be   Code   RO         3554    i.xQueueGenericSendFromISR  queue.o
    0x08003a22   0x08003a22   0x00000002   PAD
    0x08003a24   0x08003a24   0x00000138   Code   RO         3563    i.xQueueReceive     queue.o
    0x08003b5c   0x08003b5c   0x0000009a   Code   RO         3564    i.xQueueReceiveFromISR  queue.o
    0x08003bf6   0x08003bf6   0x00000002   PAD
    0x08003bf8   0x08003bf8   0x00000074   Code   RO         3974    i.xTaskCheckForTimeOut  tasks.o
    0x08003c6c   0x08003c6c   0x0000005a   Code   RO         3975    i.xTaskCreate       tasks.o
    0x08003cc6   0x08003cc6   0x00000056   Code   RO         3976    i.xTaskCreateStatic  tasks.o
    0x08003d1c   0x08003d1c   0x0000001c   Code   RO         3980    i.xTaskGetSchedulerState  tasks.o
    0x08003d38   0x08003d38   0x0000000c   Code   RO         3981    i.xTaskGetTickCount  tasks.o
    0x08003d44   0x08003d44   0x000000c8   Code   RO         3983    i.xTaskIncrementTick  tasks.o
    0x08003e0c   0x08003e0c   0x00000080   Code   RO         3986    i.xTaskPriorityDisinherit  tasks.o
    0x08003e8c   0x08003e8c   0x00000070   Code   RO         3988    i.xTaskRemoveFromEventList  tasks.o
    0x08003efc   0x08003efc   0x000000c4   Code   RO         3989    i.xTaskResumeAll    tasks.o
    0x08003fc0   0x08003fc0   0x00000060   Code   RO         4314    i.xTimerCreateTimerTask  timers.o
    0x08004020   0x08004020   0x00000068   Code   RO         4315    i.xTimerGenericCommand  timers.o
    0x08004088   0x08004088   0x00000062   Code   RO         5127    x$fpl$d2f           fz_wm.l(d2f.o)
    0x080040ea   0x080040ea   0x00000002   PAD
    0x080040ec   0x080040ec   0x00000150   Code   RO         5129    x$fpl$dadd          fz_wm.l(daddsub_clz.o)
    0x0800423c   0x0800423c   0x00000018   Code   RO         5188    x$fpl$dcmpinf       fz_wm.l(dcmpi.o)
    0x08004254   0x08004254   0x000002b0   Code   RO         5136    x$fpl$ddiv          fz_wm.l(ddiv.o)
    0x08004504   0x08004504   0x0000002e   Code   RO         5140    x$fpl$dflt          fz_wm.l(dflt_clz.o)
    0x08004532   0x08004532   0x00000026   Code   RO         5139    x$fpl$dfltu         fz_wm.l(dflt_clz.o)
    0x08004558   0x08004558   0x00000078   Code   RO         5145    x$fpl$dleqf         fz_wm.l(dleqf.o)
    0x080045d0   0x080045d0   0x0000009c   Code   RO         5190    x$fpl$dnaninf       fz_wm.l(dnaninf.o)
    0x0800466c   0x0800466c   0x00000150   Code   RO         5192    x$fpl$drem          fz_wm.l(drem_clz.o)
    0x080047bc   0x080047bc   0x0000000c   Code   RO         5194    x$fpl$dretinf       fz_wm.l(dretinf.o)
    0x080047c8   0x080047c8   0x0000006c   Code   RO         5149    x$fpl$drleqf        fz_wm.l(drleqf.o)
    0x08004834   0x08004834   0x00000016   Code   RO         5130    x$fpl$drsb          fz_wm.l(daddsub_clz.o)
    0x0800484a   0x0800484a   0x00000002   PAD
    0x0800484c   0x0800484c   0x000001d4   Code   RO         5131    x$fpl$dsub          fz_wm.l(daddsub_clz.o)
    0x08004a20   0x08004a20   0x00000056   Code   RO         5151    x$fpl$f2d           fz_wm.l(f2d.o)
    0x08004a76   0x08004a76   0x0000008c   Code   RO         5196    x$fpl$fnaninf       fz_wm.l(fnaninf.o)
    0x08004b02   0x08004b02   0x0000000a   Code   RO         5338    x$fpl$fpinit        fz_wm.l(fpinit.o)
    0x08004b0c   0x08004b0c   0x000000f4   Code   RO         5198    x$fpl$frem          fz_wm.l(frem_clz.o)
    0x08004c00   0x08004c00   0x0000000a   Code   RO         5200    x$fpl$fretinf       fz_wm.l(fretinf.o)
    0x08004c0a   0x08004c0a   0x00000000   Code   RO         5202    x$fpl$usenofp       fz_wm.l(usenofp.o)
    0x08004c0a   0x08004c0a   0x00000002   PAD
    0x08004c0c   0x08004c0c   0x00000084   Data   RO          266    .constdata          freertos.o
    0x08004c90   0x08004c90   0x00000010   Data   RO         2863    .constdata          system_stm32f4xx.o
    0x08004ca0   0x08004ca0   0x0000003c   Data   RO          267    .conststring        freertos.o
    0x08004cdc   0x08004cdc   0x00000020   Data   RO         5394    Region$$Table       anon$$obj.o


    Execution Region RW_IRAM1 (Exec base: 0x20000000, Load base: 0x08004cfc, Size: 0x000056c8, Max: 0x0001c000, ABSOLUTE)

    Exec Addr    Load Addr    Size         Type   Attr      Idx    E Section Name        Object

    0x20000000   0x08004cfc   0x00000010   Data   RW          268    .data               freertos.o
    0x20000010   0x08004d0c   0x0000000c   Data   RW         1657    .data               stm32f4xx_hal.o
    0x2000001c   0x08004d18   0x00000004   Data   RW         2865    .data               system_stm32f4xx.o
    0x20000020   0x08004d1c   0x00000008   Data   RW         2902    .data               can_part.o
    0x20000028   0x08004d24   0x00000004   Data   RW         3055    .data               my_pid.o
    0x2000002c   0x08004d28   0x00000004   PAD
    0x20000030   0x08004d2c   0x00000018   Data   RW         3156    .data               my_math.o
    0x20000048   0x08004d44   0x00000008   Data   RW         3213    .data               my_time.o
    0x20000050   0x08004d4c   0x00000004   Data   RW         3249    .data               motor_contral.o
    0x20000054   0x08004d50   0x00000004   Data   RW         3310    .data               my_led.o
    0x20000058   0x08004d54   0x0000003c   Data   RW         3992    .data               tasks.o
    0x20000094   0x08004d90   0x00000014   Data   RW         4323    .data               timers.o
    0x200000a8   0x08004da4   0x00000004   Data   RW         4547    .data               cmsis_os2.o
    0x200000ac   0x08004da8   0x00000020   Data   RW         4988    .data               heap_4.o
    0x200000cc   0x08004dc8   0x0000000c   Data   RW         5044    .data               port.o
    0x200000d8        -       0x00000200   Zero   RW          260    .bss                freertos.o
    0x200002d8        -       0x0000005c   Zero   RW          261    .bss                freertos.o
    0x20000334        -       0x00000200   Zero   RW          262    .bss                freertos.o
    0x20000534        -       0x0000005c   Zero   RW          263    .bss                freertos.o
    0x20000590        -       0x0000000a   Zero   RW          264    .bss                freertos.o
    0x2000059a   0x08004dd4   0x00000002   PAD
    0x2000059c        -       0x00000050   Zero   RW          265    .bss                freertos.o
    0x200005ec        -       0x00000028   Zero   RW          323    .bss                can.o
    0x20000614        -       0x00000048   Zero   RW          365    .bss                tim.o
    0x2000065c        -       0x00000080   Zero   RW         2955    .bss                dji_motor_can.o
    0x200006dc        -       0x000000a8   Zero   RW         3248    .bss                motor_contral.o
    0x20000784        -       0x00000010   Zero   RW         3330    .bss                uap_freertos.o
    0x20000794        -       0x00000040   Zero   RW         3567    .bss                queue.o
    0x200007d4        -       0x000004c4   Zero   RW         3991    .bss                tasks.o
    0x20000c98        -       0x00000118   Zero   RW         4322    .bss                timers.o
    0x20000db0        -       0x000006b8   Zero   RW         4546    .bss                cmsis_os2.o
    0x20001468        -       0x00003c00   Zero   RW         4987    .bss                heap_4.o
    0x20005068        -       0x00000060   Zero   RW         5254    .bss                c_w.l(libspace.o)
    0x200050c8        -       0x00000200   Zero   RW            2    HEAP                startup_stm32f407xx.o
    0x200052c8        -       0x00000400   Zero   RW            1    STACK               startup_stm32f407xx.o


    Execution Region RW_IRAM2 (Exec base: 0x2001c000, Load base: 0x08004dd4, Size: 0x00000000, Max: 0x00004000, ABSOLUTE)

    **** No section assigned to this execution region ****


==============================================================================

Image component sizes


      Code (inc. data)   RO Data    RW Data    ZI Data      Debug   Object Name

       188         22          0          0         40       1789   can.o
       176         10          0          8          0       2473   can_part.o
       592         30          0          4       1720      68193   cmsis_os2.o
       160         12          0          0        128       3928   dji_motor_can.o
         0          0          0          0          0      18112   event_groups.o
       120         24        192         16       1298       2744   freertos.o
       112         10          0          0          0        963   gpio.o
       472         24          0         32      15360       5019   heap_4.o
       138          0          0          0          0       3698   list.o
       226         18          0          0          0     716946   main.o
       296         46          0          4        168       1634   motor_contral.o
        44          6          0          4          0        680   my_led.o
       392         42          0         24          0       2373   my_math.o
       548         42          0          4          0       8071   my_pid.o
       104         24          0          8          0        823   my_time.o
       786         82          0         12          0      11777   port.o
      1734         20          0          0         64      20317   queue.o
        64         26        392          0       1536        868   startup_stm32f407xx.o
       144         24          0         12          0       8933   stm32f4xx_hal.o
      1682          6          0          0          0      15541   stm32f4xx_hal_can.o
       198         14          0          0          0      33971   stm32f4xx_hal_cortex.o
       506         46          0          0          0       2264   stm32f4xx_hal_gpio.o
        56          4          0          0          0        914   stm32f4xx_hal_msp.o
      1284         52          0          0          0       4158   stm32f4xx_hal_rcc.o
      1064         72          0          0          0      10645   stm32f4xx_hal_tim.o
       148         28          0          0          0       2577   stm32f4xx_hal_tim_ex.o
        60         12          0          0          0       4459   stm32f4xx_it.o
         0          0          0          0          0        428   stream_buffer.o
        16          4         16          4          0       1199   system_stm32f4xx.o
      2084        168          0         60       1220      27516   tasks.o
       160         12          0          0         72       1790   tim.o
       972         80          0         20        280      32559   timers.o
       120         20          0          0         16       1489   uap_freertos.o
         4          0          0          0          0        471   uap_init.o

    ----------------------------------------------------------------------
     14690        980        632        216      21904    1019322   Object Totals
         0          0         32          0          0          0   (incl. Generated)
        40          0          0          4          2          0   (incl. Padding)

    ----------------------------------------------------------------------

      Code (inc. data)   RO Data    RW Data    ZI Data      Debug   Library Member Name

         8          0          0          0          0         68   __main.o
         0          0          0          0          0          0   __rtentry.o
        12          0          0          0          0          0   __rtentry2.o
         6          0          0          0          0          0   __rtentry4.o
        52          8          0          0          0          0   __scatter.o
        26          0          0          0          0          0   __scatter_copy.o
        28          0          0          0          0          0   __scatter_zi.o
        22          0          0          0          0        100   _rserrno.o
        16          0          0          0          0         68   aeabi_memset.o
        18          0          0          0          0         80   exit.o
         6          0          0          0          0        152   heapauxi.o
         0          0          0          0          0          0   indicate_semi.o
         2          0          0          0          0          0   libinit.o
         6          0          0          0          0          0   libinit2.o
         2          0          0          0          0          0   libshutdown.o
         2          0          0          0          0          0   libshutdown2.o
         8          4          0          0         96         68   libspace.o
       238          0          0          0          0        100   lludivv7m.o
         8          4          0          0          0         68   rt_errno_addr_intlibspace.o
        68          0          0          0          0         68   rt_memclr.o
        78          0          0          0          0         80   rt_memclr_w.o
       138          0          0          0          0         68   rt_memcpy_v6.o
       100          0          0          0          0         80   rt_memcpy_w.o
         2          0          0          0          0          0   rtexit.o
        10          0          0          0          0          0   rtexit2.o
        12          4          0          0          0         68   sys_exit.o
        74          0          0          0          0         80   sys_stackheap_outer.o
         2          0          0          0          0         68   use_no_semi.o
        98          4          0          0          0        140   d2f.o
       826         16          0          0          0        492   daddsub_clz.o
        24          0          0          0          0        116   dcmpi.o
       688        140          0          0          0        256   ddiv.o
        84          0          0          0          0        232   dflt_clz.o
       120          4          0          0          0        140   dleqf.o
       156          4          0          0          0        140   dnaninf.o
       336         12          0          0          0        136   drem_clz.o
        12          0          0          0          0        116   dretinf.o
       108          0          0          0          0        128   drleqf.o
        86          4          0          0          0        132   f2d.o
       140          4          0          0          0        132   fnaninf.o
        10          0          0          0          0        116   fpinit.o
       244          8          0          0          0        132   frem_clz.o
        10          0          0          0          0        116   fretinf.o
         0          0          0          0          0          0   usenofp.o
        32          8          0          0          0        124   dunder.o
       260          6          0          0          0        144   fmod.o
       176          0          0          0          0        168   fmodf.o
        16          6          0          0          0        116   funder.o

    ----------------------------------------------------------------------
      4386        236          0          0         96       4292   Library Totals
        16          0          0          0          0          0   (incl. Padding)

    ----------------------------------------------------------------------

      Code (inc. data)   RO Data    RW Data    ZI Data      Debug   Library Name

       944         20          0          0         96       1216   c_w.l
      2942        196          0          0          0       2524   fz_wm.l
       484         20          0          0          0        552   m_wm.l

    ----------------------------------------------------------------------
      4386        236          0          0         96       4292   Library Totals

    ----------------------------------------------------------------------

==============================================================================


      Code (inc. data)   RO Data    RW Data    ZI Data      Debug   

     19076       1216        632        216      22000    1005442   Grand Totals
     19076       1216        632        216      22000    1005442   ELF Image Totals
     19076       1216        632        216          0          0   ROM Totals

==============================================================================

    Total RO  Size (Code + RO Data)                19708 (  19.25kB)
    Total RW  Size (RW Data + ZI Data)             22216 (  21.70kB)
    Total ROM Size (Code + RO Data + RW Data)      19924 (  19.46kB)

==============================================================================

