<html>
<body>
<pre>
<h1>礦ision Build Log</h1>
<h2>Tool Versions:</h2>
IDE-Version: μVision V5.24.2.0
Copyright (C) 2017 ARM Ltd and ARM Germany GmbH. All rights reserved.
License Information: s 3363997071@qq.com, s, LIC=X96CK-Z8LZA-IIG5V-P44X0-UAXNF-QQDIA
 
Tool Versions:
Toolchain:       MDK-ARM Plus  Version: 5.24.1
Toolchain Path:  D:\A_Study & Work\STM32\Keil5\ARM\ARMCC\Bin
C Compiler:      Armcc.exe V5.06 update 5 (build 528)
Assembler:       Armasm.exe V5.06 update 5 (build 528)
Linker/Locator:  ArmLink.exe V5.06 update 5 (build 528)
Library Manager: ArmAr.exe V5.06 update 5 (build 528)
Hex Converter:   FromElf.exe V5.06 update 5 (build 528)
CPU DLL:         SARMCM3.DLL V5.24.1
Dialog DLL:      DCM.DLL V1.16.0.0
Target DLL:      CMSIS_AGDI.dll V1.28.3.0
Dialog DLL:      TCM.DLL V1.32.0.0
 
<h2>Project:</h2>
D:\A_Code_GitHub\My_STM32_Code_Free\My_STM32_Codes\DT46_Hero_26\DJIC_DT46_Hero26\MDK-ARM\BaseMood.uvprojx
Project File Date:  04/22/2026

<h2>Output:</h2>
*** Using Compiler 'V5.06 update 5 (build 528)', folder: 'D:\A_Study & Work\STM32\Keil5\ARM\ARMCC\Bin'
Build target 'BaseMood'
compiling HERO_DriveSystem.c...
HERO_Application\HERO_DriveSystem.c(37): warning:  #550-D: variable "remain_HEROSystemTask"  was set but never used
  static UBaseType_t remain_HEROSystemTask;
HERO_Application\HERO_DriveSystem.c(48): warning:  #550-D: variable "remain_HEROChassisTask"  was set but never used
  static UBaseType_t remain_HEROChassisTask;
HERO_Application\HERO_DriveSystem.c(77): warning:  #550-D: variable "remain_HEROGimbalTask"  was set but never used
  static UBaseType_t remain_HEROGimbalTask;
HERO_Application\HERO_DriveSystem.c(113): warning:  #550-D: variable "remain_HEROShootingTask"  was set but never used
  static UBaseType_t remain_HEROShootingTask;
HERO_Application\HERO_DriveSystem.c(142): warning:  #550-D: variable "remain_HERODialTask"  was set but never used
  static UBaseType_t remain_HERODialTask;
HERO_Application\HERO_DriveSystem.c: 5 warnings, 0 errors
compiling UAP_FreeRTOS.c...
UserAppliction\UAP_FreeRTOS.c(57): warning:  #550-D: variable "system_allowed"  was set but never used
  	 uint8_t  system_allowed     = 0;    // 【关键】是否允许运行
UserAppliction\UAP_FreeRTOS.c(58): warning:  #177-D: variable "power_on_lock_time"  was declared but never referenced
  	 uint32_t power_on_lock_time = 0;    // 上电延时等SBUS
UserAppliction\UAP_FreeRTOS.c(49): warning:  #550-D: variable "remain_StartRealTime_TASK"  was set but never used
  static UBaseType_t remain_StartRealTime_TASK;
UserAppliction\UAP_FreeRTOS.c(108): warning:  #550-D: variable "Start_DJI_RecieveData_TASK"  was set but never used
  static UBaseType_t Start_DJI_RecieveData_TASK;
UserAppliction\UAP_FreeRTOS.c: 4 warnings, 0 errors
compiling UAP_Init.c...
compiling DJI_Motor_Contral.c...
UserAppliction\DJI_Motor_Contral.c(43): warning:  #177-D: variable "board_id"  was declared but never referenced
  	uint8_t board_id = BOARD_ID; 
UserAppliction\DJI_Motor_Contral.c: 1 warning, 0 errors
compiling Dual_board_Transmit.c...
UserDrive\Dual_board_Transmit.c(14): warning:  #550-D: variable "remain_DBTT"  was set but never used
  static UBaseType_t remain_DBTT;
UserDrive\Dual_board_Transmit.c: 1 warning, 0 errors
compiling User_CanCallBack.c...
UserCallBack\User_CanCallBack.c(27): warning:  #177-D: function "FloatToBytes"  was declared but never referenced
  static void FloatToBytes(float value, uint8_t* bytes) {
UserCallBack\User_CanCallBack.c: 1 warning, 0 errors
compiling MY_Time.c...
UserAppliction\MY_Time.c(28): warning:  #188-D: enumerated type mixed with another type
  	HAL_GPIO_WritePin(
ED_R_GPIO_Port,
ED_R_Pin,LED_Flash(100,1));
UserAppliction\MY_Time.c: 1 warning, 0 errors
compiling freertos.c...
../Core/Src/freertos.c(262): warning:  #167-D: argument of type "void (*)(const void *)" is incompatible with parameter of type "osThreadFunc_t"
    imuTaskHandle = osThreadNew(INS_task, 
ULL, &imuTask_attributes);
../Core/Src/freertos.c(265): warning:  #167-D: argument of type "void (*)(const void *)" is incompatible with parameter of type "osThreadFunc_t"
    buzrHandle = osThreadNew(buzzer_effects_task, 
ULL, &buzr_attributes);
../Core/Src/freertos.c: 2 warnings, 0 errors
compiling main.c...
linking...
Program Size: Code=52152 RO-data=1416 RW-data=500 ZI-data=29020  
FromELF: creating hex file...
"BaseMood\BaseMood.axf" - 0 Error(s), 15 Warning(s).

<h2>Software Packages used:</h2>

Package Vendor: ARM
                http://www.keil.com/pack/ARM.CMSIS.5.9.0.pack
                ARM.CMSIS.5.9.0
                CMSIS (Common Microcontroller Software Interface Standard)
   * Component: CORE Version: 5.6.0

Package Vendor: Keil
                http://www.keil.com/pack/Keil.STM32F4xx_DFP.2.15.0.pack
                Keil.STM32F4xx_DFP.2.15.0
                STMicroelectronics STM32F4 Series Device Support, Drivers and Examples

<h2>Collection of Component include folders:</h2>
  .\RTE\_BaseMood
  D:\A_Study & Work\STM32\Keil5\ARM\PACK\ARM\CMSIS\5.9.0\CMSIS\Core\Include
  D:\A_Study & Work\STM32\Keil5\ARM\PACK\Keil\STM32F4xx_DFP\2.15.0\Drivers\CMSIS\Device\ST\STM32F4xx\Include

<h2>Collection of Component Files used:</h2>

   * Component: ARM::CMSIS:CORE:5.6.0
      Include file:  CMSIS\Core\Include\tz_context.h
Build Time Elapsed:  00:00:05
</pre>
</body>
</html>
