Component: ARM Compiler 5.06 update 5 (build 528) Tool: armlink [4d35e2]

==============================================================================

Section Cross References

    startup_stm32f407xx.o(STACK) refers (Special) to heapauxi.o(.text) for __use_two_region_memory
    startup_stm32f407xx.o(HEAP) refers (Special) to heapauxi.o(.text) for __use_two_region_memory
    startup_stm32f407xx.o(RESET) refers (Special) to heapauxi.o(.text) for __use_two_region_memory
    startup_stm32f407xx.o(RESET) refers to startup_stm32f407xx.o(STACK) for __initial_sp
    startup_stm32f407xx.o(RESET) refers to startup_stm32f407xx.o(.text) for Reset_Handler
    startup_stm32f407xx.o(RESET) refers to stm32f4xx_it.o(i.NMI_Handler) for NMI_Handler
    startup_stm32f407xx.o(RESET) refers to stm32f4xx_it.o(i.HardFault_Handler) for HardFault_Handler
    startup_stm32f407xx.o(RESET) refers to stm32f4xx_it.o(i.MemManage_Handler) for MemManage_Handler
    startup_stm32f407xx.o(RESET) refers to stm32f4xx_it.o(i.BusFault_Handler) for BusFault_Handler
    startup_stm32f407xx.o(RESET) refers to stm32f4xx_it.o(i.UsageFault_Handler) for UsageFault_Handler
    startup_stm32f407xx.o(RESET) refers to port.o(.emb_text) for SVC_Handler
    startup_stm32f407xx.o(RESET) refers to stm32f4xx_it.o(i.DebugMon_Handler) for DebugMon_Handler
    startup_stm32f407xx.o(RESET) refers to cmsis_os2.o(i.SysTick_Handler) for SysTick_Handler
    startup_stm32f407xx.o(RESET) refers to stm32f4xx_it.o(i.EXTI0_IRQHandler) for EXTI0_IRQHandler
    startup_stm32f407xx.o(RESET) refers to stm32f4xx_it.o(i.EXTI3_IRQHandler) for EXTI3_IRQHandler
    startup_stm32f407xx.o(RESET) refers to stm32f4xx_it.o(i.EXTI4_IRQHandler) for EXTI4_IRQHandler
    startup_stm32f407xx.o(RESET) refers to stm32f4xx_it.o(i.DMA1_Stream1_IRQHandler) for DMA1_Stream1_IRQHandler
    startup_stm32f407xx.o(RESET) refers to stm32f4xx_it.o(i.CAN1_RX0_IRQHandler) for CAN1_RX0_IRQHandler
    startup_stm32f407xx.o(RESET) refers to stm32f4xx_it.o(i.CAN1_RX1_IRQHandler) for CAN1_RX1_IRQHandler
    startup_stm32f407xx.o(RESET) refers to stm32f4xx_it.o(i.EXTI9_5_IRQHandler) for EXTI9_5_IRQHandler
    startup_stm32f407xx.o(RESET) refers to stm32f4xx_it.o(i.TIM2_IRQHandler) for TIM2_IRQHandler
    startup_stm32f407xx.o(RESET) refers to stm32f4xx_it.o(i.USART3_IRQHandler) for USART3_IRQHandler
    startup_stm32f407xx.o(RESET) refers to ins_task.o(i.DMA2_Stream2_IRQHandler) for DMA2_Stream2_IRQHandler
    startup_stm32f407xx.o(RESET) refers to stm32f4xx_it.o(i.CAN2_RX0_IRQHandler) for CAN2_RX0_IRQHandler
    startup_stm32f407xx.o(RESET) refers to stm32f4xx_it.o(i.CAN2_RX1_IRQHandler) for CAN2_RX1_IRQHandler
    startup_stm32f407xx.o(.text) refers (Special) to heapauxi.o(.text) for __use_two_region_memory
    startup_stm32f407xx.o(.text) refers to system_stm32f4xx.o(i.SystemInit) for SystemInit
    startup_stm32f407xx.o(.text) refers to __main.o(!!!main) for __main
    startup_stm32f407xx.o(.text) refers to startup_stm32f407xx.o(HEAP) for Heap_Mem
    startup_stm32f407xx.o(.text) refers to startup_stm32f407xx.o(STACK) for Stack_Mem
    main.o(i.HAL_TIM_PeriodElapsedCallback) refers to stm32f4xx_hal.o(i.HAL_IncTick) for HAL_IncTick
    main.o(i.SystemClock_Config) refers to rt_memclr_w.o(.text) for __aeabi_memclr4
    main.o(i.SystemClock_Config) refers to stm32f4xx_hal_rcc.o(i.HAL_RCC_OscConfig) for HAL_RCC_OscConfig
    main.o(i.SystemClock_Config) refers to stm32f4xx_hal_rcc.o(i.HAL_RCC_ClockConfig) for HAL_RCC_ClockConfig
    main.o(i.main) refers to stm32f4xx_hal.o(i.HAL_Init) for HAL_Init
    main.o(i.main) refers to main.o(i.SystemClock_Config) for SystemClock_Config
    main.o(i.main) refers to gpio.o(i.MX_GPIO_Init) for MX_GPIO_Init
    main.o(i.main) refers to dma.o(i.MX_DMA_Init) for MX_DMA_Init
    main.o(i.main) refers to can.o(i.MX_CAN1_Init) for MX_CAN1_Init
    main.o(i.main) refers to can.o(i.MX_CAN2_Init) for MX_CAN2_Init
    main.o(i.main) refers to spi.o(i.MX_SPI1_Init) for MX_SPI1_Init
    main.o(i.main) refers to i2c.o(i.MX_I2C3_Init) for MX_I2C3_Init
    main.o(i.main) refers to tim.o(i.MX_TIM10_Init) for MX_TIM10_Init
    main.o(i.main) refers to usart.o(i.MX_USART3_UART_Init) for MX_USART3_UART_Init
    main.o(i.main) refers to bsp_delay.o(i.delay_init) for delay_init
    main.o(i.main) refers to uap_init.o(i.UAP_Init) for UAP_Init
    main.o(i.main) refers to cmsis_os2.o(i.osKernelInitialize) for osKernelInitialize
    main.o(i.main) refers to freertos.o(i.MX_FREERTOS_Init) for MX_FREERTOS_Init
    main.o(i.main) refers to cmsis_os2.o(i.osKernelStart) for osKernelStart
    gpio.o(i.MX_GPIO_Init) refers to rt_memclr_w.o(.text) for __aeabi_memclr4
    gpio.o(i.MX_GPIO_Init) refers to stm32f4xx_hal_gpio.o(i.HAL_GPIO_WritePin) for HAL_GPIO_WritePin
    gpio.o(i.MX_GPIO_Init) refers to stm32f4xx_hal_gpio.o(i.HAL_GPIO_Init) for HAL_GPIO_Init
[...]
    vPortValidateInterruptPriority           0x0800b271   Thumb Code    74  port.o(i.vPortValidateInterruptPriority)
    vQueueAddToRegistry                      0x0800b2c5   Thumb Code    34  queue.o(i.vQueueAddToRegistry)
    vQueueWaitForMessageRestricted           0x0800b2ed   Thumb Code    68  queue.o(i.vQueueWaitForMessageRestricted)
    vTaskDelay                               0x0800b331   Thumb Code    66  tasks.o(i.vTaskDelay)
    vTaskDelete                              0x0800b37d   Thumb Code   130  tasks.o(i.vTaskDelete)
    vTaskInternalSetTimeOutState             0x0800b40d   Thumb Code    12  tasks.o(i.vTaskInternalSetTimeOutState)
    vTaskMissedYield                         0x0800b41d   Thumb Code     8  tasks.o(i.vTaskMissedYield)
    vTaskNotifyGiveFromISR                   0x0800b429   Thumb Code   162  tasks.o(i.vTaskNotifyGiveFromISR)
    vTaskPlaceOnEventList                    0x0800b4d9   Thumb Code    44  tasks.o(i.vTaskPlaceOnEventList)
    vTaskPlaceOnEventListRestricted          0x0800b509   Thumb Code    52  tasks.o(i.vTaskPlaceOnEventListRestricted)
    vTaskStartScheduler                      0x0800b541   Thumb Code   118  tasks.o(i.vTaskStartScheduler)
    vTaskSuspendAll                          0x0800b5c9   Thumb Code    10  tasks.o(i.vTaskSuspendAll)
    vTaskSwitchContext                       0x0800b5d9   Thumb Code    90  tasks.o(i.vTaskSwitchContext)
    xPortStartScheduler                      0x0800b63d   Thumb Code   222  port.o(i.xPortStartScheduler)
    xPortSysTickHandler                      0x0800b731   Thumb Code    38  port.o(i.xPortSysTickHandler)
    xQueueGenericCreate                      0x0800b75d   Thumb Code    66  queue.o(i.xQueueGenericCreate)
    xQueueGenericCreateStatic                0x0800b79f   Thumb Code   102  queue.o(i.xQueueGenericCreateStatic)
    xQueueGenericReset                       0x0800b805   Thumb Code   132  queue.o(i.xQueueGenericReset)
    xQueueGenericSend                        0x0800b88d   Thumb Code   346  queue.o(i.xQueueGenericSend)
    xQueueGenericSendFromISR                 0x0800b9ed   Thumb Code   190  queue.o(i.xQueueGenericSendFromISR)
    xQueueReceive                            0x0800baad   Thumb Code   308  queue.o(i.xQueueReceive)
    xTaskCheckForTimeOut                     0x0800bbe5   Thumb Code   132  tasks.o(i.xTaskCheckForTimeOut)
    xTaskCreate                              0x0800bc6d   Thumb Code    90  tasks.o(i.xTaskCreate)
    xTaskCreateStatic                        0x0800bcc7   Thumb Code    86  tasks.o(i.xTaskCreateStatic)
    xTaskGetHandle                           0x0800bd1d   Thumb Code   122  tasks.o(i.xTaskGetHandle)
    xTaskGetSchedulerState                   0x0800bda5   Thumb Code    22  tasks.o(i.xTaskGetSchedulerState)
    xTaskGetTickCount                        0x0800bdc1   Thumb Code     6  tasks.o(i.xTaskGetTickCount)
    xTaskIncrementTick                       0x0800bdcd   Thumb Code   192  tasks.o(i.xTaskIncrementTick)
    xTaskPriorityDisinherit                  0x0800be95   Thumb Code   118  tasks.o(i.xTaskPriorityDisinherit)
    xTaskRemoveFromEventList                 0x0800bf15   Thumb Code    98  tasks.o(i.xTaskRemoveFromEventList)
    xTaskResumeAll                           0x0800bf85   Thumb Code   182  tasks.o(i.xTaskResumeAll)
    xTimerCreateTimerTask                    0x0800c049   Thumb Code    78  timers.o(i.xTimerCreateTimerTask)
    xTimerGenericCommand                     0x0800c0a9   Thumb Code    98  timers.o(i.xTimerGenericCommand)
    __aeabi_dneg                             0x0800c111   Thumb Code     0  basic.o(x$fpl$basic)
    _dneg                                    0x0800c111   Thumb Code     6  basic.o(x$fpl$basic)
    __aeabi_fneg                             0x0800c117   Thumb Code     0  basic.o(x$fpl$basic)
    _fneg                                    0x0800c117   Thumb Code     6  basic.o(x$fpl$basic)
    _dabs                                    0x0800c11d   Thumb Code     6  basic.o(x$fpl$basic)
    _fabs                                    0x0800c123   Thumb Code     6  basic.o(x$fpl$basic)
    __aeabi_d2f                              0x0800c129   Thumb Code     0  d2f.o(x$fpl$d2f)
    _d2f                                     0x0800c129   Thumb Code    98  d2f.o(x$fpl$d2f)
    __aeabi_dadd                             0x0800c18d   Thumb Code     0  daddsub_clz.o(x$fpl$dadd)
    _dadd                                    0x0800c18d   Thumb Code   332  daddsub_clz.o(x$fpl$dadd)
    __fpl_dcmp_Inf                           0x0800c2dd   Thumb Code    24  dcmpi.o(x$fpl$dcmpinf)
    __aeabi_ddiv                             0x0800c2f5   Thumb Code     0  ddiv.o(x$fpl$ddiv)
    _ddiv                                    0x0800c2f5   Thumb Code   552  ddiv.o(x$fpl$ddiv)
    __aeabi_d2iz                             0x0800c5a5   Thumb Code     0  dfix.o(x$fpl$dfix)
    _dfix                                    0x0800c5a5   Thumb Code    94  dfix.o(x$fpl$dfix)
    __aeabi_i2d                              0x0800c603   Thumb Code     0  dflt_clz.o(x$fpl$dflt)
    _dflt                                    0x0800c603   Thumb Code    46  dflt_clz.o(x$fpl$dflt)
    __aeabi_ui2d                             0x0800c631   Thumb Code     0  dflt_clz.o(x$fpl$dfltu)
    _dfltu                                   0x0800c631   Thumb Code    38  dflt_clz.o(x$fpl$dfltu)
    __aeabi_cdcmple                          0x0800c659   Thumb Code     0  dleqf.o(x$fpl$dleqf)
    _dcmple                                  0x0800c659   Thumb Code   120  dleqf.o(x$fpl$dleqf)
    __fpl_dcmple_InfNaN                      0x0800c6bb   Thumb Code     0  dleqf.o(x$fpl$dleqf)
    __aeabi_dmul                             0x0800c6d1   Thumb Code     0  dmul.o(x$fpl$dmul)
    _dmul                                    0x0800c6d1   Thumb Code   332  dmul.o(x$fpl$dmul)
    __fpl_dnaninf                            0x0800c825   Thumb Code   156  dnaninf.o(x$fpl$dnaninf)
    _drem                                    0x0800c8c1   Thumb Code   328  drem_clz.o(x$fpl$drem)
    __fpl_dretinf                            0x0800ca11   Thumb Code    12  dretinf.o(x$fpl$dretinf)
    __aeabi_cdrcmple                         0x0800ca1d   Thumb Code     0  drleqf.o(x$fpl$drleqf)
    _drcmple                                 0x0800ca1d   Thumb Code   108  drleqf.o(x$fpl$drleqf)
    __aeabi_drsub                            0x0800ca89   Thumb Code     0  daddsub_clz.o(x$fpl$drsb)
    _drsb                                    0x0800ca89   Thumb Code    22  daddsub_clz.o(x$fpl$drsb)
    __aeabi_dsub                             0x0800caa1   Thumb Code     0  daddsub_clz.o(x$fpl$dsub)
    _dsub                                    0x0800caa1   Thumb Code   464  daddsub_clz.o(x$fpl$dsub)
    __aeabi_f2d                              0x0800cc75   Thumb Code     0  f2d.o(x$fpl$f2d)
    _f2d                                     0x0800cc75   Thumb Code    86  f2d.o(x$fpl$f2d)
    __fpl_fnaninf                            0x0800cccb   Thumb Code   140  fnaninf.o(x$fpl$fnaninf)
    _fp_init                                 0x0800cd57   Thumb Code    10  fpinit.o(x$fpl$fpinit)
    __fplib_config_fpu_vfp                   0x0800cd5f   Thumb Code     0  fpinit.o(x$fpl$fpinit)
    __fplib_config_pureend_doubles           0x0800cd5f   Thumb Code     0  fpinit.o(x$fpl$fpinit)
    _frem                                    0x0800cd61   Thumb Code   240  frem_clz.o(x$fpl$frem)
    __fpl_fretinf                            0x0800ce55   Thumb Code    10  fretinf.o(x$fpl$fretinf)
    __I$use$fp                               0x0800ce5e   Number         0  usenofp.o(x$fpl$usenofp)
    defaultTask_attributes                   0x0800ce60   Data          36  freertos.o(.constdata)
    RealTime_TASK_attributes                 0x0800ce84   Data          36  freertos.o(.constdata)
    DJI_RecieveData_attributes               0x0800cea8   Data          36  freertos.o(.constdata)
    imuTask_attributes                       0x0800cecc   Data          36  freertos.o(.constdata)
    buzr_attributes                          0x0800cef0   Data          36  freertos.o(.constdata)
    DualBoard_attributes                     0x0800cf14   Data          36  freertos.o(.constdata)
    HEROChassis_attributes                   0x0800cf38   Data          36  freertos.o(.constdata)
    HEROGimbal_attributes                    0x0800cf5c   Data          36  freertos.o(.constdata)
    HEROShooting_attributes                  0x0800cf80   Data          36  freertos.o(.constdata)
    HEROSystem_attributes                    0x0800cfa4   Data          36  freertos.o(.constdata)
    HERODial_attributes                      0x0800cfc8   Data          36  freertos.o(.constdata)
    Queue_DJI_MD_attributes                  0x0800cfec   Data          24  freertos.o(.constdata)
    g_CAN2_Queue_attributes                  0x0800d004   Data          24  freertos.o(.constdata)
    AHBPrescTable                            0x0800d024   Data          16  system_stm32f4xx.o(.constdata)
    APBPrescTable                            0x0800d034   Data           8  system_stm32f4xx.o(.constdata)
    Region$$Table$$Base                      0x0800d240   Number         0  anon$$obj.o(Region$$Table)
    Region$$Table$$Limit                     0x0800d260   Number         0  anon$$obj.o(Region$$Table)
    defaultTaskHandle                        0x20000000   Data           4  freertos.o(.data)
    RealTime_TASKHandle                      0x20000004   Data           4  freertos.o(.data)
    DJI_RecieveDataHandle                    0x20000008   Data           4  freertos.o(.data)
    imuTaskHandle                            0x2000000c   Data           4  freertos.o(.data)
    buzrHandle                               0x20000010   Data           4  freertos.o(.data)
    DualBoardHandle                          0x20000014   Data           4  freertos.o(.data)
    HEROChassisHandle                        0x20000018   Data           4  freertos.o(.data)
    HEROGimbalHandle                         0x2000001c   Data           4  freertos.o(.data)
    HEROShootingHandle                       0x20000020   Data           4  freertos.o(.data)
    HEROSystemHandle                         0x20000024   Data           4  freertos.o(.data)
    HERODialHandle                           0x20000028   Data           4  freertos.o(.data)
    Queue_DJI_MDHandle                       0x2000002c   Data           4  freertos.o(.data)
    g_CAN2_QueueHandle                       0x20000030   Data           4  freertos.o(.data)
    uwTickFreq                               0x20000038   Data           1  stm32f4xx_hal.o(.data)
    uwTickPrio                               0x2000003c   Data           4  stm32f4xx_hal.o(.data)
    uwTick                                   0x20000040   Data           4  stm32f4xx_hal.o(.data)
    SystemCoreClock                          0x20000044   Data           4  system_stm32f4xx.o(.data)
    pxCurrentTCB                             0x20000048   Data           4  tasks.o(.data)
    BMI088_ACCEL_SEN                         0x200000c8   Data           4  bmi088driver.o(.data)
    BMI088_GYRO_SEN                          0x200000cc   Data           4  bmi088driver.o(.data)
    gyro_update_flag                         0x200000fc   Data           1  ins_task.o(.data)
    accel_update_flag                        0x200000fd   Data           1  ins_task.o(.data)
    accel_temp_update_flag                   0x200000fe   Data           1  ins_task.o(.data)
    mag_update_flag                          0x200000ff   Data           1  ins_task.o(.data)
    imu_start_dma_flag                       0x20000100   Data           1  ins_task.o(.data)
    accel_temp_dma_tx_buf                    0x20000103   Data           4  ins_task.o(.data)
    accel_temp_dma_rx_buf                    0x20000110   Data           4  ins_task.o(.data)
    IMU_Yaw                                  0x20000114   Data           4  ins_task.o(.data)
    IMU_Pitch                                0x20000118   Data           4  ins_task.o(.data)
    gyro_dma_tx_buf                          0x2000011c   Data           8  ins_task.o(.data)
    gyro_dma_rx_buf                          0x20000124   Data           8  ins_task.o(.data)
    accel_dma_tx_buf                         0x2000012c   Data           9  ins_task.o(.data)
    gyro_scale_factor                        0x20000138   Data          36  ins_task.o(.data)
    accel_scale_factor                       0x2000015c   Data          36  ins_task.o(.data)
    mag_scale_factor                         0x20000180   Data          36  ins_task.o(.data)
    buzzer_is_busy                           0x200001a4   Data           1  sound_effects_task.o(.data)
    buzzer_control                           0x200001a8   Data           8  sound_effects_task.o(.data)
    ff_value                                 0x200001b8   Data           4  my_pid.o(.data)
    g_motor_run_enable                       0x200001bc   Data           1  uap_freertos.o(.data)
    last_switch                              0x200001bd   Data           1  uap_freertos.o(.data)
    RealTime_TASKBuffer                      0x200001f4   Data         512  freertos.o(.bss)
    RealTime_TASKControlBlock                0x200003f4   Data          92  freertos.o(.bss)
    DJI_RecieveDataBuffer                    0x20000450   Data         512  freertos.o(.bss)
    DJI_RecieveDataControlBlock              0x20000650   Data          92  freertos.o(.bss)
    Dual_Board_TranBuffer                    0x200006ac   Data        1024  freertos.o(.bss)
    Dual_Board_TranControlBlock              0x20000aac   Data          92  freertos.o(.bss)
    HERO_DriveSysteBuffer                    0x20000b08   Data         512  freertos.o(.bss)
    HERO_DriveSysteControlBlock              0x20000d08   Data          92  freertos.o(.bss)
    HEROGimbalBuffer                         0x20000d64   Data         512  freertos.o(.bss)
    HEROGimbalControlBlock                   0x20000f64   Data          92  freertos.o(.bss)
    HEROShootingBuffer                       0x20000fc0   Data         512  freertos.o(.bss)
    HEROShootingControlBlock                 0x200011c0   Data          92  freertos.o(.bss)
    HEROSystemBuffer                         0x2000121c   Data         512  freertos.o(.bss)
    HEROSystemControlBlock                   0x2000141c   Data          92  freertos.o(.bss)
    HERODialBuffer                           0x20001478   Data         512  freertos.o(.bss)
    HERODialControlBlock                     0x20001678   Data          92  freertos.o(.bss)
    myQueue01testBuffer                      0x200016d4   Data          10  freertos.o(.bss)
    myQueue01testControlBlock                0x200016e0   Data          80  freertos.o(.bss)
    g_CAN2_QueueBuffer                       0x20001730   Data          32  freertos.o(.bss)
    g_CAN2_QueueControlBlock                 0x20001750   Data          80  freertos.o(.bss)
    hcan1                                    0x200017a0   Data          40  can.o(.bss)
    hcan2                                    0x200017c8   Data          40  can.o(.bss)
    hi2c3                                    0x200017f0   Data          84  i2c.o(.bss)
    hspi1                                    0x20001844   Data          88  spi.o(.bss)
    hdma_spi1_rx                             0x2000189c   Data          96  spi.o(.bss)
    hdma_spi1_tx                             0x200018fc   Data          96  spi.o(.bss)
    htim10                                   0x2000195c   Data          72  tim.o(.bss)
    huart3                                   0x200019a4   Data          72  usart.o(.bss)
    hdma_usart3_rx                           0x200019ec   Data          96  usart.o(.bss)
    htim2                                    0x20001a4c   Data          72  stm32f4xx_hal_timebase_tim.o(.bss)
    xQueueRegistry                           0x20001a94   Data          64  queue.o(.bss)
    INS_angle                                0x200063c0   Data          12  ins_task.o(.bss)
    accel_dma_rx_buf                         0x200063cc   Data           9  ins_task.o(.bss)
    bmi088_real_data                         0x200063d8   Data          36  ins_task.o(.bss)
    gyro_offset                              0x200063fc   Data          12  ins_task.o(.bss)
    gyro_cali_offset                         0x20006408   Data          12  ins_task.o(.bss)
    accel_offset                             0x20006414   Data          12  ins_task.o(.bss)
    ist8310_real_data                        0x20006420   Data          16  ins_task.o(.bss)
    mag_offset                               0x20006430   Data          12  ins_task.o(.bss)
    imu_temp_pid                             0x2000643c   Data          72  ins_task.o(.bss)
    IMU_DegAngle                             0x20006484   Data          12  ins_task.o(.bss)
    re_htim4                                 0x20006490   Data          72  buzzer_tim_init.o(.bss)
    DJI_MFeedback_CAN1                       0x200064d8   Data         128  dji_motor_can.o(.bss)
    DJI_MFeedback_CAN2                       0x20006558   Data         128  dji_motor_can.o(.bss)
    RC_Ctl                                   0x200065d8   Data          24  hotrc_ht10a.o(.bss)
    sbusData                                 0x20006624   Data          44  hotrc_ht10a.o(.bss)
    DualBoard_ReceiveDataBuff                0x20006650   Data         256  dual_board_transmit.o(.bss)
    DualBoard_SendDataBuff                   0x20006750   Data         256  dual_board_transmit.o(.bss)
    Motor_STOP                               0x20006850   Data          52  dji_motor_contral.o(.bss)
    Chassis_MotorFL_In                       0x20006884   Data          52  dji_motor_contral.o(.bss)
    Chassis_MotorFL_Ex                       0x200068b8   Data          52  dji_motor_contral.o(.bss)
    Chassis_MotorFR_In                       0x200068ec   Data          52  dji_motor_contral.o(.bss)
    Chassis_MotorFR_Ex                       0x20006920   Data          52  dji_motor_contral.o(.bss)
    Chassis_MotorBL_In                       0x20006954   Data          52  dji_motor_contral.o(.bss)
    Chassis_MotorBL_Ex                       0x20006988   Data          52  dji_motor_contral.o(.bss)
    Chassis_MotorBR_In                       0x200069bc   Data          52  dji_motor_contral.o(.bss)
    Chassis_MotorBR_Ex                       0x200069f0   Data          52  dji_motor_contral.o(.bss)
    Chassis_Follow_PID                       0x20006a24   Data          52  dji_motor_contral.o(.bss)
    Gimbal_Yaw_FF                            0x20006a58   Data          64  dji_motor_contral.o(.bss)
    Gimbal_Yaw_In                            0x20006a98   Data          52  dji_motor_contral.o(.bss)
    Gimbal_Yaw_Ex                            0x20006acc   Data          52  dji_motor_contral.o(.bss)
    Gimbal_Pitch_FF                          0x20006b00   Data          64  dji_motor_contral.o(.bss)
    Gimbal_Pitch_In                          0x20006b40   Data          52  dji_motor_contral.o(.bss)
    Gimbal_Pitch_Ex                          0x20006b74   Data          52  dji_motor_contral.o(.bss)
    SFri_UL_In                               0x20006ba8   Data          52  dji_motor_contral.o(.bss)
    SFri_UL_Ex                               0x20006bdc   Data          52  dji_motor_contral.o(.bss)
    SFri_UR_In                               0x20006c10   Data          52  dji_motor_contral.o(.bss)
    SFri_UR_Ex                               0x20006c44   Data          52  dji_motor_contral.o(.bss)
    SFri_DM_In                               0x20006c78   Data          52  dji_motor_contral.o(.bss)
    SFri_DM_Ex                               0x20006cac   Data          52  dji_motor_contral.o(.bss)
    Chassis_Mec                              0x20006d38   Data          62  hero_drivesystem.o(.bss)
    Chassis_Move                             0x20006d78   Data          28  hero_drivesystem.o(.bss)
    GD                                       0x20006d94   Data          16  hero_drivesystem.o(.bss)
    SV                                       0x20006da4   Data          12  hero_drivesystem.o(.bss)
    __libspace_start                         0x20006db0   Data          96  libspace.o(.bss)
    __temporary_stack_top$libspace           0x20006e10   Data           0  libspace.o(.bss)



==============================================================================

Memory Map of the image

  Image Entry point : 0x08000189

  Load Region LR_IROM1 (Base: 0x08000000, Size: 0x0000d454, Max: 0x00100000, ABSOLUTE, COMPRESSED[0x0000d2cc])

    Execution Region ER_IROM1 (Exec base: 0x08000000, Load base: 0x08000000, Size: 0x0000d260, Max: 0x00100000, ABSOLUTE)

    Exec Addr    Load Addr    Size         Type   Attr      Idx    E Section Name        Object

    0x08000000   0x08000000   0x00000188   Data   RO            3    RESET               startup_stm32f407xx.o
    0x08000188   0x08000188   0x00000008   Code   RO         8196  * !!!main             c_w.l(__main.o)
    0x08000190   0x08000190   0x00000034   Code   RO         8588    !!!scatter          c_w.l(__scatter.o)
    0x080001c4   0x080001c4   0x0000005a   Code   RO         8586    !!dczerorl2         c_w.l(__dczerorl2.o)
    0x0800021e   0x0800021e   0x00000002   PAD
    0x08000220   0x08000220   0x0000001c   Code   RO         8590    !!handler_zi        c_w.l(__scatter_zi.o)
    0x0800023c   0x0800023c   0x00000002   Code   RO         8459    .ARM.Collect$$libinit$$00000000  c_w.l(libinit.o)
    0x0800023e   0x0800023e   0x00000004   Code   RO         8468    .ARM.Collect$$libinit$$00000001  c_w.l(libinit2.o)
    0x08000242   0x08000242   0x00000000   Code   RO         8471    .ARM.Collect$$libinit$$00000004  c_w.l(libinit2.o)
    0x08000242   0x08000242   0x00000000   Code   RO         8474    .ARM.Collect$$libinit$$0000000A  c_w.l(libinit2.o)
    0x08000242   0x08000242   0x00000000   Code   RO         8476    .ARM.Collect$$libinit$$0000000C  c_w.l(libinit2.o)
    0x08000242   0x08000242   0x00000000   Code   RO         8478    .ARM.Collect$$libinit$$0000000E  c_w.l(libinit2.o)
    0x08000242   0x08000242   0x00000000   Code   RO         8481    .ARM.Collect$$libinit$$00000011  c_w.l(libinit2.o)
    0x08000242   0x08000242   0x00000000   Code   RO         8483    .ARM.Collect$$libinit$$00000013  c_w.l(libinit2.o)
    0x08000242   0x08000242   0x00000000   Code   RO         8485    .ARM.Collect$$libinit$$00000015  c_w.l(libinit2.o)
    0x08000242   0x08000242   0x00000000   Code   RO         8487    .ARM.Collect$$libinit$$00000017  c_w.l(libinit2.o)
    0x08000242   0x08000242   0x00000000   Code   RO         8489    .ARM.Collect$$libinit$$00000019  c_w.l(libinit2.o)
    0x08000242   0x08000242   0x00000000   Code   RO         8491    .ARM.Collect$$libinit$$0000001B  c_w.l(libinit2.o)
    0x08000242   0x08000242   0x00000000   Code   RO         8493    .ARM.Collect$$libinit$$0000001D  c_w.l(libinit2.o)
    0x08000242   0x08000242   0x00000000   Code   RO         8495    .ARM.Collect$$libinit$$0000001F  c_w.l(libinit2.o)
    0x08000242   0x08000242   0x00000000   Code   RO         8497    .ARM.Collect$$libinit$$00000021  c_w.l(libinit2.o)
    0x08000242   0x08000242   0x00000000   Code   RO         8499    .ARM.Collect$$libinit$$00000023  c_w.l(libinit2.o)
    0x08000242   0x08000242   0x00000000   Code   RO         8501    .ARM.Collect$$libinit$$00000025  c_w.l(libinit2.o)
    0x08000242   0x08000242   0x00000000   Code   RO         8505    .ARM.Collect$$libinit$$0000002C  c_w.l(libinit2.o)
    0x08000242   0x08000242   0x00000000   Code   RO         8507    .ARM.Collect$$libinit$$0000002E  c_w.l(libinit2.o)
    0x08000242   0x08000242   0x00000000   Code   RO         8509    .ARM.Collect$$libinit$$00000030  c_w.l(libinit2.o)
    0x08000242   0x08000242   0x00000000   Code   RO         8511    .ARM.Collect$$libinit$$00000032  c_w.l(libinit2.o)
    0x08000242   0x08000242   0x00000002   Code   RO         8512    .ARM.Collect$$libinit$$00000033  c_w.l(libinit2.o)
    0x08000244   0x08000244   0x00000002   Code   RO         8543    .ARM.Collect$$libshutdown$$00000000  c_w.l(libshutdown.o)
    0x08000246   0x08000246   0x00000000   Code   RO         8569    .ARM.Collect$$libshutdown$$00000002  c_w.l(libshutdown2.o)
    0x08000246   0x08000246   0x00000000   Code   RO         8571    .ARM.Collect$$libshutdown$$00000004  c_w.l(libshutdown2.o)
    0x08000246   0x08000246   0x00000000   Code   RO         8574    .ARM.Collect$$libshutdown$$00000007  c_w.l(libshutdown2.o)
    0x08000246   0x08000246   0x00000000   Code   RO         8577    .ARM.Collect$$libshutdown$$0000000A  c_w.l(libshutdown2.o)
    0x08000246   0x08000246   0x00000000   Code   RO         8579    .ARM.Collect$$libshutdown$$0000000C  c_w.l(libshutdown2.o)
    0x08000246   0x08000246   0x00000000   Code   RO         8582    .ARM.Collect$$libshutdown$$0000000F  c_w.l(libshutdown2.o)
    0x08000246   0x08000246   0x00000002   Code   RO         8583    .ARM.Collect$$libshutdown$$00000010  c_w.l(libshutdown2.o)
    0x08000248   0x08000248   0x00000000   Code   RO         8338    .ARM.Collect$$rtentry$$00000000  c_w.l(__rtentry.o)
    0x08000248   0x08000248   0x00000000   Code   RO         8412    .ARM.Collect$$rtentry$$00000002  c_w.l(__rtentry2.o)
    0x08000248   0x08000248   0x00000006   Code   RO         8424    .ARM.Collect$$rtentry$$00000004  c_w.l(__rtentry4.o)
    0x0800024e   0x0800024e   0x00000000   Code   RO         8414    .ARM.Collect$$rtentry$$00000009  c_w.l(__rtentry2.o)
    0x0800024e   0x0800024e   0x00000004   Code   RO         8415    .ARM.Collect$$rtentry$$0000000A  c_w.l(__rtentry2.o)
    0x08000252   0x08000252   0x00000000   Code   RO         8417    .ARM.Collect$$rtentry$$0000000C  c_w.l(__rtentry2.o)
    0x08000252   0x08000252   0x00000008   Code   RO         8418    .ARM.Collect$$rtentry$$0000000D  c_w.l(__rtentry2.o)
    0x0800025a   0x0800025a   0x00000002   Code   RO         8460    .ARM.Collect$$rtexit$$00000000  c_w.l(rtexit.o)
    0x0800025c   0x0800025c   0x00000000   Code   RO         8516    .ARM.Collect$$rtexit$$00000002  c_w.l(rtexit2.o)
    0x0800025c   0x0800025c   0x00000004   Code   RO         8517    .ARM.Collect$$rtexit$$00000003  c_w.l(rtexit2.o)
    0x08000260   0x08000260   0x00000006   Code   RO         8518    .ARM.Collect$$rtexit$$00000004  c_w.l(rtexit2.o)
    0x08000266   0x08000266   0x00000002   PAD
    0x08000268   0x08000268   0x000000be   Code   RO         6120    .emb_text           port.o
    0x08000326   0x08000326   0x00000002   PAD
    0x08000328   0x08000328   0x00000040   Code   RO            4    .text               startup_stm32f407xx.o
    0x08000368   0x08000368   0x000000ee   Code   RO         8182    .text               c_w.l(lludivv7m.o)
    0x08000456   0x08000456   0x0000003e   Code   RO         8184    .text               c_w.l(strlen.o)
    0x08000494   0x08000494   0x0000008a   Code   RO         8186    .text               c_w.l(rt_memcpy_v6.o)
    0x0800051e   0x0800051e   0x00000010   Code   RO         8190    .text               c_w.l(aeabi_memset.o)
    0x0800052e   0x0800052e   0x0000004e   Code   RO         8192    .text               c_w.l(rt_memclr_w.o)
    0x0800057c   0x0800057c   0x00000006   Code   RO         8194    .text               c_w.l(heapauxi.o)
    0x08000582   0x08000582   0x00000016   Code   RO         8343    .text               c_w.l(_rserrno.o)
    0x08000598   0x08000598   0x00000064   Code   RO         8345    .text               c_w.l(rt_memcpy_w.o)
    0x080005fc   0x080005fc   0x00000044   Code   RO         8347    .text               c_w.l(rt_memclr.o)
    0x08000640   0x08000640   0x00000008   Code   RO         8431    .text               c_w.l(rt_errno_addr_intlibspace.o)
    0x08000648   0x08000648   0x00000008   Code   RO         8443    .text               c_w.l(libspace.o)
    0x08000650   0x08000650   0x0000004a   Code   RO         8446    .text               c_w.l(sys_stackheap_outer.o)
    0x0800069a   0x0800069a   0x00000012   Code   RO         8448    .text               c_w.l(exit.o)
    0x080006ac   0x080006ac   0x0000000c   Code   RO         8513    .text               c_w.l(sys_exit.o)
    0x080006b8   0x080006b8   0x00000002   Code   RO         8532    .text               c_w.l(use_no_semi.o)
    0x080006ba   0x080006ba   0x00000000   Code   RO         8534    .text               c_w.l(indicate_semi.o)
    0x080006ba   0x080006ba   0x00000004   Code   RO         6201    i.AHRS_asinf        ahrs_middleware.o
    0x080006be   0x080006be   0x00000004   Code   RO         6202    i.AHRS_atan2f       ahrs_middleware.o
    0x080006c2   0x080006c2   0x00000020   Code   RO         6203    i.AHRS_cosf         ahrs_middleware.o
    0x080006e2   0x080006e2   0x0000001a   Code   RO         8093    i.AHRS_fabs         AHRS.lib(ahrs.o)
    0x080006fc   0x080006fc   0x00000014   Code   RO         6204    i.AHRS_get_height   ahrs_middleware.o
    0x08000710   0x08000710   0x0000000e   Code   RO         6205    i.AHRS_get_latitude  ahrs_middleware.o
    0x0800071e   0x0800071e   0x00000002   PAD
    0x08000720   0x08000720   0x0000029c   Code   RO         8094    i.AHRS_init         AHRS.lib(ahrs.o)
    0x080009bc   0x080009bc   0x00000014   Code   RO         6206    i.AHRS_invSqrt      ahrs_middleware.o
    0x080009d0   0x080009d0   0x00000020   Code   RO         6207    i.AHRS_sinf         ahrs_middleware.o
    0x080009f0   0x080009f0   0x0000013a   Code   RO         8095    i.AHRS_update       AHRS.lib(ahrs.o)
    0x08000b2a   0x08000b2a   0x00000002   PAD
    0x08000b2c   0x08000b2c   0x00000010   Code   RO         6558    i.BMI088_ACCEL_NS_H  bmi088middleware.o
    0x08000b3c   0x08000b3c   0x00000010   Code   RO         6559    i.BMI088_ACCEL_NS_L  bmi088middleware.o
    0x08000b4c   0x08000b4c   0x00000002   Code   RO         6560    i.BMI088_GPIO_init  bmi088middleware.o
    0x08000b4e   0x08000b4e   0x00000002   PAD
    0x08000b50   0x08000b50   0x00000010   Code   RO         6561    i.BMI088_GYRO_NS_H  bmi088middleware.o
    0x08000b60   0x08000b60   0x00000010   Code   RO         6562    i.BMI088_GYRO_NS_L  bmi088middleware.o
    0x08000b70   0x08000b70   0x00000080   Code   RO         6350    i.BMI088_accel_read_over  bmi088driver.o
    0x08000bf0   0x08000bf0   0x00000002   Code   RO         6563    i.BMI088_com_init   bmi088middleware.o
    0x08000bf2   0x08000bf2   0x00000004   Code   RO         6564    i.BMI088_delay_ms   bmi088middleware.o
    0x08000bf6   0x08000bf6   0x00000004   Code   RO         6565    i.BMI088_delay_us   bmi088middleware.o
    0x08000bfa   0x08000bfa   0x00000002   PAD
    0x08000bfc   0x08000bfc   0x00000060   Code   RO         6351    i.BMI088_gyro_read_over  bmi088driver.o
    0x08000c5c   0x08000c5c   0x0000002e   Code   RO         6352    i.BMI088_init       bmi088driver.o
    0x08000c8a   0x08000c8a   0x00000002   PAD
    0x08000c8c   0x08000c8c   0x00000158   Code   RO         6353    i.BMI088_read       bmi088driver.o
    0x08000de4   0x08000de4   0x00000024   Code   RO         6356    i.BMI088_read_muli_reg  bmi088driver.o
    0x08000e08   0x08000e08   0x00000016   Code   RO         6357    i.BMI088_read_single_reg  bmi088driver.o
    0x08000e1e   0x08000e1e   0x00000002   PAD
    0x08000e20   0x08000e20   0x00000020   Code   RO         6566    i.BMI088_read_write_byte  bmi088middleware.o
    0x08000e40   0x08000e40   0x0000002e   Code   RO         6358    i.BMI088_temperature_read_over  bmi088driver.o
    0x08000e6e   0x08000e6e   0x00000012   Code   RO         6359    i.BMI088_write_single_reg  bmi088driver.o
    0x08000e80   0x08000e80   0x00000002   Code   RO          700    i.BusFault_Handler  stm32f4xx_it.o
    0x08000e82   0x08000e82   0x00000002   PAD
    0x08000e84   0x08000e84   0x0000000c   Code   RO          701    i.CAN1_RX0_IRQHandler  stm32f4xx_it.o
    0x08000e90   0x08000e90   0x0000000c   Code   RO          702    i.CAN1_RX1_IRQHandler  stm32f4xx_it.o
    0x08000e9c   0x08000e9c   0x0000000c   Code   RO          703    i.CAN2_RX0_IRQHandler  stm32f4xx_it.o
    0x08000ea8   0x08000ea8   0x0000000c   Code   RO          704    i.CAN2_RX1_IRQHandler  stm32f4xx_it.o
    0x08000eb4   0x08000eb4   0x00000054   Code   RO         7304    i.CAN_DJI_Motor_Feedback  dji_motor_can.o
    0x08000f08   0x08000f08   0x000000d4   Code   RO         7858    i.CAN_RxProcess     user_cancallback.o
    0x08000fdc   0x08000fdc   0x000000c6   Code   RO         7254    i.CAN_SendFloatArray  can_part.o
    0x080010a2   0x080010a2   0x00000032   Code   RO         7255    i.CAN_Send_STD      can_part.o
    0x080010d4   0x080010d4   0x000000a8   Code   RO         7894    i.Chassis_Mecanum_Calc  hero_chassis.o
    0x0800117c   0x0800117c   0x00000200   Code   RO         7895    i.Chassis_Move_Calc  hero_chassis.o
    0x0800137c   0x0800137c   0x00000144   Code   RO         7798    i.DJI_MOTOR_EmergencySTOP_ALL  dji_motor_contral.o
    0x080014c0   0x080014c0   0x0000000c   Code   RO          705    i.DMA1_Stream1_IRQHandler  stm32f4xx_it.o
    0x080014cc   0x080014cc   0x000002c4   Code   RO         6755    i.DMA2_Stream2_IRQHandler  ins_task.o
    0x08001790   0x08001790   0x00000028   Code   RO         2553    i.DMA_CalcBaseAndBitshift  stm32f4xx_hal_dma.o
    0x080017b8   0x080017b8   0x00000054   Code   RO         2554    i.DMA_CheckFifoParam  stm32f4xx_hal_dma.o
    0x0800180c   0x0800180c   0x00000028   Code   RO         2555    i.DMA_SetConfig     stm32f4xx_hal_dma.o
    0x08001834   0x08001834   0x00000002   Code   RO          706    i.DebugMon_Handler  stm32f4xx_it.o
    0x08001836   0x08001836   0x00000002   PAD
    0x08001838   0x08001838   0x000000ec   Code   RO         7451    i.Dual_Board_MainSend  dual_board_transmit.o
    0x08001924   0x08001924   0x00000002   Code   RO         7452    i.Dual_Board_ReceiveCallBack  dual_board_transmit.o
    0x08001926   0x08001926   0x00000002   PAD
    0x08001928   0x08001928   0x0000001c   Code   RO         7453    i.Dual_Board_Transmit_Task  dual_board_transmit.o
    0x08001944   0x08001944   0x0000003a   Code   RO         7307    i.ESC_Control_Raw_Group  dji_motor_can.o
    0x0800197e   0x0800197e   0x00000040   Code   RO         7308    i.ESC_Control_Raw_Single  dji_motor_can.o
    0x080019be   0x080019be   0x00000006   Code   RO          707    i.EXTI0_IRQHandler  stm32f4xx_it.o
    0x080019c4   0x080019c4   0x00000006   Code   RO          708    i.EXTI3_IRQHandler  stm32f4xx_it.o
    0x080019ca   0x080019ca   0x00000006   Code   RO          709    i.EXTI4_IRQHandler  stm32f4xx_it.o
    0x080019d0   0x080019d0   0x00000006   Code   RO          710    i.EXTI9_5_IRQHandler  stm32f4xx_it.o
    0x080019d6   0x080019d6   0x00000004   Code   RO           13    i.Error_Handler     main.o
    0x080019da   0x080019da   0x00000014   Code   RO         7256    i.FloatToBytes      can_part.o
    0x080019ee   0x080019ee   0x00000002   PAD
    0x080019f0   0x080019f0   0x00000050   Code   RO         6756    i.GetIMU_Value      ins_task.o
    0x08001a40   0x08001a40   0x00000018   Code   RO         7309    i.Get_CAN_ID        dji_motor_can.o
    0x08001a58   0x08001a58   0x00000024   Code   RO         1861    i.HAL_CAN_ActivateNotification  stm32f4xx_hal_can.o
    0x08001a7c   0x08001a7c   0x000000bc   Code   RO         1862    i.HAL_CAN_AddTxMessage  stm32f4xx_hal_can.o
    0x08001b38   0x08001b38   0x0000010c   Code   RO         1863    i.HAL_CAN_ConfigFilter  stm32f4xx_hal_can.o
    0x08001c44   0x08001c44   0x00000002   Code   RO         1866    i.HAL_CAN_ErrorCallback  stm32f4xx_hal_can.o
    0x08001c46   0x08001c46   0x000000f4   Code   RO         1869    i.HAL_CAN_GetRxMessage  stm32f4xx_hal_can.o
    0x08001d3a   0x08001d3a   0x0000002c   Code   RO         1871    i.HAL_CAN_GetTxMailboxesFreeLevel  stm32f4xx_hal_can.o
    0x08001d66   0x08001d66   0x000001fc   Code   RO         1873    i.HAL_CAN_IRQHandler  stm32f4xx_hal_can.o
    0x08001f62   0x08001f62   0x0000011a   Code   RO         1874    i.HAL_CAN_Init      stm32f4xx_hal_can.o
    0x0800207c   0x0800207c   0x0000011c   Code   RO          454    i.HAL_CAN_MspInit   can.o
    0x08002198   0x08002198   0x00000002   Code   RO         1881    i.HAL_CAN_RxFifo0FullCallback  stm32f4xx_hal_can.o
    0x0800219a   0x0800219a   0x00000002   PAD
    0x0800219c   0x0800219c   0x00000090   Code   RO         7859    i.HAL_CAN_RxFifo0MsgPendingCallback  user_cancallback.o
    0x0800222c   0x0800222c   0x00000002   Code   RO         1883    i.HAL_CAN_RxFifo1FullCallback  stm32f4xx_hal_can.o
    0x0800222e   0x0800222e   0x00000002   Code   RO         1884    i.HAL_CAN_RxFifo1MsgPendingCallback  stm32f4xx_hal_can.o
    0x08002230   0x08002230   0x00000002   Code   RO         1885    i.HAL_CAN_SleepCallback  stm32f4xx_hal_can.o
    0x08002232   0x08002232   0x00000002   PAD
    0x08002234   0x08002234   0x00000058   Code   RO         1886    i.HAL_CAN_Start     stm32f4xx_hal_can.o
    0x0800228c   0x0800228c   0x00000002   Code   RO         1888    i.HAL_CAN_TxMailbox0AbortCallback  stm32f4xx_hal_can.o
    0x0800228e   0x0800228e   0x00000002   Code   RO         1889    i.HAL_CAN_TxMailbox0CompleteCallback  stm32f4xx_hal_can.o
    0x08002290   0x08002290   0x00000002   Code   RO         1890    i.HAL_CAN_TxMailbox1AbortCallback  stm32f4xx_hal_can.o
    0x08002292   0x08002292   0x00000002   Code   RO         1891    i.HAL_CAN_TxMailbox1CompleteCallback  stm32f4xx_hal_can.o
    0x08002294   0x08002294   0x00000002   Code   RO         1892    i.HAL_CAN_TxMailbox2AbortCallback  stm32f4xx_hal_can.o
    0x08002296   0x08002296   0x00000002   Code   RO         1893    i.HAL_CAN_TxMailbox2CompleteCallback  stm32f4xx_hal_can.o
    0x08002298   0x08002298   0x00000002   Code   RO         1895    i.HAL_CAN_WakeUpFromRxMsgCallback  stm32f4xx_hal_can.o
    0x0800229a   0x0800229a   0x00000092   Code   RO         2556    i.HAL_DMA_Abort     stm32f4xx_hal_dma.o
    0x0800232c   0x0800232c   0x00000024   Code   RO         2557    i.HAL_DMA_Abort_IT  stm32f4xx_hal_dma.o
    0x08002350   0x08002350   0x000001a0   Code   RO         2561    i.HAL_DMA_IRQHandler  stm32f4xx_hal_dma.o
    0x080024f0   0x080024f0   0x000000d4   Code   RO         2562    i.HAL_DMA_Init      stm32f4xx_hal_dma.o
    0x080025c4   0x080025c4   0x0000006e   Code   RO         2566    i.HAL_DMA_Start_IT  stm32f4xx_hal_dma.o
    0x08002632   0x08002632   0x00000002   PAD
    0x08002634   0x08002634   0x00000078   Code   RO         6757    i.HAL_GPIO_EXTI_Callback  ins_task.o
    0x080026ac   0x080026ac   0x00000018   Code   RO         2448    i.HAL_GPIO_EXTI_IRQHandler  stm32f4xx_hal_gpio.o
    0x080026c4   0x080026c4   0x000001f0   Code   RO         2449    i.HAL_GPIO_Init     stm32f4xx_hal_gpio.o
    0x080028b4   0x080028b4   0x0000000a   Code   RO         2453    i.HAL_GPIO_WritePin  stm32f4xx_hal_gpio.o
    0x080028be   0x080028be   0x00000002   PAD
    0x080028c0   0x080028c0   0x0000000c   Code   RO         2999    i.HAL_GetTick       stm32f4xx_hal.o
    0x080028cc   0x080028cc   0x00000188   Code   RO         3255    i.HAL_I2C_Init      stm32f4xx_hal_i2c.o
    0x08002a54   0x08002a54   0x00000204   Code   RO         3273    i.HAL_I2C_Mem_Read  stm32f4xx_hal_i2c.o
    0x08002c58   0x08002c58   0x00000130   Code   RO         3276    i.HAL_I2C_Mem_Write  stm32f4xx_hal_i2c.o
    0x08002d88   0x08002d88   0x00000088   Code   RO          527    i.HAL_I2C_MspInit   i2c.o
    0x08002e10   0x08002e10   0x00000010   Code   RO         3005    i.HAL_IncTick       stm32f4xx_hal.o
    0x08002e20   0x08002e20   0x00000034   Code   RO         3006    i.HAL_Init          stm32f4xx_hal.o
    0x08002e54   0x08002e54   0x00000098   Code   RO          848    i.HAL_InitTick      stm32f4xx_hal_timebase_tim.o
    0x08002eec   0x08002eec   0x00000038   Code   RO          824    i.HAL_MspInit       stm32f4xx_hal_msp.o
    0x08002f24   0x08002f24   0x0000001a   Code   RO         2841    i.HAL_NVIC_EnableIRQ  stm32f4xx_hal_cortex.o
    0x08002f3e   0x08002f3e   0x00000002   PAD
    0x08002f40   0x08002f40   0x00000040   Code   RO         2847    i.HAL_NVIC_SetPriority  stm32f4xx_hal_cortex.o
    0x08002f80   0x08002f80   0x00000024   Code   RO         2848    i.HAL_NVIC_SetPriorityGrouping  stm32f4xx_hal_cortex.o
    0x08002fa4   0x08002fa4   0x00000134   Code   RO         2095    i.HAL_RCC_ClockConfig  stm32f4xx_hal_rcc.o
    0x080030d8   0x080030d8   0x00000040   Code   RO         2099    i.HAL_RCC_GetClockConfig  stm32f4xx_hal_rcc.o
    0x08003118   0x08003118   0x00000020   Code   RO         2102    i.HAL_RCC_GetPCLK1Freq  stm32f4xx_hal_rcc.o
    0x08003138   0x08003138   0x00000020   Code   RO         2103    i.HAL_RCC_GetPCLK2Freq  stm32f4xx_hal_rcc.o
    0x08003158   0x08003158   0x00000064   Code   RO         2104    i.HAL_RCC_GetSysClockFreq  stm32f4xx_hal_rcc.o
    0x080031bc   0x080031bc   0x0000036c   Code   RO         2107    i.HAL_RCC_OscConfig  stm32f4xx_hal_rcc.o
    0x08003528   0x08003528   0x000000bc   Code   RO         3710    i.HAL_SPI_Init      stm32f4xx_hal_spi.o
    0x080035e4   0x080035e4   0x00000100   Code   RO          569    i.HAL_SPI_MspInit   spi.o
    0x080036e4   0x080036e4   0x000001f0   Code   RO         3719    i.HAL_SPI_TransmitReceive  stm32f4xx_hal_spi.o
    0x080038d4   0x080038d4   0x00000002   Code   RO         1593    i.HAL_TIMEx_BreakCallback  stm32f4xx_hal_tim_ex.o
    0x080038d6   0x080038d6   0x00000002   Code   RO         1594    i.HAL_TIMEx_CommutCallback  stm32f4xx_hal_tim_ex.o
    0x080038d8   0x080038d8   0x00000090   Code   RO         1612    i.HAL_TIMEx_MasterConfigSynchronization  stm32f4xx_hal_tim_ex.o
    0x08003968   0x08003968   0x0000005a   Code   RO          889    i.HAL_TIM_Base_Init  stm32f4xx_hal_tim.o
    0x080039c2   0x080039c2   0x00000002   PAD
    0x080039c4   0x080039c4   0x00000028   Code   RO          611    i.HAL_TIM_Base_MspInit  tim.o
    0x080039ec   0x080039ec   0x00000078   Code   RO          892    i.HAL_TIM_Base_Start  stm32f4xx_hal_tim.o
    0x08003a64   0x08003a64   0x00000080   Code   RO          894    i.HAL_TIM_Base_Start_IT  stm32f4xx_hal_tim.o
    0x08003ae4   0x08003ae4   0x000000dc   Code   RO          898    i.HAL_TIM_ConfigClockSource  stm32f4xx_hal_tim.o
    0x08003bc0   0x08003bc0   0x00000002   Code   RO          923    i.HAL_TIM_IC_CaptureCallback  stm32f4xx_hal_tim.o
    0x08003bc2   0x08003bc2   0x00000130   Code   RO          937    i.HAL_TIM_IRQHandler  stm32f4xx_hal_tim.o
    0x08003cf2   0x08003cf2   0x00000002   PAD
    0x08003cf4   0x08003cf4   0x00000054   Code   RO          612    i.HAL_TIM_MspPostInit  tim.o
    0x08003d48   0x08003d48   0x00000002   Code   RO          940    i.HAL_TIM_OC_DelayElapsedCallback  stm32f4xx_hal_tim.o
    0x08003d4a   0x08003d4a   0x000000cc   Code   RO          961    i.HAL_TIM_PWM_ConfigChannel  stm32f4xx_hal_tim.o
    0x08003e16   0x08003e16   0x0000005a   Code   RO          964    i.HAL_TIM_PWM_Init  stm32f4xx_hal_tim.o
    0x08003e70   0x08003e70   0x00000002   Code   RO          966    i.HAL_TIM_PWM_MspInit  stm32f4xx_hal_tim.o
    0x08003e72   0x08003e72   0x00000002   Code   RO          967    i.HAL_TIM_PWM_PulseFinishedCallback  stm32f4xx_hal_tim.o
    0x08003e74   0x08003e74   0x000000c8   Code   RO          969    i.HAL_TIM_PWM_Start  stm32f4xx_hal_tim.o
    0x08003f3c   0x08003f3c   0x0000000e   Code   RO           14    i.HAL_TIM_PeriodElapsedCallback  main.o
    0x08003f4a   0x08003f4a   0x00000002   Code   RO          980    i.HAL_TIM_TriggerCallback  stm32f4xx_hal_tim.o
    0x08003f4c   0x08003f4c   0x00000002   Code   RO         4033    i.HAL_UARTEx_RxEventCallback  stm32f4xx_hal_uart.o
    0x08003f4e   0x08003f4e   0x00000002   Code   RO         4047    i.HAL_UART_ErrorCallback  stm32f4xx_hal_uart.o
    0x08003f50   0x08003f50   0x00000280   Code   RO         4050    i.HAL_UART_IRQHandler  stm32f4xx_hal_uart.o
    0x080041d0   0x080041d0   0x00000064   Code   RO         4051    i.HAL_UART_Init     stm32f4xx_hal_uart.o
    0x08004234   0x08004234   0x000000b4   Code   RO          659    i.HAL_UART_MspInit  usart.o
    0x080042e8   0x080042e8   0x0000001c   Code   RO         4055    i.HAL_UART_Receive_DMA  stm32f4xx_hal_uart.o
    0x08004304   0x08004304   0x00000002   Code   RO         4057    i.HAL_UART_RxCpltCallback  stm32f4xx_hal_uart.o
    0x08004306   0x08004306   0x00000002   Code   RO         4058    i.HAL_UART_RxHalfCpltCallback  stm32f4xx_hal_uart.o
    0x08004308   0x08004308   0x00000002   Code   RO         4062    i.HAL_UART_TxCpltCallback  stm32f4xx_hal_uart.o
    0x0800430a   0x0800430a   0x00000002   PAD
    0x0800430c   0x0800430c   0x0000008c   Code   RO         8024    i.HEROChassisTask   hero_drivesystem.o
    0x08004398   0x08004398   0x00000018   Code   RO         8025    i.HERODialTask      hero_drivesystem.o
    0x080043b0   0x080043b0   0x000000e8   Code   RO         8026    i.HEROGimbalTask    hero_drivesystem.o
    0x08004498   0x08004498   0x0000007c   Code   RO         8027    i.HEROShootingTask  hero_drivesystem.o
    0x08004514   0x08004514   0x00000018   Code   RO         8028    i.HEROSystemTask    hero_drivesystem.o
    0x0800452c   0x0800452c   0x0000007c   Code   RO         7939    i.HERO_Gimbal_PitchStable  hero_gimbal.o
    0x080045a8   0x080045a8   0x00000060   Code   RO         7940    i.HERO_Gimbal_YawStable  hero_gimbal.o
    0x08004608   0x08004608   0x000000b0   Code   RO         7387    i.HORRC_HT10A_GET_Ctl  hotrc_ht10a.o
    0x080046b8   0x080046b8   0x00000002   Code   RO          711    i.HardFault_Handler  stm32f4xx_it.o
    0x080046ba   0x080046ba   0x0000002e   Code   RO         3298    i.I2C_IsAcknowledgeFailed  stm32f4xx_hal_i2c.o
    0x080046e8   0x080046e8   0x000000fc   Code   RO         3308    i.I2C_RequestMemoryRead  stm32f4xx_hal_i2c.o
    0x080047e4   0x080047e4   0x000000a8   Code   RO         3309    i.I2C_RequestMemoryWrite  stm32f4xx_hal_i2c.o
    0x0800488c   0x0800488c   0x00000056   Code   RO         3313    i.I2C_WaitOnBTFFlagUntilTimeout  stm32f4xx_hal_i2c.o
    0x080048e2   0x080048e2   0x00000002   PAD
    0x080048e4   0x080048e4   0x00000090   Code   RO         3314    i.I2C_WaitOnFlagUntilTimeout  stm32f4xx_hal_i2c.o
    0x08004974   0x08004974   0x000000bc   Code   RO         3315    i.I2C_WaitOnMasterAddressFlagUntilTimeout  stm32f4xx_hal_i2c.o
    0x08004a30   0x08004a30   0x00000070   Code   RO         3316    i.I2C_WaitOnRXNEFlagUntilTimeout  stm32f4xx_hal_i2c.o
    0x08004aa0   0x08004aa0   0x00000056   Code   RO         3317    i.I2C_WaitOnTXEFlagUntilTimeout  stm32f4xx_hal_i2c.o
    0x08004af6   0x08004af6   0x00000002   PAD
    0x08004af8   0x08004af8   0x00000250   Code   RO         6760    i.INS_task          ins_task.o
    0x08004d48   0x08004d48   0x00000008   Code   RO         7310    i.Int16_To_BigEndian  dji_motor_can.o
    0x08004d50   0x08004d50   0x0000007c   Code   RO         7154    i.MXY_TIM4_Init     buzzer_tim_init.o
    0x08004dcc   0x08004dcc   0x00000044   Code   RO          455    i.MX_CAN1_Init      can.o
    0x08004e10   0x08004e10   0x00000044   Code   RO          456    i.MX_CAN2_Init      can.o
    0x08004e54   0x08004e54   0x0000005c   Code   RO          502    i.MX_DMA_Init       dma.o
    0x08004eb0   0x08004eb0   0x000000f8   Code   RO          311    i.MX_FREERTOS_Init  freertos.o
    0x08004fa8   0x08004fa8   0x000001a8   Code   RO          281    i.MX_GPIO_Init      gpio.o
    0x08005150   0x08005150   0x00000040   Code   RO          528    i.MX_I2C3_Init      i2c.o
    0x08005190   0x08005190   0x00000048   Code   RO          570    i.MX_SPI1_Init      spi.o
    0x080051d8   0x080051d8   0x00000064   Code   RO          613    i.MX_TIM10_Init     tim.o
    0x0800523c   0x0800523c   0x00000044   Code   RO          660    i.MX_USART3_UART_Init  usart.o
    0x08005280   0x08005280   0x00000002   Code   RO          712    i.MemManage_Handler  stm32f4xx_it.o
    0x08005282   0x08005282   0x00000002   PAD
    0x08005284   0x08005284   0x000000dc   Code   RO         7799    i.Motor_DJI_Chassis  dji_motor_contral.o
    0x08005360   0x08005360   0x00000048   Code   RO         7800    i.Motor_DJI_IMUPitchContral  dji_motor_contral.o
    0x080053a8   0x080053a8   0x00000054   Code   RO         7801    i.Motor_DJI_IMUYawContral  dji_motor_contral.o
    0x080053fc   0x080053fc   0x000000e0   Code   RO         7802    i.Motor_DJI_ShootingFri  dji_motor_contral.o
    0x080054dc   0x080054dc   0x000003bc   Code   RO         7803    i.Motor_Init        dji_motor_contral.o
    0x08005898   0x08005898   0x0000003c   Code   RO         7609    i.MyMath_Degrees_To_Radians  my_math.o
    0x080058d4   0x080058d4   0x00000090   Code   RO         7610    i.MyMath_Limit_Float  my_math.o
    0x08005964   0x08005964   0x00000032   Code   RO         7611    i.MyMath_Map_Range  my_math.o
    0x08005996   0x08005996   0x00000002   PAD
    0x08005998   0x08005998   0x00000088   Code   RO         7617    i.MyMath_normalize_m180_to_p180  my_math.o
    0x08005a20   0x08005a20   0x00000002   Code   RO          713    i.NMI_Handler       stm32f4xx_it.o
    0x08005a22   0x08005a22   0x00000002   PAD
    0x08005a24   0x08005a24   0x00000034   Code   RO         7497    i.PID_AngleShortestError  my_pid.o
    0x08005a58   0x08005a58   0x00000086   Code   RO         7498    i.PID_CalcCore      my_pid.o
    0x08005ade   0x08005ade   0x00000002   PAD
    0x08005ae0   0x08005ae0   0x00000048   Code   RO         7499    i.PID_CalcNearestAngleError  my_pid.o
    0x08005b28   0x08005b28   0x000000b2   Code   RO         7500    i.PID_Calculate     my_pid.o
    0x08005bda   0x08005bda   0x00000002   PAD
    0x08005bdc   0x08005bdc   0x00000070   Code   RO         7501    i.PID_Calculate_CycleAngle  my_pid.o
    0x08005c4c   0x08005c4c   0x00000058   Code   RO         7502    i.PID_Double_Calculate  my_pid.o
    0x08005ca4   0x08005ca4   0x0000008a   Code   RO         7504    i.PID_FF_CalcCore   my_pid.o
    0x08005d2e   0x08005d2e   0x00000002   PAD
    0x08005d30   0x08005d30   0x000000e8   Code   RO         7507    i.PID_FF_Calculate_CycleAngle  my_pid.o
    0x08005e18   0x08005e18   0x00000026   Code   RO         7508    i.PID_FF_Init       my_pid.o
    0x08005e3e   0x08005e3e   0x00000002   PAD
    0x08005e40   0x08005e40   0x0000002c   Code   RO         7509    i.PID_FF_Reset      my_pid.o
    0x08005e6c   0x08005e6c   0x0000002c   Code   RO         7510    i.PID_Init          my_pid.o
    0x08005e98   0x08005e98   0x00000128   Code   RO         7081    i.PID_calc          imu_pid.o
    0x08005fc0   0x08005fc0   0x0000005c   Code   RO         7083    i.PID_init          imu_pid.o
    0x0800601c   0x0800601c   0x00000030   Code   RO         7973    i.RPM_Protect       hero_math.o
    0x0800604c   0x0800604c   0x00000134   Code   RO         7388    i.SBUS_DecodeFrame  hotrc_ht10a.o
    0x08006180   0x08006180   0x0000003c   Code   RO         7389    i.SBUS_Init         hotrc_ht10a.o
    0x080061bc   0x080061bc   0x00000014   Code   RO         7390    i.SBUS_IsRemoteLost  hotrc_ht10a.o
    0x080061d0   0x080061d0   0x0000004c   Code   RO         7391    i.SBUS_Process      hotrc_ht10a.o
    0x0800621c   0x0800621c   0x00000024   Code   RO         7392    i.SBUS_UART_IRQHandler  hotrc_ht10a.o
    0x08006240   0x08006240   0x00001274   Code   RO         6721    i.SPI1_DMA_enable   bsp_spi.o
    0x080074b4   0x080074b4   0x000000f0   Code   RO         6722    i.SPI1_DMA_init     bsp_spi.o
    0x080075a4   0x080075a4   0x0000006c   Code   RO         3748    i.SPI_EndRxTxTransaction  stm32f4xx_hal_spi.o
    0x08007610   0x08007610   0x000000bc   Code   RO         3753    i.SPI_WaitFlagStateUntilTimeout  stm32f4xx_hal_spi.o
    0x080076cc   0x080076cc   0x00000030   Code   RO         8000    i.ShootingVel_Calc  hero_shooting.o
    0x080076fc   0x080076fc   0x00000008   Code   RO          312    i.StartDefaultTask  freertos.o
    0x08007704   0x08007704   0x00000070   Code   RO         7758    i.StartRealTime_TASK  uap_freertos.o
    0x08007774   0x08007774   0x0000001c   Code   RO         7759    i.Start_DJI_RecieveData  uap_freertos.o
    0x08007790   0x08007790   0x00000024   Code   RO         7393    i.Switch_Set        hotrc_ht10a.o
    0x080077b4   0x080077b4   0x0000001a   Code   RO         5552    i.SysTick_Handler   cmsis_os2.o
    0x080077ce   0x080077ce   0x00000002   PAD
    0x080077d0   0x080077d0   0x00000094   Code   RO           15    i.SystemClock_Config  main.o
    0x08007864   0x08007864   0x00000010   Code   RO         4385    i.SystemInit        system_stm32f4xx.o
    0x08007874   0x08007874   0x0000000c   Code   RO          714    i.TIM2_IRQHandler   stm32f4xx_it.o
    0x08007880   0x08007880   0x00000036   Code   RO         7155    i.TIM_Base_Init_buzzer  buzzer_tim_init.o
    0x080078b6   0x080078b6   0x00000002   PAD
    0x080078b8   0x080078b8   0x00000028   Code   RO         7157    i.TIM_Base_MspInit_buzzer  buzzer_tim_init.o
    0x080078e0   0x080078e0   0x000000d0   Code   RO          982    i.TIM_Base_SetConfig  stm32f4xx_hal_tim.o
    0x080079b0   0x080079b0   0x0000001a   Code   RO          983    i.TIM_CCxChannelCmd  stm32f4xx_hal_tim.o
    0x080079ca   0x080079ca   0x00000014   Code   RO          993    i.TIM_ETR_SetConfig  stm32f4xx_hal_tim.o
    0x080079de   0x080079de   0x00000010   Code   RO          994    i.TIM_ITRx_SetConfig  stm32f4xx_hal_tim.o
    0x080079ee   0x080079ee   0x00000002   PAD
    0x080079f0   0x080079f0   0x00000068   Code   RO         7158    i.TIM_MspPostInit_buzzer  buzzer_tim_init.o
    0x08007a58   0x08007a58   0x00000060   Code   RO          995    i.TIM_OC1_SetConfig  stm32f4xx_hal_tim.o
    0x08007ab8   0x08007ab8   0x0000006c   Code   RO          996    i.TIM_OC2_SetConfig  stm32f4xx_hal_tim.o
    0x08007b24   0x08007b24   0x00000068   Code   RO          997    i.TIM_OC3_SetConfig  stm32f4xx_hal_tim.o
    0x08007b8c   0x08007b8c   0x00000050   Code   RO          998    i.TIM_OC4_SetConfig  stm32f4xx_hal_tim.o
    0x08007bdc   0x08007bdc   0x00000022   Code   RO         1000    i.TIM_TI1_ConfigInputStage  stm32f4xx_hal_tim.o
    0x08007bfe   0x08007bfe   0x00000024   Code   RO         1002    i.TIM_TI2_ConfigInputStage  stm32f4xx_hal_tim.o
    0x08007c22   0x08007c22   0x00000002   PAD
    0x08007c24   0x08007c24   0x00000038   Code   RO         7760    i.UAP_FreeRTOS_Init  uap_freertos.o
    0x08007c5c   0x08007c5c   0x00000018   Code   RO         7715    i.UAP_Init          uap_init.o
    0x08007c74   0x08007c74   0x0000000e   Code   RO         4064    i.UART_DMAAbortOnError  stm32f4xx_hal_uart.o
    0x08007c82   0x08007c82   0x0000004a   Code   RO         4065    i.UART_DMAError     stm32f4xx_hal_uart.o
    0x08007ccc   0x08007ccc   0x00000086   Code   RO         4066    i.UART_DMAReceiveCplt  stm32f4xx_hal_uart.o
    0x08007d52   0x08007d52   0x0000001e   Code   RO         4068    i.UART_DMARxHalfCplt  stm32f4xx_hal_uart.o
    0x08007d70   0x08007d70   0x0000004e   Code   RO         4074    i.UART_EndRxTransfer  stm32f4xx_hal_uart.o
    0x08007dbe   0x08007dbe   0x0000001c   Code   RO         4075    i.UART_EndTxTransfer  stm32f4xx_hal_uart.o
    0x08007dda   0x08007dda   0x000000c2   Code   RO         4076    i.UART_Receive_IT   stm32f4xx_hal_uart.o
    0x08007e9c   0x08007e9c   0x0000010c   Code   RO         4077    i.UART_SetConfig    stm32f4xx_hal_uart.o
    0x08007fa8   0x08007fa8   0x000000a0   Code   RO         4078    i.UART_Start_Receive_DMA  stm32f4xx_hal_uart.o
    0x08008048   0x08008048   0x00000014   Code   RO          715    i.USART3_IRQHandler  stm32f4xx_it.o
    0x0800805c   0x0800805c   0x00000002   Code   RO          716    i.UsageFault_Handler  stm32f4xx_it.o
    0x0800805e   0x0800805e   0x00000030   Code   RO         8439    i.__ARM_fpclassify  m_wm.l(fpclassify.o)
    0x0800808e   0x0800808e   0x00000026   Code   RO         8381    i.__ARM_fpclassifyf  m_wm.l(fpclassifyf.o)
    0x080080b4   0x080080b4   0x00000020   Code   RO         2854    i.__NVIC_SetPriority  stm32f4xx_hal_cortex.o
    0x080080d4   0x080080d4   0x0000012c   Code   RO         8242    i.__hardfp_asinf    m_wm.l(asinf.o)
    0x08008200   0x08008200   0x00000250   Code   RO         8254    i.__hardfp_atan2f   m_wm.l(atan2f.o)
    0x08008450   0x08008450   0x000000c8   Code   RO         8266    i.__hardfp_cos      m_wm.l(cos.o)
    0x08008518   0x08008518   0x00000104   Code   RO         8278    i.__hardfp_fmod     m_wm.l(fmod.o)
    0x0800861c   0x0800861c   0x000000b0   Code   RO         8290    i.__hardfp_fmodf    m_wm.l(fmodf.o)
    0x080086cc   0x080086cc   0x00000004   PAD
    0x080086d0   0x080086d0   0x000000c8   Code   RO         8302    i.__hardfp_sin      m_wm.l(sin.o)
    0x08008798   0x08008798   0x0000003a   Code   RO         8314    i.__hardfp_sqrtf    m_wm.l(sqrtf.o)
    0x080087d2   0x080087d2   0x00000006   PAD
    0x080087d8   0x080087d8   0x00000438   Code   RO         8397    i.__ieee754_rem_pio2  m_wm.l(rred.o)
    0x08008c10   0x08008c10   0x00000170   Code   RO         8364    i.__kernel_cos      m_wm.l(cos_i.o)
    0x08008d80   0x08008d80   0x000000f8   Code   RO         8441    i.__kernel_poly     m_wm.l(poly.o)
    0x08008e78   0x08008e78   0x00000130   Code   RO         8405    i.__kernel_sin      m_wm.l(sin_i.o)
    0x08008fa8   0x08008fa8   0x00000014   Code   RO         8368    i.__mathlib_dbl_infnan  m_wm.l(dunder.o)
    0x08008fbc   0x08008fbc   0x00000004   PAD
    0x08008fc0   0x08008fc0   0x00000020   Code   RO         8370    i.__mathlib_dbl_invalid  m_wm.l(dunder.o)
    0x08008fe0   0x08008fe0   0x00000020   Code   RO         8373    i.__mathlib_dbl_underflow  m_wm.l(dunder.o)
    0x08009000   0x08009000   0x00000006   Code   RO         8384    i.__mathlib_flt_infnan  m_wm.l(funder.o)
    0x08009006   0x08009006   0x00000006   Code   RO         8385    i.__mathlib_flt_infnan2  m_wm.l(funder.o)
    0x0800900c   0x0800900c   0x00000010   Code   RO         8386    i.__mathlib_flt_invalid  m_wm.l(funder.o)
    0x0800901c   0x0800901c   0x00000010   Code   RO         8389    i.__mathlib_flt_underflow  m_wm.l(funder.o)
    0x0800902c   0x0800902c   0x000001d0   Code   RO         8096    i.accel_comple_filter  AHRS.lib(ahrs.o)
    0x080091fc   0x080091fc   0x0000018c   Code   RO         8097    i.accel_update_kp_ki  AHRS.lib(ahrs.o)
    0x08009388   0x08009388   0x0000016c   Code   RO         8098    i.angle_to_quat     AHRS.lib(ahrs.o)
    0x080094f4   0x080094f4   0x00000128   Code   RO         6360    i.bmi088_accel_init  bmi088driver.o
    0x0800961c   0x0800961c   0x000002c0   Code   RO         6361    i.bmi088_accel_self_test  bmi088driver.o
    0x080098dc   0x080098dc   0x000000dc   Code   RO         6362    i.bmi088_gyro_init  bmi088driver.o
    0x080099b8   0x080099b8   0x000000ca   Code   RO         6363    i.bmi088_gyro_self_test  bmi088driver.o
    0x08009a82   0x08009a82   0x00000002   PAD
    0x08009a84   0x08009a84   0x00000010   Code   RO         7120    i.buzzer_drv_off    bsp_buzzer_driver.o
    0x08009a94   0x08009a94   0x00000010   Code   RO         7121    i.buzzer_drv_on     bsp_buzzer_driver.o
    0x08009aa4   0x08009aa4   0x00000384   Code   RO         7208    i.buzzer_effects_task  sound_effects_task.o
    0x08009e28   0x08009e28   0x00000074   Code   RO         7974    i.calc_wheel_rpm    hero_math.o
    0x08009e9c   0x08009e9c   0x00000058   Code   RO         7257    i.can_filter_init   can_part.o
    0x08009ef4   0x08009ef4   0x00000028   Code   RO         6655    i.delay_init        bsp_delay.o
    0x08009f1c   0x08009f1c   0x00000034   Code   RO         6657    i.delay_us          bsp_delay.o
    0x08009f50   0x08009f50   0x00000018   Code   RO         8435    i.fabs              m_wm.l(fabs.o)
    0x08009f68   0x08009f68   0x000000e8   Code   RO         8099    i.get_angle         AHRS.lib(ahrs.o)
    0x0800a050   0x0800a050   0x00000008   Code   RO         7209    i.get_buzzer_effect_point  sound_effects_task.o
    0x0800a058   0x0800a058   0x0000007c   Code   RO         8030    i.get_chassis_data  hero_drivesystem.o
    0x0800a0d4   0x0800a0d4   0x000000ec   Code   RO         6767    i.imu_cali_slove    ins_task.o
    0x0800a1c0   0x0800a1c0   0x000000fc   Code   RO         6768    i.imu_cmd_spi_dma   ins_task.o
    0x0800a2bc   0x0800a2bc   0x0000000c   Code   RO         6693    i.imu_pwm_set       bsp_imu_pwm.o
    0x0800a2c8   0x0800a2c8   0x0000007c   Code   RO         6769    i.imu_temp_control  ins_task.o
    0x0800a344   0x0800a344   0x00000002   Code   RO         6921    i.ist8310_GPIO_init  ist8310driver_middleware.o
    0x0800a346   0x0800a346   0x00000002   PAD
    0x0800a348   0x0800a348   0x00000024   Code   RO         6923    i.ist8310_IIC_read_single_reg  ist8310driver_middleware.o
    0x0800a36c   0x0800a36c   0x00000024   Code   RO         6925    i.ist8310_IIC_write_single_reg  ist8310driver_middleware.o
    0x0800a390   0x0800a390   0x00000010   Code   RO         6926    i.ist8310_RST_H     ist8310driver_middleware.o
    0x0800a3a0   0x0800a3a0   0x00000010   Code   RO         6927    i.ist8310_RST_L     ist8310driver_middleware.o
    0x0800a3b0   0x0800a3b0   0x00000002   Code   RO         6928    i.ist8310_com_init  ist8310driver_middleware.o
    0x0800a3b2   0x0800a3b2   0x00000004   Code   RO         6929    i.ist8310_delay_ms  ist8310driver_middleware.o
    0x0800a3b6   0x0800a3b6   0x00000002   PAD
    0x0800a3b8   0x0800a3b8   0x00000080   Code   RO         6889    i.ist8310_init      ist8310driver.o
    0x0800a438   0x0800a438   0x0000003e   Code   RO           16    i.main              main.o
    0x0800a476   0x0800a476   0x0000001a   Code   RO         5554    i.osDelay           cmsis_os2.o
    0x0800a490   0x0800a490   0x00000024   Code   RO         5568    i.osKernelInitialize  cmsis_os2.o
    0x0800a4b4   0x0800a4b4   0x00000038   Code   RO         5571    i.osKernelStart     cmsis_os2.o
    0x0800a4ec   0x0800a4ec   0x00000058   Code   RO         5588    i.osMessageQueueNew  cmsis_os2.o
    0x0800a544   0x0800a544   0x0000008a   Code   RO         5613    i.osThreadNew       cmsis_os2.o
    0x0800a5ce   0x0800a5ce   0x00000002   PAD
    0x0800a5d0   0x0800a5d0   0x00000020   Code   RO         4992    i.pcTaskGetName     tasks.o
    0x0800a5f0   0x0800a5f0   0x00000064   Code   RO         4993    i.prvAddCurrentTaskToDelayedList  tasks.o
    0x0800a654   0x0800a654   0x000000d0   Code   RO         4994    i.prvAddNewTaskToReadyList  tasks.o
    0x0800a724   0x0800a724   0x00000058   Code   RO         5381    i.prvCheckForValidListAndQueue  timers.o
    0x0800a77c   0x0800a77c   0x00000026   Code   RO         4590    i.prvCopyDataFromQueue  queue.o
    0x0800a7a2   0x0800a7a2   0x0000006c   Code   RO         4591    i.prvCopyDataToQueue  queue.o
    0x0800a80e   0x0800a80e   0x00000034   Code   RO         4995    i.prvDeleteTCB      tasks.o
    0x0800a842   0x0800a842   0x00000002   PAD
    0x0800a844   0x0800a844   0x0000004c   Code   RO         6065    i.prvHeapInit       heap_4.o
    0x0800a890   0x0800a890   0x00000060   Code   RO         4996    i.prvIdleTask       tasks.o
    0x0800a8f0   0x0800a8f0   0x00000022   Code   RO         4593    i.prvInitialiseNewQueue  queue.o
    0x0800a912   0x0800a912   0x00000002   PAD
    0x0800a914   0x0800a914   0x000000b4   Code   RO         4997    i.prvInitialiseNewTask  tasks.o
    0x0800a9c8   0x0800a9c8   0x0000004c   Code   RO         6066    i.prvInsertBlockIntoFreeList  heap_4.o
    0x0800aa14   0x0800aa14   0x00000038   Code   RO         5383    i.prvInsertTimerInActiveList  timers.o
    0x0800aa4c   0x0800aa4c   0x0000001c   Code   RO         4594    i.prvIsQueueEmpty   queue.o
    0x0800aa68   0x0800aa68   0x000000fc   Code   RO         5384    i.prvProcessReceivedCommands  timers.o
    0x0800ab64   0x0800ab64   0x000000c0   Code   RO         5385    i.prvProcessTimerOrBlockTask  timers.o
    0x0800ac24   0x0800ac24   0x00000020   Code   RO         4999    i.prvResetNextTaskUnblockTime  tasks.o
    0x0800ac44   0x0800ac44   0x00000028   Code   RO         5386    i.prvSampleTimeNow  timers.o
    0x0800ac6c   0x0800ac6c   0x00000058   Code   RO         5000    i.prvSearchForNameWithinSingleList  tasks.o
    0x0800acc4   0x0800acc4   0x0000006c   Code   RO         5387    i.prvSwitchTimerLists  timers.o
    0x0800ad30   0x0800ad30   0x00000014   Code   RO         5001    i.prvTaskCheckFreeStackSpace  tasks.o
    0x0800ad44   0x0800ad44   0x00000028   Code   RO         6121    i.prvTaskExitError  port.o
    0x0800ad6c   0x0800ad6c   0x00000024   Code   RO         5388    i.prvTimerTask      timers.o
    0x0800ad90   0x0800ad90   0x0000006a   Code   RO         4595    i.prvUnlockQueue    queue.o
    0x0800adfa   0x0800adfa   0x00000002   PAD
    0x0800adfc   0x0800adfc   0x000000dc   Code   RO         6067    i.pvPortMalloc      heap_4.o
    0x0800aed8   0x0800aed8   0x0000002c   Code   RO         6122    i.pxPortInitialiseStack  port.o
    0x0800af04   0x0800af04   0x00000084   Code   RO         8104    i.quat_normalization  AHRS.lib(ahrs.o)
    0x0800af88   0x0800af88   0x00000010   Code   RO         6770    i.radian_to_degree  ins_task.o
    0x0800af98   0x0800af98   0x0000003e   Code   RO         8316    i.sqrtf             m_wm.l(sqrtf.o)
    0x0800afd6   0x0800afd6   0x00000002   PAD
    0x0800afd8   0x0800afd8   0x00000068   Code   RO         5004    i.ulTaskNotifyTake  tasks.o
    0x0800b040   0x0800b040   0x0000007a   Code   RO         8105    i.update_w          AHRS.lib(ahrs.o)
    0x0800b0ba   0x0800b0ba   0x00000026   Code   RO         4550    i.uxListRemove      list.o
    0x0800b0e0   0x0800b0e0   0x00000010   Code   RO         5007    i.uxTaskGetStackHighWaterMark  tasks.o
    0x0800b0f0   0x0800b0f0   0x00000014   Code   RO         5625    i.vApplicationGetIdleTaskMemory  cmsis_os2.o
    0x0800b104   0x0800b104   0x00000018   Code   RO         5626    i.vApplicationGetTimerTaskMemory  cmsis_os2.o
    0x0800b11c   0x0800b11c   0x00000016   Code   RO         4551    i.vListInitialise   list.o
    0x0800b132   0x0800b132   0x00000006   Code   RO         4552    i.vListInitialiseItem  list.o
    0x0800b138   0x0800b138   0x00000030   Code   RO         4553    i.vListInsert       list.o
    0x0800b168   0x0800b168   0x00000018   Code   RO         4554    i.vListInsertEnd    list.o
    0x0800b180   0x0800b180   0x00000040   Code   RO         6124    i.vPortEnterCritical  port.o
    0x0800b1c0   0x0800b1c0   0x00000028   Code   RO         6125    i.vPortExitCritical  port.o
    0x0800b1e8   0x0800b1e8   0x00000064   Code   RO         6068    i.vPortFree         heap_4.o
    0x0800b24c   0x0800b24c   0x00000024   Code   RO         6126    i.vPortSetupTimerInterrupt  port.o
    0x0800b270   0x0800b270   0x00000054   Code   RO         6127    i.vPortValidateInterruptPriority  port.o
    0x0800b2c4   0x0800b2c4   0x00000028   Code   RO         4601    i.vQueueAddToRegistry  queue.o
    0x0800b2ec   0x0800b2ec   0x00000044   Code   RO         4605    i.vQueueWaitForMessageRestricted  queue.o
    0x0800b330   0x0800b330   0x0000004c   Code   RO         5014    i.vTaskDelay        tasks.o
    0x0800b37c   0x0800b37c   0x00000090   Code   RO         5016    i.vTaskDelete       tasks.o
    0x0800b40c   0x0800b40c   0x00000010   Code   RO         5019    i.vTaskInternalSetTimeOutState  tasks.o
    0x0800b41c   0x0800b41c   0x0000000c   Code   RO         5020    i.vTaskMissedYield  tasks.o
    0x0800b428   0x0800b428   0x000000b0   Code   RO         5021    i.vTaskNotifyGiveFromISR  tasks.o
    0x0800b4d8   0x0800b4d8   0x00000030   Code   RO         5022    i.vTaskPlaceOnEventList  tasks.o
    0x0800b508   0x0800b508   0x00000038   Code   RO         5023    i.vTaskPlaceOnEventListRestricted  tasks.o
    0x0800b540   0x0800b540   0x00000088   Code   RO         5031    i.vTaskStartScheduler  tasks.o
    0x0800b5c8   0x0800b5c8   0x00000010   Code   RO         5033    i.vTaskSuspendAll   tasks.o
    0x0800b5d8   0x0800b5d8   0x00000064   Code   RO         5034    i.vTaskSwitchContext  tasks.o
    0x0800b63c   0x0800b63c   0x000000f4   Code   RO         6128    i.xPortStartScheduler  port.o
    0x0800b730   0x0800b730   0x0000002c   Code   RO         6129    i.xPortSysTickHandler  port.o
    0x0800b75c   0x0800b75c   0x00000042   Code   RO         4610    i.xQueueGenericCreate  queue.o
    0x0800b79e   0x0800b79e   0x00000066   Code   RO         4611    i.xQueueGenericCreateStatic  queue.o
    0x0800b804   0x0800b804   0x00000088   Code   RO         4612    i.xQueueGenericReset  queue.o
    0x0800b88c   0x0800b88c   0x00000160   Code   RO         4613    i.xQueueGenericSend  queue.o
    0x0800b9ec   0x0800b9ec   0x000000be   Code   RO         4614    i.xQueueGenericSendFromISR  queue.o
    0x0800baaa   0x0800baaa   0x00000002   PAD
    0x0800baac   0x0800baac   0x00000138   Code   RO         4623    i.xQueueReceive     queue.o
    0x0800bbe4   0x0800bbe4   0x00000088   Code   RO         5037    i.xTaskCheckForTimeOut  tasks.o
    0x0800bc6c   0x0800bc6c   0x0000005a   Code   RO         5038    i.xTaskCreate       tasks.o
    0x0800bcc6   0x0800bcc6   0x00000056   Code   RO         5039    i.xTaskCreateStatic  tasks.o
    0x0800bd1c   0x0800bd1c   0x00000088   Code   RO         5043    i.xTaskGetHandle    tasks.o
    0x0800bda4   0x0800bda4   0x0000001c   Code   RO         5044    i.xTaskGetSchedulerState  tasks.o
    0x0800bdc0   0x0800bdc0   0x0000000c   Code   RO         5045    i.xTaskGetTickCount  tasks.o
    0x0800bdcc   0x0800bdcc   0x000000c8   Code   RO         5047    i.xTaskIncrementTick  tasks.o
    0x0800be94   0x0800be94   0x00000080   Code   RO         5050    i.xTaskPriorityDisinherit  tasks.o
    0x0800bf14   0x0800bf14   0x00000070   Code   RO         5052    i.xTaskRemoveFromEventList  tasks.o
    0x0800bf84   0x0800bf84   0x000000c4   Code   RO         5053    i.xTaskResumeAll    tasks.o
    0x0800c048   0x0800c048   0x00000060   Code   RO         5397    i.xTimerCreateTimerTask  timers.o
    0x0800c0a8   0x0800c0a8   0x00000068   Code   RO         5398    i.xTimerGenericCommand  timers.o
    0x0800c110   0x0800c110   0x00000018   Code   RO         8198    x$fpl$basic         fz_wm.l(basic.o)
    0x0800c128   0x0800c128   0x00000062   Code   RO         8200    x$fpl$d2f           fz_wm.l(d2f.o)
    0x0800c18a   0x0800c18a   0x00000002   PAD
    0x0800c18c   0x0800c18c   0x00000150   Code   RO         8202    x$fpl$dadd          fz_wm.l(daddsub_clz.o)
    0x0800c2dc   0x0800c2dc   0x00000018   Code   RO         8349    x$fpl$dcmpinf       fz_wm.l(dcmpi.o)
    0x0800c2f4   0x0800c2f4   0x000002b0   Code   RO         8209    x$fpl$ddiv          fz_wm.l(ddiv.o)
    0x0800c5a4   0x0800c5a4   0x0000005e   Code   RO         8212    x$fpl$dfix          fz_wm.l(dfix.o)
    0x0800c602   0x0800c602   0x0000002e   Code   RO         8217    x$fpl$dflt          fz_wm.l(dflt_clz.o)
    0x0800c630   0x0800c630   0x00000026   Code   RO         8216    x$fpl$dfltu         fz_wm.l(dflt_clz.o)
    0x0800c656   0x0800c656   0x00000002   PAD
    0x0800c658   0x0800c658   0x00000078   Code   RO         8222    x$fpl$dleqf         fz_wm.l(dleqf.o)
    0x0800c6d0   0x0800c6d0   0x00000154   Code   RO         8224    x$fpl$dmul          fz_wm.l(dmul.o)
    0x0800c824   0x0800c824   0x0000009c   Code   RO         8351    x$fpl$dnaninf       fz_wm.l(dnaninf.o)
    0x0800c8c0   0x0800c8c0   0x00000150   Code   RO         8353    x$fpl$drem          fz_wm.l(drem_clz.o)
    0x0800ca10   0x0800ca10   0x0000000c   Code   RO         8355    x$fpl$dretinf       fz_wm.l(dretinf.o)
    0x0800ca1c   0x0800ca1c   0x0000006c   Code   RO         8226    x$fpl$drleqf        fz_wm.l(drleqf.o)
    0x0800ca88   0x0800ca88   0x00000016   Code   RO         8203    x$fpl$drsb          fz_wm.l(daddsub_clz.o)
    0x0800ca9e   0x0800ca9e   0x00000002   PAD
    0x0800caa0   0x0800caa0   0x000001d4   Code   RO         8204    x$fpl$dsub          fz_wm.l(daddsub_clz.o)
    0x0800cc74   0x0800cc74   0x00000056   Code   RO         8228    x$fpl$f2d           fz_wm.l(f2d.o)
    0x0800ccca   0x0800ccca   0x0000008c   Code   RO         8357    x$fpl$fnaninf       fz_wm.l(fnaninf.o)
    0x0800cd56   0x0800cd56   0x0000000a   Code   RO         8528    x$fpl$fpinit        fz_wm.l(fpinit.o)
    0x0800cd60   0x0800cd60   0x000000f4   Code   RO         8359    x$fpl$frem          fz_wm.l(frem_clz.o)
    0x0800ce54   0x0800ce54   0x0000000a   Code   RO         8361    x$fpl$fretinf       fz_wm.l(fretinf.o)
    0x0800ce5e   0x0800ce5e   0x00000000   Code   RO         8363    x$fpl$usenofp       fz_wm.l(usenofp.o)
    0x0800ce5e   0x0800ce5e   0x00000002   PAD
    0x0800ce60   0x0800ce60   0x000001bc   Data   RO          335    .constdata          freertos.o
    0x0800d01c   0x0800d01c   0x00000008   Data   RO         2568    .constdata          stm32f4xx_hal_dma.o
    0x0800d024   0x0800d024   0x00000010   Data   RO         4386    .constdata          system_stm32f4xx.o
    0x0800d034   0x0800d034   0x00000008   Data   RO         4387    .constdata          system_stm32f4xx.o
    0x0800d03c   0x0800d03c   0x00000012   Data   RO         6368    .constdata          bmi088driver.o
    0x0800d04e   0x0800d04e   0x00000002   PAD
    0x0800d050   0x0800d050   0x0000000c   Data   RO         6774    .constdata          ins_task.o
    0x0800d05c   0x0800d05c   0x0000000c   Data   RO         6892    .constdata          ist8310driver.o
    0x0800d068   0x0800d068   0x0000000c   Data   RO         8106    .constdata          AHRS.lib(ahrs.o)
    0x0800d074   0x0800d074   0x00000004   PAD
    0x0800d078   0x0800d078   0x00000030   Data   RO         8365    .constdata          m_wm.l(cos_i.o)
    0x0800d0a8   0x0800d0a8   0x000000c8   Data   RO         8399    .constdata          m_wm.l(rred.o)
    0x0800d170   0x0800d170   0x00000028   Data   RO         8406    .constdata          m_wm.l(sin_i.o)
    0x0800d198   0x0800d198   0x000000a8   Data   RO          336    .conststring        freertos.o
    0x0800d240   0x0800d240   0x00000020   Data   RO         8584    Region$$Table       anon$$obj.o


    Execution Region RW_IRAM1 (Exec base: 0x20000000, Load base: 0x0800d260, Size: 0x00007410, Max: 0x0001c000, ABSOLUTE, COMPRESSED[0x0000006c])

    Exec Addr    Load Addr    Size         Type   Attr      Idx    E Section Name        Object

    0x20000000   COMPRESSED   0x00000034   Data   RW          337    .data               freertos.o
    0x20000034   COMPRESSED   0x00000004   Data   RW          458    .data               can.o
    0x20000038   COMPRESSED   0x0000000c   Data   RW         3013    .data               stm32f4xx_hal.o
    0x20000044   COMPRESSED   0x00000004   Data   RW         4388    .data               system_stm32f4xx.o
    0x20000048   COMPRESSED   0x0000003c   Data   RW         5056    .data               tasks.o
    0x20000084   COMPRESSED   0x00000014   Data   RW         5406    .data               timers.o
    0x20000098   COMPRESSED   0x00000004   Data   RW         5628    .data               cmsis_os2.o
    0x2000009c   COMPRESSED   0x00000020   Data   RW         6074    .data               heap_4.o
    0x200000bc   COMPRESSED   0x0000000c   Data   RW         6130    .data               port.o
    0x200000c8   COMPRESSED   0x0000002c   Data   RW         6369    .data               bmi088driver.o
    0x200000f4   COMPRESSED   0x00000008   Data   RW         6658    .data               bsp_delay.o
    0x200000fc   COMPRESSED   0x000000a8   Data   RW         6776    .data               ins_task.o
    0x200001a4   COMPRESSED   0x0000000c   Data   RW         7211    .data               sound_effects_task.o
    0x200001b0   COMPRESSED   0x00000004   Data   RW         7395    .data               hotrc_ht10a.o
    0x200001b4   COMPRESSED   0x00000004   Data   RW         7457    .data               dual_board_transmit.o
    0x200001b8   COMPRESSED   0x00000004   Data   RW         7513    .data               my_pid.o
    0x200001bc   COMPRESSED   0x0000000c   Data   RW         7761    .data               uap_freertos.o
    0x200001c8   COMPRESSED   0x0000001c   Data   RW         8033    .data               hero_drivesystem.o
    0x200001e4   COMPRESSED   0x00000010   Data   RW         8107    .data               AHRS.lib(ahrs.o)
    0x200001f4        -       0x00000200   Zero   RW          315    .bss                freertos.o
    0x200003f4        -       0x0000005c   Zero   RW          316    .bss                freertos.o
    0x20000450        -       0x00000200   Zero   RW          317    .bss                freertos.o
    0x20000650        -       0x0000005c   Zero   RW          318    .bss                freertos.o
    0x200006ac        -       0x00000400   Zero   RW          319    .bss                freertos.o
    0x20000aac        -       0x0000005c   Zero   RW          320    .bss                freertos.o
    0x20000b08        -       0x00000200   Zero   RW          321    .bss                freertos.o
    0x20000d08        -       0x0000005c   Zero   RW          322    .bss                freertos.o
    0x20000d64        -       0x00000200   Zero   RW          323    .bss                freertos.o
    0x20000f64        -       0x0000005c   Zero   RW          324    .bss                freertos.o
    0x20000fc0        -       0x00000200   Zero   RW          325    .bss                freertos.o
    0x200011c0        -       0x0000005c   Zero   RW          326    .bss                freertos.o
    0x2000121c        -       0x00000200   Zero   RW          327    .bss                freertos.o
    0x2000141c        -       0x0000005c   Zero   RW          328    .bss                freertos.o
    0x20001478        -       0x00000200   Zero   RW          329    .bss                freertos.o
    0x20001678        -       0x0000005c   Zero   RW          330    .bss                freertos.o
    0x200016d4        -       0x0000000a   Zero   RW          331    .bss                freertos.o
    0x200016de   COMPRESSED   0x00000002   PAD
    0x200016e0        -       0x00000050   Zero   RW          332    .bss                freertos.o
    0x20001730        -       0x00000020   Zero   RW          333    .bss                freertos.o
    0x20001750        -       0x00000050   Zero   RW          334    .bss                freertos.o
    0x200017a0        -       0x00000050   Zero   RW          457    .bss                can.o
    0x200017f0        -       0x00000054   Zero   RW          529    .bss                i2c.o
    0x20001844        -       0x00000118   Zero   RW          571    .bss                spi.o
    0x2000195c        -       0x00000048   Zero   RW          614    .bss                tim.o
    0x200019a4        -       0x000000a8   Zero   RW          661    .bss                usart.o
    0x20001a4c        -       0x00000048   Zero   RW          851    .bss                stm32f4xx_hal_timebase_tim.o
    0x20001a94        -       0x00000040   Zero   RW         4627    .bss                queue.o
    0x20001ad4        -       0x000004c4   Zero   RW         5055    .bss                tasks.o
    0x20001f98        -       0x00000118   Zero   RW         5405    .bss                timers.o
    0x200020b0        -       0x000006b8   Zero   RW         5627    .bss                cmsis_os2.o
    0x20002768        -       0x00003c00   Zero   RW         6073    .bss                heap_4.o
    0x20006368        -       0x00000128   Zero   RW         6771    .bss                ins_task.o
    0x20006490        -       0x00000048   Zero   RW         7159    .bss                buzzer_tim_init.o
    0x200064d8        -       0x00000080   Zero   RW         7311    .bss                dji_motor_can.o
    0x20006558        -       0x00000080   Zero   RW         7312    .bss                dji_motor_can.o
    0x200065d8        -       0x00000078   Zero   RW         7394    .bss                hotrc_ht10a.o
    0x20006650        -       0x00000100   Zero   RW         7455    .bss                dual_board_transmit.o
    0x20006750        -       0x00000100   Zero   RW         7456    .bss                dual_board_transmit.o
    0x20006850        -       0x00000490   Zero   RW         7806    .bss                dji_motor_contral.o
    0x20006ce0        -       0x00000058   Zero   RW         7860    .bss                user_cancallback.o
    0x20006d38        -       0x00000078   Zero   RW         8031    .bss                hero_drivesystem.o
    0x20006db0        -       0x00000060   Zero   RW         8444    .bss                c_w.l(libspace.o)
    0x20006e10        -       0x00000200   Zero   RW            2    HEAP                startup_stm32f407xx.o
    0x20007010        -       0x00000400   Zero   RW            1    STACK               startup_stm32f407xx.o


    Execution Region RW_IRAM2 (Exec base: 0x2001c000, Load base: 0x0800d2cc, Size: 0x00000000, Max: 0x00004000, ABSOLUTE)

    **** No section assigned to this execution region ****


==============================================================================

Image component sizes


      Code (inc. data)   RO Data    RW Data    ZI Data      Debug   Object Name

       126          6          0          0          0       5164   ahrs_middleware.o
      2158         32         18         44          0     591775   bmi088driver.o
       108         28          0          0          0      10128   bmi088middleware.o
        32         10          0          0          0       1149   bsp_buzzer_driver.o
        92         18          0          8          0       1428   bsp_delay.o
        12          4          0          0          0        526   bsp_imu_pwm.o
      4964         74          0          0          0       2474   bsp_spi.o
       322         38          0          0         72       3549   buzzer_tim_init.o
       420         42          0          4         80       2718   can.o
       356          8          0          0          0       3662   can_part.o
       414         22          0          4       1720      66943   cmsis_os2.o
       238         10          0          0        256       5612   dji_motor_can.o
      1880        148          0          0       1168       7195   dji_motor_contral.o
        92          4          0          0          0        914   dma.o
       266         22          0          4        512       4640   dual_board_transmit.o
         0          0          0          0          0      19580   event_groups.o
       256         58        612         52       5546       8333   freertos.o
       424         24          0          0          0       1263   gpio.o
       472         24          0         32      15360       5147   heap_4.o
       680          8          0          0          0       4059   hero_chassis.o
       668        116          0         28        120       4349   hero_drivesystem.o
       220         38          0          0          0       1942   hero_gimbal.o
       164         34          0          0          0       1835   hero_math.o
        48          4          0          0          0       1075   hero_shooting.o
       712         42          0          4        120       6008   hotrc_ht10a.o
       200         32          0          0         84       1901   i2c.o
       388          8          0          0          0       2550   imu_pid.o
      2128        152         12        168        296      11613   ins_task.o
       128          6         12          0          0       1507   ist8310driver.o
       112         22          0          0          0       3983   ist8310driver_middleware.o
       138          0          0          0          0       3830   list.o
       228          8          0          0          0     744333   main.o
       390         40          0          0          0       3196   my_math.o
      1132         66          0          4          0      11027   my_pid.o
       786         82          0         12          0      12037   port.o
      1580         20          0          0         64      19154   queue.o
       908         24          0         12          0       3671   sound_effects_task.o
       328         32          0          0        280       2087   spi.o
        64         26        392          0       1536        888   startup_stm32f407xx.o
        80         14          0         12          0       8346   stm32f4xx_hal.o
      1682          6          0          0          0      15977   stm32f4xx_hal_can.o
       158         14          0          0          0      33274   stm32f4xx_hal_cortex.o
      1084         16          8          0          0       7742   stm32f4xx_hal_dma.o
       530         52          0          0          0       2995   stm32f4xx_hal_gpio.o
      2294         52          0          0          0      13738   stm32f4xx_hal_i2c.o
        56          4          0          0          0        954   stm32f4xx_hal_msp.o
      1412         86          0          0          0       6225   stm32f4xx_hal_rcc.o
       980         16          0          0          0       5125   stm32f4xx_hal_spi.o
      2094        166          0          0          0      18783   stm32f4xx_hal_tim.o
       148         28          0          0          0       2661   stm32f4xx_hal_tim_ex.o
       152         18          0          0         72       1611   stm32f4xx_hal_timebase_tim.o
      1758         28          0          0          0      13958   stm32f4xx_hal_uart.o
       128         40          0          0          0       8743   stm32f4xx_it.o
         0          0          0          0          0        428   stream_buffer.o
        16          4         24          4          0       1259   system_stm32f4xx.o
      2832        226          0         60       1220      35449   tasks.o
       224         32          0          0         72       2494   tim.o
       972         80          0         20        280      30227   timers.o
       196         34          0         12          0       2970   uap_freertos.o
        24          4          0          0          0        539   uap_init.o
       248         34          0          0        168       1981   usart.o
       356         28          0          0         88       3184   user_cancallback.o

    ----------------------------------------------------------------------
     41136       2314       1112        484      29116    1801908   Object Totals
         0          0         32          0          0          0   (incl. Generated)
        78          0          2          0          2          0   (incl. Padding)

    ----------------------------------------------------------------------

      Code (inc. data)   RO Data    RW Data    ZI Data      Debug   Library Member Name

      2718         84         12         16          0       9922   ahrs.o
        90          0          0          0          0          0   __dczerorl2.o
         8          0          0          0          0         68   __main.o
         0          0          0          0          0          0   __rtentry.o
        12          0          0          0          0          0   __rtentry2.o
         6          0          0          0          0          0   __rtentry4.o
        52          8          0          0          0          0   __scatter.o
        28          0          0          0          0          0   __scatter_zi.o
        22          0          0          0          0        100   _rserrno.o
        16          0          0          0          0         68   aeabi_memset.o
        18          0          0          0          0         80   exit.o
         6          0          0          0          0        152   heapauxi.o
         0          0          0          0          0          0   indicate_semi.o
         2          0          0          0          0          0   libinit.o
         6          0          0          0          0          0   libinit2.o
         2          0          0          0          0          0   libshutdown.o
         2          0          0          0          0          0   libshutdown2.o
         8          4          0          0         96         68   libspace.o
       238          0          0          0          0        100   lludivv7m.o
         8          4          0          0          0         68   rt_errno_addr_intlibspace.o
        68          0          0          0          0         68   rt_memclr.o
        78          0          0          0          0         80   rt_memclr_w.o
       138          0          0          0          0         68   rt_memcpy_v6.o
       100          0          0          0          0         80   rt_memcpy_w.o
         2          0          0          0          0          0   rtexit.o
        10          0          0          0          0          0   rtexit2.o
        62          0          0          0          0         76   strlen.o
        12          4          0          0          0         68   sys_exit.o
        74          0          0          0          0         80   sys_stackheap_outer.o
         2          0          0          0          0         68   use_no_semi.o
        24          0          0          0          0        164   basic.o
        98          4          0          0          0        140   d2f.o
       826         16          0          0          0        492   daddsub_clz.o
        24          0          0          0          0        116   dcmpi.o
       688        140          0          0          0        256   ddiv.o
        94          4          0          0          0        140   dfix.o
        84          0          0          0          0        232   dflt_clz.o
       120          4          0          0          0        140   dleqf.o
       340         12          0          0          0        152   dmul.o
       156          4          0          0          0        140   dnaninf.o
       336         12          0          0          0        136   drem_clz.o
        12          0          0          0          0        116   dretinf.o
       108          0          0          0          0        128   drleqf.o
        86          4          0          0          0        132   f2d.o
       140          4          0          0          0        132   fnaninf.o
        10          0          0          0          0        116   fpinit.o
       244          8          0          0          0        132   frem_clz.o
        10          0          0          0          0        116   fretinf.o
         0          0          0          0          0          0   usenofp.o
       300         42          0          0          0        176   asinf.o
       592         90          0          0          0        184   atan2f.o
       200         20          0          0          0        164   cos.o
       368         46         48          0          0        200   cos_i.o
        84         16          0          0          0        372   dunder.o
        24          0          0          0          0        124   fabs.o
       260          6          0          0          0        144   fmod.o
       176          0          0          0          0        168   fmodf.o
        48          0          0          0          0        124   fpclassify.o
        38          0          0          0          0        116   fpclassifyf.o
        44         12          0          0          0        464   funder.o
       248          0          0          0          0        152   poly.o
      1080        142        200          0          0        188   rred.o
       200         20          0          0          0        164   sin.o
       304         24         40          0          0        208   sin_i.o
       120          0          0          0          0        272   sqrtf.o

    ----------------------------------------------------------------------
     11304        734        304         16         96      17414   Library Totals
        30          0          4          0          0          0   (incl. Padding)

    ----------------------------------------------------------------------

      Code (inc. data)   RO Data    RW Data    ZI Data      Debug   Library Name

      2718         84         12         16          0       9922   AHRS.lib
      1070         20          0          0         96       1292   c_w.l
      3400        212          0          0          0       2980   fz_wm.l
      4086        418        288          0          0       3220   m_wm.l

    ----------------------------------------------------------------------
     11304        734        304         16         96      17414   Library Totals

    ----------------------------------------------------------------------

==============================================================================


      Code (inc. data)   RO Data    RW Data    ZI Data      Debug   

     52440       3048       1416        500      29212    1781698   Grand Totals
     52440       3048       1416        108      29212    1781698   ELF Image Totals (compressed)
     52440       3048       1416        108          0          0   ROM Totals

==============================================================================

    Total RO  Size (Code + RO Data)                53856 (  52.59kB)
    Total RW  Size (RW Data + ZI Data)             29712 (  29.02kB)
    Total ROM Size (Code + RO Data + RW Data)      53964 (  52.70kB)

==============================================================================

