Component: ARM Compiler 5.06 update 5 (build 528) Tool: armlink [4d35e2]

==============================================================================

Section Cross References

    startup_stm32f407xx.o(STACK) refers (Special) to heapauxi.o(.text) for __use_two_region_memory
    startup_stm32f407xx.o(HEAP) refers (Special) to heapauxi.o(.text) for __use_two_region_memory
    startup_stm32f407xx.o(RESET) refers (Special) to heapauxi.o(.text) for __use_two_region_memory
    startup_stm32f407xx.o(RESET) refers to startup_stm32f407xx.o(STACK) for __initial_sp
    startup_stm32f407xx.o(RESET) refers to startup_stm32f407xx.o(.text) for Reset_Handler
    startup_stm32f407xx.o(RESET) refers to stm32f4xx_it.o(i.NMI_Handler) for NMI_Handler
    startup_stm32f407xx.o(RESET) refers to stm32f4xx_it.o(i.HardFault_Handler) for HardFault_Handler
    startup_stm32f407xx.o(RESET) refers to stm32f4xx_it.o(i.MemManage_Handler) for MemManage_Handler
    startup_stm32f407xx.o(RESET) refers to stm32f4xx_it.o(i.BusFault_Handler) for BusFault_Handler
    startup_stm32f407xx.o(RESET) refers to stm32f4xx_it.o(i.UsageFault_Handler) for UsageFault_Handler
    startup_stm32f407xx.o(RESET) refers to port.o(.emb_text) for SVC_Handler
    startup_stm32f407xx.o(RESET) refers to stm32f4xx_it.o(i.DebugMon_Handler) for DebugMon_Handler
    startup_stm32f407xx.o(RESET) refers to stm32f4xx_it.o(i.SysTick_Handler) for SysTick_Handler
    startup_stm32f407xx.o(RESET) refers to stm32f4xx_it.o(i.EXTI0_IRQHandler) for EXTI0_IRQHandler
    startup_stm32f407xx.o(RESET) refers to stm32f4xx_it.o(i.EXTI3_IRQHandler) for EXTI3_IRQHandler
    startup_stm32f407xx.o(RESET) refers to stm32f4xx_it.o(i.EXTI4_IRQHandler) for EXTI4_IRQHandler
    startup_stm32f407xx.o(RESET) refers to stm32f4xx_it.o(i.DMA1_Stream1_IRQHandler) for DMA1_Stream1_IRQHandler
    startup_stm32f407xx.o(RESET) refers to stm32f4xx_it.o(i.CAN1_RX0_IRQHandler) for CAN1_RX0_IRQHandler
    startup_stm32f407xx.o(RESET) refers to stm32f4xx_it.o(i.EXTI9_5_IRQHandler) for EXTI9_5_IRQHandler
    startup_stm32f407xx.o(RESET) refers to stm32f4xx_it.o(i.TIM2_IRQHandler) for TIM2_IRQHandler
    startup_stm32f407xx.o(RESET) refers to stm32f4xx_it.o(i.USART3_IRQHandler) for USART3_IRQHandler
    startup_stm32f407xx.o(RESET) refers to ins_task.o(i.DMA2_Stream2_IRQHandler) for DMA2_Stream2_IRQHandler
    startup_stm32f407xx.o(RESET) refers to stm32f4xx_it.o(i.CAN2_RX0_IRQHandler) for CAN2_RX0_IRQHandler
    startup_stm32f407xx.o(RESET) refers to stm32f4xx_it.o(i.CAN2_RX1_IRQHandler) for CAN2_RX1_IRQHandler
    startup_stm32f407xx.o(.text) refers (Special) to heapauxi.o(.text) for __use_two_region_memory
    startup_stm32f407xx.o(.text) refers to system_stm32f4xx.o(i.SystemInit) for SystemInit
    startup_stm32f407xx.o(.text) refers to __main.o(!!!main) for __main
    startup_stm32f407xx.o(.text) refers to startup_stm32f407xx.o(HEAP) for Heap_Mem
    startup_stm32f407xx.o(.text) refers to startup_stm32f407xx.o(STACK) for Stack_Mem
    main.o(i.HAL_TIM_PeriodElapsedCallback) refers to my_time.o(i.MY_TIM2_Callback) for MY_TIM2_Callback
    main.o(i.SystemClock_Config) refers to rt_memclr_w.o(.text) for __aeabi_memclr4
    main.o(i.SystemClock_Config) refers to stm32f4xx_hal_rcc.o(i.HAL_RCC_OscConfig) for HAL_RCC_OscConfig
    main.o(i.SystemClock_Config) refers to stm32f4xx_hal_rcc.o(i.HAL_RCC_ClockConfig) for HAL_RCC_ClockConfig
    main.o(i.main) refers to stm32f4xx_hal.o(i.HAL_Init) for HAL_Init
    main.o(i.main) refers to main.o(i.SystemClock_Config) for SystemClock_Config
    main.o(i.main) refers to gpio.o(i.MX_GPIO_Init) for MX_GPIO_Init
    main.o(i.main) refers to dma.o(i.MX_DMA_Init) for MX_DMA_Init
    main.o(i.main) refers to can.o(i.MX_CAN1_Init) for MX_CAN1_Init
    main.o(i.main) refers to tim.o(i.MX_TIM2_Init) for MX_TIM2_Init
    main.o(i.main) refers to can.o(i.MX_CAN2_Init) for MX_CAN2_Init
    main.o(i.main) refers to spi.o(i.MX_SPI1_Init) for MX_SPI1_Init
    main.o(i.main) refers to i2c.o(i.MX_I2C3_Init) for MX_I2C3_Init
    main.o(i.main) refers to tim.o(i.MX_TIM10_Init) for MX_TIM10_Init
    main.o(i.main) refers to usart.o(i.MX_USART3_UART_Init) for MX_USART3_UART_Init
    main.o(i.main) refers to bsp_delay.o(i.delay_init) for delay_init
    main.o(i.main) refers to stm32f4xx_hal_tim.o(i.HAL_TIM_Base_Start_IT) for HAL_TIM_Base_Start_IT
    main.o(i.main) refers to bsp_can.o(i.can_filter_init) for can_filter_init
    main.o(i.main) refers to uap_init.o(i.UAP_Init) for UAP_Init
    main.o(i.main) refers to cmsis_os2.o(i.osKernelInitialize) for osKernelInitialize
    main.o(i.main) refers to freertos.o(i.MX_FREERTOS_Init) for MX_FREERTOS_Init
    main.o(i.main) refers to cmsis_os2.o(i.osKernelStart) for osKernelStart
    main.o(i.main) refers to tim.o(.bss) for htim2
    gpio.o(i.MX_GPIO_Init) refers to rt_memclr_w.o(.text) for __aeabi_memclr4
[...]
    NMI_Handler                              0x08004af1   Thumb Code     2  stm32f4xx_it.o(i.NMI_Handler)
    PID_FF_Calculate_CycleAngle              0x08004bb5   Thumb Code   212  my_pid.o(i.PID_FF_Calculate_CycleAngle)
    PID_FF_Init                              0x08004c9d   Thumb Code    38  my_pid.o(i.PID_FF_Init)
    PID_FF_Reset                             0x08004cc5   Thumb Code    38  my_pid.o(i.PID_FF_Reset)
    PID_Init                                 0x08004cf1   Thumb Code    40  my_pid.o(i.PID_Init)
    PID_calc                                 0x08004d1d   Thumb Code   292  pid.o(i.PID_calc)
    PID_init                                 0x08004e45   Thumb Code    88  pid.o(i.PID_init)
    Remote_ControlInit                       0x08004ea1   Thumb Code    26  hotrc_ht10a.o(i.Remote_ControlInit)
    SPI1_DMA_enable                          0x08004ec5   Thumb Code  4706  bsp_spi.o(i.SPI1_DMA_enable)
    SPI1_DMA_init                            0x08006139   Thumb Code   216  bsp_spi.o(i.SPI1_DMA_init)
    StartDefaultTask                         0x08006351   Thumb Code     8  freertos.o(i.StartDefaultTask)
    StartRealTime_TASK                       0x08006359   Thumb Code    78  uap_freertos.o(i.StartRealTime_TASK)
    Start_DJI_RecieveData                    0x080063b9   Thumb Code    48  uap_freertos.o(i.Start_DJI_RecieveData)
    SysTick_Handler                          0x08006415   Thumb Code    24  stm32f4xx_it.o(i.SysTick_Handler)
    SystemClock_Config                       0x0800642d   Thumb Code   140  main.o(i.SystemClock_Config)
    SystemInit                               0x080064c1   Thumb Code    12  system_stm32f4xx.o(i.SystemInit)
    TIM2_IRQHandler                          0x080064d1   Thumb Code     6  stm32f4xx_it.o(i.TIM2_IRQHandler)
    TIM_Base_Init_buzzer                     0x080064dd   Thumb Code    54  buzzer_tim_init.o(i.TIM_Base_Init_buzzer)
    TIM_Base_MspInit_buzzer                  0x08006515   Thumb Code    30  buzzer_tim_init.o(i.TIM_Base_MspInit_buzzer)
    TIM_Base_SetConfig                       0x0800653d   Thumb Code   164  stm32f4xx_hal_tim.o(i.TIM_Base_SetConfig)
    TIM_CCxChannelCmd                        0x0800660d   Thumb Code    26  stm32f4xx_hal_tim.o(i.TIM_CCxChannelCmd)
    TIM_ETR_SetConfig                        0x08006627   Thumb Code    20  stm32f4xx_hal_tim.o(i.TIM_ETR_SetConfig)
    TIM_MspPostInit_buzzer                   0x0800664d   Thumb Code    86  buzzer_tim_init.o(i.TIM_MspPostInit_buzzer)
    TIM_OC2_SetConfig                        0x08006715   Thumb Code    98  stm32f4xx_hal_tim.o(i.TIM_OC2_SetConfig)
    UAP_Init                                 0x0800687f   Thumb Code    14  uap_init.o(i.UAP_Init)
    UART_Start_Receive_DMA                   0x08006bc1   Thumb Code   146  stm32f4xx_hal_uart.o(i.UART_Start_Receive_DMA)
    USART3_IRQHandler                        0x08006c61   Thumb Code     6  stm32f4xx_it.o(i.USART3_IRQHandler)
    UsageFault_Handler                       0x08006c6d   Thumb Code     2  stm32f4xx_it.o(i.UsageFault_Handler)
    __ARM_fpclassify                         0x08006c6f   Thumb Code    48  fpclassify.o(i.__ARM_fpclassify)
    __ARM_fpclassifyf                        0x08006c9f   Thumb Code    38  fpclassifyf.o(i.__ARM_fpclassifyf)
    __hardfp_asinf                           0x08006ce5   Thumb Code   258  asinf.o(i.__hardfp_asinf)
    __hardfp_atan2f                          0x08006e11   Thumb Code   502  atan2f.o(i.__hardfp_atan2f)
    __hardfp_cos                             0x08007061   Thumb Code   180  cos.o(i.__hardfp_cos)
    __hardfp_fmod                            0x08007129   Thumb Code   254  fmod.o(i.__hardfp_fmod)
    __hardfp_fmodf                           0x0800722d   Thumb Code   176  fmodf.o(i.__hardfp_fmodf)
    __hardfp_sin                             0x080072e1   Thumb Code   180  sin.o(i.__hardfp_sin)
    __hardfp_sqrtf                           0x080073a9   Thumb Code    58  sqrtf.o(i.__hardfp_sqrtf)
    __ieee754_rem_pio2                       0x080073e9   Thumb Code   938  rred.o(i.__ieee754_rem_pio2)
    __kernel_cos                             0x08007821   Thumb Code   322  cos_i.o(i.__kernel_cos)
    __kernel_poly                            0x08007991   Thumb Code   248  poly.o(i.__kernel_poly)
    __kernel_sin                             0x08007a89   Thumb Code   280  sin_i.o(i.__kernel_sin)
    __mathlib_dbl_infnan                     0x08007bb9   Thumb Code    20  dunder.o(i.__mathlib_dbl_infnan)
    __mathlib_dbl_invalid                    0x08007bd1   Thumb Code    24  dunder.o(i.__mathlib_dbl_invalid)
    __mathlib_dbl_underflow                  0x08007bf1   Thumb Code    24  dunder.o(i.__mathlib_dbl_underflow)
    __mathlib_flt_infnan                     0x08007c11   Thumb Code     6  funder.o(i.__mathlib_flt_infnan)
    __mathlib_flt_infnan2                    0x08007c17   Thumb Code     6  funder.o(i.__mathlib_flt_infnan2)
    __mathlib_flt_invalid                    0x08007c1d   Thumb Code    10  funder.o(i.__mathlib_flt_invalid)
    __mathlib_flt_underflow                  0x08007c2d   Thumb Code    10  funder.o(i.__mathlib_flt_underflow)
    bmi088_accel_init                        0x08008105   Thumb Code   292  bmi088driver.o(i.bmi088_accel_init)
    bmi088_accel_self_test                   0x0800822d   Thumb Code   698  bmi088driver.o(i.bmi088_accel_self_test)
    bmi088_gyro_init                         0x080084ed   Thumb Code   214  bmi088driver.o(i.bmi088_gyro_init)
    bmi088_gyro_self_test                    0x080085c9   Thumb Code   202  bmi088driver.o(i.bmi088_gyro_self_test)
    buzzer_drv_off                           0x08008695   Thumb Code    10  bsp_buzzer_driver.o(i.buzzer_drv_off)
    buzzer_drv_on                            0x080086a5   Thumb Code    12  bsp_buzzer_driver.o(i.buzzer_drv_on)
    buzzer_effects_task                      0x080086b5   Thumb Code   378  sound_effects_task.o(i.buzzer_effects_task)
    can_filter_init                          0x08008835   Thumb Code    80  bsp_can.o(i.can_filter_init)
    delay_init                               0x0800888d   Thumb Code    26  bsp_delay.o(i.delay_init)
    delay_us                                 0x080088b5   Thumb Code    48  bsp_delay.o(i.delay_us)
    fabs                                     0x080088e9   Thumb Code    24  fabs.o(i.fabs)
    get_angle                                0x08008901   Thumb Code   232  ahrs.o(i.get_angle)
    get_buzzer_effect_point                  0x080089e9   Thumb Code     4  sound_effects_task.o(i.get_buzzer_effect_point)
    imu_pwm_set                              0x08008bd9   Thumb Code     8  bsp_imu_pwm.o(i.imu_pwm_set)
    ist8310_GPIO_init                        0x08008c61   Thumb Code     2  ist8310driver_middleware.o(i.ist8310_GPIO_init)
    ist8310_IIC_read_single_reg              0x08008c65   Thumb Code    32  ist8310driver_middleware.o(i.ist8310_IIC_read_single_reg)
    ist8310_IIC_write_single_reg             0x08008c89   Thumb Code    30  ist8310driver_middleware.o(i.ist8310_IIC_write_single_reg)
    ist8310_RST_H                            0x08008cad   Thumb Code    10  ist8310driver_middleware.o(i.ist8310_RST_H)
    ist8310_RST_L                            0x08008cbd   Thumb Code    10  ist8310driver_middleware.o(i.ist8310_RST_L)
    ist8310_com_init                         0x08008ccd   Thumb Code     2  ist8310driver_middleware.o(i.ist8310_com_init)
    ist8310_delay_ms                         0x08008ccf   Thumb Code     4  ist8310driver_middleware.o(i.ist8310_delay_ms)
    ist8310_init                             0x08008cd5   Thumb Code   122  ist8310driver.o(i.ist8310_init)
    main                                     0x08008d55   Thumb Code    76  main.o(i.main)
    osDelay                                  0x08008da5   Thumb Code    26  cmsis_os2.o(i.osDelay)
    osKernelInitialize                       0x08008dc1   Thumb Code    32  cmsis_os2.o(i.osKernelInitialize)
    osKernelStart                            0x08008de5   Thumb Code    48  cmsis_os2.o(i.osKernelStart)
    osMessageQueueGet                        0x08008e1d   Thumb Code    96  cmsis_os2.o(i.osMessageQueueGet)
    osMessageQueueNew                        0x08008e81   Thumb Code    88  cmsis_os2.o(i.osMessageQueueNew)
    osMessageQueuePut                        0x08008ed9   Thumb Code   100  cmsis_os2.o(i.osMessageQueuePut)
    osThreadNew                              0x08008f41   Thumb Code   138  cmsis_os2.o(i.osThreadNew)
    pcTaskGetName                            0x08009119   Thumb Code    28  tasks.o(i.pcTaskGetName)
    pvPortMalloc                             0x08009931   Thumb Code   216  heap_4.o(i.pvPortMalloc)
    pxPortInitialiseStack                    0x08009a0d   Thumb Code    40  port.o(i.pxPortInitialiseStack)
    radian_to_degree                         0x08009abd   Thumb Code    10  ins_task.o(i.radian_to_degree)
    sqrtf                                    0x08009acd   Thumb Code    62  sqrtf.o(i.sqrtf)
    ulTaskNotifyTake                         0x08009b0d   Thumb Code    96  tasks.o(i.ulTaskNotifyTake)
    uxListRemove                             0x08009bef   Thumb Code    38  list.o(i.uxListRemove)
    vApplicationGetIdleTaskMemory            0x08009c15   Thumb Code    16  cmsis_os2.o(i.vApplicationGetIdleTaskMemory)
    vApplicationGetTimerTaskMemory           0x08009c29   Thumb Code    18  cmsis_os2.o(i.vApplicationGetTimerTaskMemory)
    vListInitialise                          0x08009c41   Thumb Code    22  list.o(i.vListInitialise)
    vListInitialiseItem                      0x08009c57   Thumb Code     6  list.o(i.vListInitialiseItem)
    vListInsert                              0x08009c5d   Thumb Code    48  list.o(i.vListInsert)
    vListInsertEnd                           0x08009c8d   Thumb Code    24  list.o(i.vListInsertEnd)
    vPortEnterCritical                       0x08009ca5   Thumb Code    54  port.o(i.vPortEnterCritical)
    vPortExitCritical                        0x08009ce5   Thumb Code    34  port.o(i.vPortExitCritical)
    vPortFree                                0x08009d0d   Thumb Code    94  heap_4.o(i.vPortFree)
    vPortSetupTimerInterrupt                 0x08009d71   Thumb Code    32  port.o(i.vPortSetupTimerInterrupt)
    vPortValidateInterruptPriority           0x08009d95   Thumb Code    74  port.o(i.vPortValidateInterruptPriority)
    vQueueAddToRegistry                      0x08009de9   Thumb Code    34  queue.o(i.vQueueAddToRegistry)
    vQueueWaitForMessageRestricted           0x08009e11   Thumb Code    68  queue.o(i.vQueueWaitForMessageRestricted)
    vTaskDelay                               0x08009e55   Thumb Code    66  tasks.o(i.vTaskDelay)
    vTaskInternalSetTimeOutState             0x08009ea1   Thumb Code    12  tasks.o(i.vTaskInternalSetTimeOutState)
    vTaskMissedYield                         0x08009eb1   Thumb Code     8  tasks.o(i.vTaskMissedYield)
    vTaskNotifyGiveFromISR                   0x08009ebd   Thumb Code   162  tasks.o(i.vTaskNotifyGiveFromISR)
    vTaskPlaceOnEventList                    0x08009f6d   Thumb Code    44  tasks.o(i.vTaskPlaceOnEventList)
    vTaskPlaceOnEventListRestricted          0x08009f9d   Thumb Code    52  tasks.o(i.vTaskPlaceOnEventListRestricted)
    vTaskStartScheduler                      0x08009fd5   Thumb Code   118  tasks.o(i.vTaskStartScheduler)
    vTaskSuspendAll                          0x0800a05d   Thumb Code    10  tasks.o(i.vTaskSuspendAll)
    vTaskSwitchContext                       0x0800a06d   Thumb Code    90  tasks.o(i.vTaskSwitchContext)
    xPortStartScheduler                      0x0800a0d1   Thumb Code   222  port.o(i.xPortStartScheduler)
    xPortSysTickHandler                      0x0800a1c5   Thumb Code    38  port.o(i.xPortSysTickHandler)
    xQueueGenericCreate                      0x0800a1f1   Thumb Code    66  queue.o(i.xQueueGenericCreate)
    xQueueGenericCreateStatic                0x0800a233   Thumb Code   102  queue.o(i.xQueueGenericCreateStatic)
    xQueueGenericReset                       0x0800a299   Thumb Code   132  queue.o(i.xQueueGenericReset)
    xQueueGenericSend                        0x0800a321   Thumb Code   346  queue.o(i.xQueueGenericSend)
    xQueueGenericSendFromISR                 0x0800a481   Thumb Code   190  queue.o(i.xQueueGenericSendFromISR)
    xQueueReceive                            0x0800a541   Thumb Code   308  queue.o(i.xQueueReceive)
    xQueueReceiveFromISR                     0x0800a679   Thumb Code   154  queue.o(i.xQueueReceiveFromISR)
    xTaskCheckForTimeOut                     0x0800a715   Thumb Code   132  tasks.o(i.xTaskCheckForTimeOut)
    xTaskCreate                              0x0800a79d   Thumb Code    90  tasks.o(i.xTaskCreate)
    xTaskCreateStatic                        0x0800a7f7   Thumb Code    86  tasks.o(i.xTaskCreateStatic)
    xTaskGetHandle                           0x0800a84d   Thumb Code   122  tasks.o(i.xTaskGetHandle)
    xTaskGetSchedulerState                   0x0800a8d5   Thumb Code    22  tasks.o(i.xTaskGetSchedulerState)
    xTaskGetTickCount                        0x0800a8f1   Thumb Code     6  tasks.o(i.xTaskGetTickCount)
    xTaskIncrementTick                       0x0800a8fd   Thumb Code   192  tasks.o(i.xTaskIncrementTick)
    xTaskPriorityDisinherit                  0x0800a9c5   Thumb Code   118  tasks.o(i.xTaskPriorityDisinherit)
    xTaskRemoveFromEventList                 0x0800aa45   Thumb Code    98  tasks.o(i.xTaskRemoveFromEventList)
    xTaskResumeAll                           0x0800aab5   Thumb Code   182  tasks.o(i.xTaskResumeAll)
    xTimerCreateTimerTask                    0x0800ab79   Thumb Code    78  timers.o(i.xTimerCreateTimerTask)
    xTimerGenericCommand                     0x0800abd9   Thumb Code    98  timers.o(i.xTimerGenericCommand)
    __aeabi_dneg                             0x0800ac41   Thumb Code     0  basic.o(x$fpl$basic)
    _dneg                                    0x0800ac41   Thumb Code     6  basic.o(x$fpl$basic)
    __aeabi_fneg                             0x0800ac47   Thumb Code     0  basic.o(x$fpl$basic)
    _fneg                                    0x0800ac47   Thumb Code     6  basic.o(x$fpl$basic)
    _dabs                                    0x0800ac4d   Thumb Code     6  basic.o(x$fpl$basic)
    _fabs                                    0x0800ac53   Thumb Code     6  basic.o(x$fpl$basic)
    __aeabi_d2f                              0x0800ac59   Thumb Code     0  d2f.o(x$fpl$d2f)
    _d2f                                     0x0800ac59   Thumb Code    98  d2f.o(x$fpl$d2f)
    __aeabi_dadd                             0x0800acbd   Thumb Code     0  daddsub_clz.o(x$fpl$dadd)
    _dadd                                    0x0800acbd   Thumb Code   332  daddsub_clz.o(x$fpl$dadd)
    __fpl_dcmp_Inf                           0x0800ae0d   Thumb Code    24  dcmpi.o(x$fpl$dcmpinf)
    __aeabi_ddiv                             0x0800ae25   Thumb Code     0  ddiv.o(x$fpl$ddiv)
    _ddiv                                    0x0800ae25   Thumb Code   552  ddiv.o(x$fpl$ddiv)
    __aeabi_d2iz                             0x0800b0d5   Thumb Code     0  dfix.o(x$fpl$dfix)
    _dfix                                    0x0800b0d5   Thumb Code    94  dfix.o(x$fpl$dfix)
    __aeabi_i2d                              0x0800b133   Thumb Code     0  dflt_clz.o(x$fpl$dflt)
    _dflt                                    0x0800b133   Thumb Code    46  dflt_clz.o(x$fpl$dflt)
    __aeabi_ui2d                             0x0800b161   Thumb Code     0  dflt_clz.o(x$fpl$dfltu)
    _dfltu                                   0x0800b161   Thumb Code    38  dflt_clz.o(x$fpl$dfltu)
    __aeabi_cdcmple                          0x0800b189   Thumb Code     0  dleqf.o(x$fpl$dleqf)
    _dcmple                                  0x0800b189   Thumb Code   120  dleqf.o(x$fpl$dleqf)
    __fpl_dcmple_InfNaN                      0x0800b1eb   Thumb Code     0  dleqf.o(x$fpl$dleqf)
    __aeabi_dmul                             0x0800b201   Thumb Code     0  dmul.o(x$fpl$dmul)
    _dmul                                    0x0800b201   Thumb Code   332  dmul.o(x$fpl$dmul)
    __fpl_dnaninf                            0x0800b355   Thumb Code   156  dnaninf.o(x$fpl$dnaninf)
    _drem                                    0x0800b3f1   Thumb Code   328  drem_clz.o(x$fpl$drem)
    __fpl_dretinf                            0x0800b541   Thumb Code    12  dretinf.o(x$fpl$dretinf)
    __aeabi_cdrcmple                         0x0800b54d   Thumb Code     0  drleqf.o(x$fpl$drleqf)
    _drcmple                                 0x0800b54d   Thumb Code   108  drleqf.o(x$fpl$drleqf)
    __aeabi_drsub                            0x0800b5b9   Thumb Code     0  daddsub_clz.o(x$fpl$drsb)
    _drsb                                    0x0800b5b9   Thumb Code    22  daddsub_clz.o(x$fpl$drsb)
    __aeabi_dsub                             0x0800b5d1   Thumb Code     0  daddsub_clz.o(x$fpl$dsub)
    _dsub                                    0x0800b5d1   Thumb Code   464  daddsub_clz.o(x$fpl$dsub)
    __aeabi_f2d                              0x0800b7a5   Thumb Code     0  f2d.o(x$fpl$f2d)
    _f2d                                     0x0800b7a5   Thumb Code    86  f2d.o(x$fpl$f2d)
    __fpl_fnaninf                            0x0800b7fb   Thumb Code   140  fnaninf.o(x$fpl$fnaninf)
    _fp_init                                 0x0800b887   Thumb Code    10  fpinit.o(x$fpl$fpinit)
    __fplib_config_fpu_vfp                   0x0800b88f   Thumb Code     0  fpinit.o(x$fpl$fpinit)
    __fplib_config_pureend_doubles           0x0800b88f   Thumb Code     0  fpinit.o(x$fpl$fpinit)
    _frem                                    0x0800b891   Thumb Code   240  frem_clz.o(x$fpl$frem)
    __fpl_fretinf                            0x0800b985   Thumb Code    10  fretinf.o(x$fpl$fretinf)
    __I$use$fp                               0x0800b98e   Number         0  usenofp.o(x$fpl$usenofp)
    defaultTask_attributes                   0x0800b990   Data          36  freertos.o(.constdata)
    RealTime_TASK_attributes                 0x0800b9b4   Data          36  freertos.o(.constdata)
    DJI_RecieveData_attributes               0x0800b9d8   Data          36  freertos.o(.constdata)
    imuTask_attributes                       0x0800b9fc   Data          36  freertos.o(.constdata)
    buzr_attributes                          0x0800ba20   Data          36  freertos.o(.constdata)
    Queue_DJI_MD_attributes                  0x0800ba44   Data          24  freertos.o(.constdata)
    AHBPrescTable                            0x0800ba64   Data          16  system_stm32f4xx.o(.constdata)
    APBPrescTable                            0x0800ba74   Data           8  system_stm32f4xx.o(.constdata)
    Region$$Table$$Base                      0x0800bc24   Number         0  anon$$obj.o(Region$$Table)
    Region$$Table$$Limit                     0x0800bc44   Number         0  anon$$obj.o(Region$$Table)
    defaultTaskHandle                        0x20000000   Data           4  freertos.o(.data)
    RealTime_TASKHandle                      0x20000004   Data           4  freertos.o(.data)
    DJI_RecieveDataHandle                    0x20000008   Data           4  freertos.o(.data)
    imuTaskHandle                            0x2000000c   Data           4  freertos.o(.data)
    buzrHandle                               0x20000010   Data           4  freertos.o(.data)
    Queue_DJI_MDHandle                       0x20000014   Data           4  freertos.o(.data)
    uwTickFreq                               0x2000001c   Data           1  stm32f4xx_hal.o(.data)
    uwTickPrio                               0x20000020   Data           4  stm32f4xx_hal.o(.data)
    uwTick                                   0x20000024   Data           4  stm32f4xx_hal.o(.data)
    SystemCoreClock                          0x20000028   Data           4  system_stm32f4xx.o(.data)
    sbus_new_frame                           0x2000002c   Data           1  hotrc_ht10a.o(.data)
    ff_value                                 0x20000038   Data           4  my_pid.o(.data)
    test6                                    0x2000005c   Data           4  my_time.o(.data)
    Angletest                                0x20000060   Data           4  motor_contral.o(.data)
    pxCurrentTCB                             0x20000068   Data           4  tasks.o(.data)
    BMI088_ACCEL_SEN                         0x200000e8   Data           4  bmi088driver.o(.data)
    BMI088_GYRO_SEN                          0x200000ec   Data           4  bmi088driver.o(.data)
    gyro_update_flag                         0x2000011c   Data           1  ins_task.o(.data)
    accel_update_flag                        0x2000011d   Data           1  ins_task.o(.data)
    accel_temp_update_flag                   0x2000011e   Data           1  ins_task.o(.data)
    mag_update_flag                          0x2000011f   Data           1  ins_task.o(.data)
    imu_start_dma_flag                       0x20000120   Data           1  ins_task.o(.data)
    accel_temp_dma_tx_buf                    0x20000123   Data           4  ins_task.o(.data)
    accel_temp_dma_rx_buf                    0x20000130   Data           4  ins_task.o(.data)
    IMU_Yaw                                  0x20000134   Data           4  ins_task.o(.data)
    IMU_Pitch                                0x20000138   Data           4  ins_task.o(.data)
    gyro_dma_tx_buf                          0x2000013c   Data           8  ins_task.o(.data)
    gyro_dma_rx_buf                          0x20000144   Data           8  ins_task.o(.data)
    accel_dma_tx_buf                         0x2000014c   Data           9  ins_task.o(.data)
    gyro_scale_factor                        0x20000158   Data          36  ins_task.o(.data)
    accel_scale_factor                       0x2000017c   Data          36  ins_task.o(.data)
    mag_scale_factor                         0x200001a0   Data          36  ins_task.o(.data)
    buzzer_is_busy                           0x200001c4   Data           1  sound_effects_task.o(.data)
    buzzer_control                           0x200001c8   Data           8  sound_effects_task.o(.data)
    RealTime_TASKBuffer                      0x200001e0   Data         512  freertos.o(.bss)
    RealTime_TASKControlBlock                0x200003e0   Data          92  freertos.o(.bss)
    DJI_RecieveDataBuffer                    0x2000043c   Data         512  freertos.o(.bss)
    DJI_RecieveDataControlBlock              0x2000063c   Data          92  freertos.o(.bss)
    myQueue01testBuffer                      0x20000698   Data          10  freertos.o(.bss)
    myQueue01testControlBlock                0x200006a4   Data          80  freertos.o(.bss)
    hcan1                                    0x200006f4   Data          40  can.o(.bss)
    hcan2                                    0x2000071c   Data          40  can.o(.bss)
    hi2c3                                    0x20000744   Data          84  i2c.o(.bss)
    hspi1                                    0x20000798   Data          88  spi.o(.bss)
    hdma_spi1_rx                             0x200007f0   Data          96  spi.o(.bss)
    hdma_spi1_tx                             0x20000850   Data          96  spi.o(.bss)
    htim2                                    0x200008b0   Data          72  tim.o(.bss)
    htim10                                   0x200008f8   Data          72  tim.o(.bss)
    huart3                                   0x20000940   Data          72  usart.o(.bss)
    hdma_usart3_rx                           0x20000988   Data          96  usart.o(.bss)
    DJI_MFeedback                            0x200009e8   Data         128  dji_motor_can.o(.bss)
    RC_Ctl                                   0x20000a68   Data          26  hotrc_ht10a.o(.bss)
    RC_Raw                                   0x20000a82   Data          38  hotrc_ht10a.o(.bss)
    sbus_rx_buf                              0x20000aa8   Data          25  hotrc_ht10a.o(.bss)
    Board1_IMUDatas                          0x20000ac4   Data          12  dual_board_transmit.o(.bss)
    DualBoard_ReceiveData                    0x20000ad0   Data         256  bsp_can.o(.bss)
    test_FF                                  0x20000c10   Data          64  motor_contral.o(.bss)
    test2                                    0x20000c50   Data          52  motor_contral.o(.bss)
    test3                                    0x20000c84   Data          52  motor_contral.o(.bss)
    recv_data_buff                           0x20000cb8   Data          16  uap_freertos.o(.bss)
    recv_data                                0x20000cc8   Data         128  uap_freertos.o(.bss)
    xQueueRegistry                           0x20000d48   Data          64  queue.o(.bss)
    INS_angle                                0x20005674   Data          12  ins_task.o(.bss)
    accel_dma_rx_buf                         0x20005680   Data           9  ins_task.o(.bss)
    bmi088_real_data                         0x2000568c   Data          36  ins_task.o(.bss)
    gyro_offset                              0x200056b0   Data          12  ins_task.o(.bss)
    gyro_cali_offset                         0x200056bc   Data          12  ins_task.o(.bss)
    accel_offset                             0x200056c8   Data          12  ins_task.o(.bss)
    ist8310_real_data                        0x200056d4   Data          16  ins_task.o(.bss)
    mag_offset                               0x200056e4   Data          12  ins_task.o(.bss)
    imu_temp_pid                             0x200056f0   Data          72  ins_task.o(.bss)
    IMU_DegAngle                             0x20005738   Data          12  ins_task.o(.bss)
    re_htim4                                 0x20005744   Data          72  buzzer_tim_init.o(.bss)
    __libspace_start                         0x2000578c   Data          96  libspace.o(.bss)
    __temporary_stack_top$libspace           0x200057ec   Data           0  libspace.o(.bss)



==============================================================================

Memory Map of the image

  Image Entry point : 0x08000189

  Load Region LR_IROM1 (Base: 0x08000000, Size: 0x0000be24, Max: 0x00100000, ABSOLUTE, COMPRESSED[0x0000bcb4])

    Execution Region ER_IROM1 (Exec base: 0x08000000, Load base: 0x08000000, Size: 0x0000bc44, Max: 0x00100000, ABSOLUTE)

    Exec Addr    Load Addr    Size         Type   Attr      Idx    E Section Name        Object

    0x08000000   0x08000000   0x00000188   Data   RO            3    RESET               startup_stm32f407xx.o
    0x08000188   0x08000188   0x00000008   Code   RO         7843  * !!!main             c_w.l(__main.o)
    0x08000190   0x08000190   0x00000034   Code   RO         8235    !!!scatter          c_w.l(__scatter.o)
    0x080001c4   0x080001c4   0x0000005a   Code   RO         8233    !!dczerorl2         c_w.l(__dczerorl2.o)
    0x0800021e   0x0800021e   0x00000002   PAD
    0x08000220   0x08000220   0x0000001c   Code   RO         8237    !!handler_zi        c_w.l(__scatter_zi.o)
    0x0800023c   0x0800023c   0x00000002   Code   RO         8106    .ARM.Collect$$libinit$$00000000  c_w.l(libinit.o)
    0x0800023e   0x0800023e   0x00000004   Code   RO         8115    .ARM.Collect$$libinit$$00000001  c_w.l(libinit2.o)
    0x08000242   0x08000242   0x00000000   Code   RO         8118    .ARM.Collect$$libinit$$00000004  c_w.l(libinit2.o)
    0x08000242   0x08000242   0x00000000   Code   RO         8121    .ARM.Collect$$libinit$$0000000A  c_w.l(libinit2.o)
    0x08000242   0x08000242   0x00000000   Code   RO         8123    .ARM.Collect$$libinit$$0000000C  c_w.l(libinit2.o)
    0x08000242   0x08000242   0x00000000   Code   RO         8125    .ARM.Collect$$libinit$$0000000E  c_w.l(libinit2.o)
    0x08000242   0x08000242   0x00000000   Code   RO         8128    .ARM.Collect$$libinit$$00000011  c_w.l(libinit2.o)
    0x08000242   0x08000242   0x00000000   Code   RO         8130    .ARM.Collect$$libinit$$00000013  c_w.l(libinit2.o)
    0x08000242   0x08000242   0x00000000   Code   RO         8132    .ARM.Collect$$libinit$$00000015  c_w.l(libinit2.o)
    0x08000242   0x08000242   0x00000000   Code   RO         8134    .ARM.Collect$$libinit$$00000017  c_w.l(libinit2.o)
    0x08000242   0x08000242   0x00000000   Code   RO         8136    .ARM.Collect$$libinit$$00000019  c_w.l(libinit2.o)
    0x08000242   0x08000242   0x00000000   Code   RO         8138    .ARM.Collect$$libinit$$0000001B  c_w.l(libinit2.o)
    0x08000242   0x08000242   0x00000000   Code   RO         8140    .ARM.Collect$$libinit$$0000001D  c_w.l(libinit2.o)
    0x08000242   0x08000242   0x00000000   Code   RO         8142    .ARM.Collect$$libinit$$0000001F  c_w.l(libinit2.o)
    0x08000242   0x08000242   0x00000000   Code   RO         8144    .ARM.Collect$$libinit$$00000021  c_w.l(libinit2.o)
    0x08000242   0x08000242   0x00000000   Code   RO         8146    .ARM.Collect$$libinit$$00000023  c_w.l(libinit2.o)
    0x08000242   0x08000242   0x00000000   Code   RO         8148    .ARM.Collect$$libinit$$00000025  c_w.l(libinit2.o)
    0x08000242   0x08000242   0x00000000   Code   RO         8152    .ARM.Collect$$libinit$$0000002C  c_w.l(libinit2.o)
    0x08000242   0x08000242   0x00000000   Code   RO         8154    .ARM.Collect$$libinit$$0000002E  c_w.l(libinit2.o)
    0x08000242   0x08000242   0x00000000   Code   RO         8156    .ARM.Collect$$libinit$$00000030  c_w.l(libinit2.o)
    0x08000242   0x08000242   0x00000000   Code   RO         8158    .ARM.Collect$$libinit$$00000032  c_w.l(libinit2.o)
    0x08000242   0x08000242   0x00000002   Code   RO         8159    .ARM.Collect$$libinit$$00000033  c_w.l(libinit2.o)
    0x08000244   0x08000244   0x00000002   Code   RO         8190    .ARM.Collect$$libshutdown$$00000000  c_w.l(libshutdown.o)
    0x08000246   0x08000246   0x00000000   Code   RO         8216    .ARM.Collect$$libshutdown$$00000002  c_w.l(libshutdown2.o)
    0x08000246   0x08000246   0x00000000   Code   RO         8218    .ARM.Collect$$libshutdown$$00000004  c_w.l(libshutdown2.o)
    0x08000246   0x08000246   0x00000000   Code   RO         8221    .ARM.Collect$$libshutdown$$00000007  c_w.l(libshutdown2.o)
    0x08000246   0x08000246   0x00000000   Code   RO         8224    .ARM.Collect$$libshutdown$$0000000A  c_w.l(libshutdown2.o)
    0x08000246   0x08000246   0x00000000   Code   RO         8226    .ARM.Collect$$libshutdown$$0000000C  c_w.l(libshutdown2.o)
    0x08000246   0x08000246   0x00000000   Code   RO         8229    .ARM.Collect$$libshutdown$$0000000F  c_w.l(libshutdown2.o)
    0x08000246   0x08000246   0x00000002   Code   RO         8230    .ARM.Collect$$libshutdown$$00000010  c_w.l(libshutdown2.o)
    0x08000248   0x08000248   0x00000000   Code   RO         7979    .ARM.Collect$$rtentry$$00000000  c_w.l(__rtentry.o)
    0x08000248   0x08000248   0x00000000   Code   RO         8055    .ARM.Collect$$rtentry$$00000002  c_w.l(__rtentry2.o)
    0x08000248   0x08000248   0x00000006   Code   RO         8067    .ARM.Collect$$rtentry$$00000004  c_w.l(__rtentry4.o)
    0x0800024e   0x0800024e   0x00000000   Code   RO         8057    .ARM.Collect$$rtentry$$00000009  c_w.l(__rtentry2.o)
    0x0800024e   0x0800024e   0x00000004   Code   RO         8058    .ARM.Collect$$rtentry$$0000000A  c_w.l(__rtentry2.o)
    0x08000252   0x08000252   0x00000000   Code   RO         8060    .ARM.Collect$$rtentry$$0000000C  c_w.l(__rtentry2.o)
    0x08000252   0x08000252   0x00000008   Code   RO         8061    .ARM.Collect$$rtentry$$0000000D  c_w.l(__rtentry2.o)
    0x0800025a   0x0800025a   0x00000002   Code   RO         8107    .ARM.Collect$$rtexit$$00000000  c_w.l(rtexit.o)
    0x0800025c   0x0800025c   0x00000000   Code   RO         8163    .ARM.Collect$$rtexit$$00000002  c_w.l(rtexit2.o)
    0x0800025c   0x0800025c   0x00000004   Code   RO         8164    .ARM.Collect$$rtexit$$00000003  c_w.l(rtexit2.o)
    0x08000260   0x08000260   0x00000006   Code   RO         8165    .ARM.Collect$$rtexit$$00000004  c_w.l(rtexit2.o)
    0x08000266   0x08000266   0x00000002   PAD
    0x08000268   0x08000268   0x000000be   Code   RO         6613    .emb_text           port.o
    0x08000326   0x08000326   0x00000002   PAD
    0x08000328   0x08000328   0x00000040   Code   RO            4    .text               startup_stm32f407xx.o
    0x08000368   0x08000368   0x000000ee   Code   RO         7829    .text               c_w.l(lludivv7m.o)
    0x08000456   0x08000456   0x0000003e   Code   RO         7831    .text               c_w.l(strlen.o)
    0x08000494   0x08000494   0x0000008a   Code   RO         7833    .text               c_w.l(rt_memcpy_v6.o)
    0x0800051e   0x0800051e   0x00000010   Code   RO         7837    .text               c_w.l(aeabi_memset.o)
    0x0800052e   0x0800052e   0x0000004e   Code   RO         7839    .text               c_w.l(rt_memclr_w.o)
    0x0800057c   0x0800057c   0x00000006   Code   RO         7841    .text               c_w.l(heapauxi.o)
    0x08000582   0x08000582   0x00000016   Code   RO         7984    .text               c_w.l(_rserrno.o)
    0x08000598   0x08000598   0x00000064   Code   RO         7986    .text               c_w.l(rt_memcpy_w.o)
    0x080005fc   0x080005fc   0x00000044   Code   RO         7988    .text               c_w.l(rt_memclr.o)
    0x08000640   0x08000640   0x00000008   Code   RO         8074    .text               c_w.l(rt_errno_addr_intlibspace.o)
    0x08000648   0x08000648   0x00000008   Code   RO         8090    .text               c_w.l(libspace.o)
    0x08000650   0x08000650   0x0000004a   Code   RO         8093    .text               c_w.l(sys_stackheap_outer.o)
    0x0800069a   0x0800069a   0x00000012   Code   RO         8095    .text               c_w.l(exit.o)
    0x080006ac   0x080006ac   0x0000000c   Code   RO         8160    .text               c_w.l(sys_exit.o)
    0x080006b8   0x080006b8   0x00000002   Code   RO         8179    .text               c_w.l(use_no_semi.o)
    0x080006ba   0x080006ba   0x00000000   Code   RO         8181    .text               c_w.l(indicate_semi.o)
    0x080006ba   0x080006ba   0x00000004   Code   RO         6694    i.AHRS_asinf        ahrs_middleware.o
    0x080006be   0x080006be   0x00000004   Code   RO         6695    i.AHRS_atan2f       ahrs_middleware.o
    0x080006c2   0x080006c2   0x00000020   Code   RO         6696    i.AHRS_cosf         ahrs_middleware.o
    0x080006e2   0x080006e2   0x0000001a   Code   RO         7740    i.AHRS_fabs         AHRS.lib(ahrs.o)
    0x080006fc   0x080006fc   0x00000014   Code   RO         6697    i.AHRS_get_height   ahrs_middleware.o
    0x08000710   0x08000710   0x0000000e   Code   RO         6698    i.AHRS_get_latitude  ahrs_middleware.o
    0x0800071e   0x0800071e   0x00000002   PAD
    0x08000720   0x08000720   0x0000029c   Code   RO         7741    i.AHRS_init         AHRS.lib(ahrs.o)
    0x080009bc   0x080009bc   0x00000014   Code   RO         6699    i.AHRS_invSqrt      ahrs_middleware.o
    0x080009d0   0x080009d0   0x00000020   Code   RO         6700    i.AHRS_sinf         ahrs_middleware.o
    0x080009f0   0x080009f0   0x0000013a   Code   RO         7742    i.AHRS_update       AHRS.lib(ahrs.o)
    0x08000b2a   0x08000b2a   0x00000002   PAD
    0x08000b2c   0x08000b2c   0x00000010   Code   RO         7051    i.BMI088_ACCEL_NS_H  bmi088middleware.o
    0x08000b3c   0x08000b3c   0x00000010   Code   RO         7052    i.BMI088_ACCEL_NS_L  bmi088middleware.o
    0x08000b4c   0x08000b4c   0x00000002   Code   RO         7053    i.BMI088_GPIO_init  bmi088middleware.o
    0x08000b4e   0x08000b4e   0x00000002   PAD
    0x08000b50   0x08000b50   0x00000010   Code   RO         7054    i.BMI088_GYRO_NS_H  bmi088middleware.o
    0x08000b60   0x08000b60   0x00000010   Code   RO         7055    i.BMI088_GYRO_NS_L  bmi088middleware.o
    0x08000b70   0x08000b70   0x00000080   Code   RO         6843    i.BMI088_accel_read_over  bmi088driver.o
    0x08000bf0   0x08000bf0   0x00000002   Code   RO         7056    i.BMI088_com_init   bmi088middleware.o
    0x08000bf2   0x08000bf2   0x00000004   Code   RO         7057    i.BMI088_delay_ms   bmi088middleware.o
    0x08000bf6   0x08000bf6   0x00000004   Code   RO         7058    i.BMI088_delay_us   bmi088middleware.o
    0x08000bfa   0x08000bfa   0x00000002   PAD
    0x08000bfc   0x08000bfc   0x00000060   Code   RO         6844    i.BMI088_gyro_read_over  bmi088driver.o
    0x08000c5c   0x08000c5c   0x0000002e   Code   RO         6845    i.BMI088_init       bmi088driver.o
    0x08000c8a   0x08000c8a   0x00000002   PAD
    0x08000c8c   0x08000c8c   0x00000158   Code   RO         6846    i.BMI088_read       bmi088driver.o
    0x08000de4   0x08000de4   0x00000024   Code   RO         6849    i.BMI088_read_muli_reg  bmi088driver.o
    0x08000e08   0x08000e08   0x00000016   Code   RO         6850    i.BMI088_read_single_reg  bmi088driver.o
    0x08000e1e   0x08000e1e   0x00000002   PAD
    0x08000e20   0x08000e20   0x00000020   Code   RO         7059    i.BMI088_read_write_byte  bmi088middleware.o
    0x08000e40   0x08000e40   0x0000002e   Code   RO         6851    i.BMI088_temperature_read_over  bmi088driver.o
    0x08000e6e   0x08000e6e   0x00000012   Code   RO         6852    i.BMI088_write_single_reg  bmi088driver.o
    0x08000e80   0x08000e80   0x00000002   Code   RO          628    i.BusFault_Handler  stm32f4xx_it.o
    0x08000e82   0x08000e82   0x00000010   Code   RO         4543    i.BytesToFloat      bsp_can.o
    0x08000e92   0x08000e92   0x00000002   PAD
    0x08000e94   0x08000e94   0x0000000c   Code   RO          629    i.CAN1_RX0_IRQHandler  stm32f4xx_it.o
    0x08000ea0   0x08000ea0   0x0000000c   Code   RO          630    i.CAN2_RX0_IRQHandler  stm32f4xx_it.o
    0x08000eac   0x08000eac   0x0000000c   Code   RO          631    i.CAN2_RX1_IRQHandler  stm32f4xx_it.o
    0x08000eb8   0x08000eb8   0x00000032   Code   RO         4311    i.CAN_Send_STD      can_part.o
    0x08000eea   0x08000eea   0x00000002   PAD
    0x08000eec   0x08000eec   0x0000000c   Code   RO          632    i.DMA1_Stream1_IRQHandler  stm32f4xx_it.o
    0x08000ef8   0x08000ef8   0x000002c4   Code   RO         7248    i.DMA2_Stream2_IRQHandler  ins_task.o
    0x080011bc   0x080011bc   0x00000028   Code   RO         1469    i.DMA_CalcBaseAndBitshift  stm32f4xx_hal_dma.o
    0x080011e4   0x080011e4   0x00000054   Code   RO         1470    i.DMA_CheckFifoParam  stm32f4xx_hal_dma.o
    0x08001238   0x08001238   0x00000028   Code   RO         1471    i.DMA_SetConfig     stm32f4xx_hal_dma.o
    0x08001260   0x08001260   0x00000002   Code   RO          633    i.DebugMon_Handler  stm32f4xx_it.o
    0x08001262   0x08001262   0x00000002   PAD
    0x08001264   0x08001264   0x00000028   Code   RO         4502    i.Dual_Board_ReceiveCallBack  dual_board_transmit.o
    0x0800128c   0x0800128c   0x00000002   Code   RO         4503    i.Dual_Board_Send   dual_board_transmit.o
    0x0800128e   0x0800128e   0x00000040   Code   RO         4357    i.ESC_Control_Raw_Single  dji_motor_can.o
    0x080012ce   0x080012ce   0x00000006   Code   RO          634    i.EXTI0_IRQHandler  stm32f4xx_it.o
    0x080012d4   0x080012d4   0x00000006   Code   RO          635    i.EXTI3_IRQHandler  stm32f4xx_it.o
    0x080012da   0x080012da   0x00000006   Code   RO          636    i.EXTI4_IRQHandler  stm32f4xx_it.o
    0x080012e0   0x080012e0   0x00000006   Code   RO          637    i.EXTI9_5_IRQHandler  stm32f4xx_it.o
    0x080012e6   0x080012e6   0x00000004   Code   RO           13    i.Error_Handler     main.o
    0x080012ea   0x080012ea   0x00000002   PAD
    0x080012ec   0x080012ec   0x00000050   Code   RO         7249    i.GetIMU_Value      ins_task.o
    0x0800133c   0x0800133c   0x00000024   Code   RO          777    i.HAL_CAN_ActivateNotification  stm32f4xx_hal_can.o
    0x08001360   0x08001360   0x000000bc   Code   RO          778    i.HAL_CAN_AddTxMessage  stm32f4xx_hal_can.o
    0x0800141c   0x0800141c   0x0000010c   Code   RO          779    i.HAL_CAN_ConfigFilter  stm32f4xx_hal_can.o
    0x08001528   0x08001528   0x00000002   Code   RO          782    i.HAL_CAN_ErrorCallback  stm32f4xx_hal_can.o
    0x0800152a   0x0800152a   0x000000f4   Code   RO          785    i.HAL_CAN_GetRxMessage  stm32f4xx_hal_can.o
    0x0800161e   0x0800161e   0x0000002c   Code   RO          787    i.HAL_CAN_GetTxMailboxesFreeLevel  stm32f4xx_hal_can.o
    0x0800164a   0x0800164a   0x000001fc   Code   RO          789    i.HAL_CAN_IRQHandler  stm32f4xx_hal_can.o
    0x08001846   0x08001846   0x0000011a   Code   RO          790    i.HAL_CAN_Init      stm32f4xx_hal_can.o
    0x08001960   0x08001960   0x0000010c   Code   RO          376    i.HAL_CAN_MspInit   can.o
    0x08001a6c   0x08001a6c   0x00000002   Code   RO          797    i.HAL_CAN_RxFifo0FullCallback  stm32f4xx_hal_can.o
    0x08001a6e   0x08001a6e   0x00000002   PAD
    0x08001a70   0x08001a70   0x000000b8   Code   RO         4546    i.HAL_CAN_RxFifo0MsgPendingCallback  bsp_can.o
    0x08001b28   0x08001b28   0x00000002   Code   RO          799    i.HAL_CAN_RxFifo1FullCallback  stm32f4xx_hal_can.o
    0x08001b2a   0x08001b2a   0x00000002   Code   RO          800    i.HAL_CAN_RxFifo1MsgPendingCallback  stm32f4xx_hal_can.o
    0x08001b2c   0x08001b2c   0x00000002   Code   RO          801    i.HAL_CAN_SleepCallback  stm32f4xx_hal_can.o
    0x08001b2e   0x08001b2e   0x00000002   PAD
    0x08001b30   0x08001b30   0x00000058   Code   RO          802    i.HAL_CAN_Start     stm32f4xx_hal_can.o
    0x08001b88   0x08001b88   0x00000002   Code   RO          804    i.HAL_CAN_TxMailbox0AbortCallback  stm32f4xx_hal_can.o
    0x08001b8a   0x08001b8a   0x00000002   Code   RO          805    i.HAL_CAN_TxMailbox0CompleteCallback  stm32f4xx_hal_can.o
    0x08001b8c   0x08001b8c   0x00000002   Code   RO          806    i.HAL_CAN_TxMailbox1AbortCallback  stm32f4xx_hal_can.o
    0x08001b8e   0x08001b8e   0x00000002   Code   RO          807    i.HAL_CAN_TxMailbox1CompleteCallback  stm32f4xx_hal_can.o
    0x08001b90   0x08001b90   0x00000002   Code   RO          808    i.HAL_CAN_TxMailbox2AbortCallback  stm32f4xx_hal_can.o
    0x08001b92   0x08001b92   0x00000002   Code   RO          809    i.HAL_CAN_TxMailbox2CompleteCallback  stm32f4xx_hal_can.o
    0x08001b94   0x08001b94   0x00000002   Code   RO          811    i.HAL_CAN_WakeUpFromRxMsgCallback  stm32f4xx_hal_can.o
    0x08001b96   0x08001b96   0x00000092   Code   RO         1472    i.HAL_DMA_Abort     stm32f4xx_hal_dma.o
    0x08001c28   0x08001c28   0x00000024   Code   RO         1473    i.HAL_DMA_Abort_IT  stm32f4xx_hal_dma.o
    0x08001c4c   0x08001c4c   0x000001a0   Code   RO         1477    i.HAL_DMA_IRQHandler  stm32f4xx_hal_dma.o
    0x08001dec   0x08001dec   0x000000d4   Code   RO         1478    i.HAL_DMA_Init      stm32f4xx_hal_dma.o
    0x08001ec0   0x08001ec0   0x0000006e   Code   RO         1482    i.HAL_DMA_Start_IT  stm32f4xx_hal_dma.o
    0x08001f2e   0x08001f2e   0x00000002   PAD
    0x08001f30   0x08001f30   0x00000078   Code   RO         7250    i.HAL_GPIO_EXTI_Callback  ins_task.o
    0x08001fa8   0x08001fa8   0x00000018   Code   RO         1364    i.HAL_GPIO_EXTI_IRQHandler  stm32f4xx_hal_gpio.o
    0x08001fc0   0x08001fc0   0x000001f0   Code   RO         1365    i.HAL_GPIO_Init     stm32f4xx_hal_gpio.o
    0x080021b0   0x080021b0   0x0000000a   Code   RO         1369    i.HAL_GPIO_WritePin  stm32f4xx_hal_gpio.o
    0x080021ba   0x080021ba   0x00000002   PAD
    0x080021bc   0x080021bc   0x0000000c   Code   RO         1915    i.HAL_GetTick       stm32f4xx_hal.o
    0x080021c8   0x080021c8   0x00000188   Code   RO         2171    i.HAL_I2C_Init      stm32f4xx_hal_i2c.o
    0x08002350   0x08002350   0x00000204   Code   RO         2189    i.HAL_I2C_Mem_Read  stm32f4xx_hal_i2c.o
    0x08002554   0x08002554   0x00000130   Code   RO         2192    i.HAL_I2C_Mem_Write  stm32f4xx_hal_i2c.o
    0x08002684   0x08002684   0x00000094   Code   RO          449    i.HAL_I2C_MspInit   i2c.o
    0x08002718   0x08002718   0x00000010   Code   RO         1921    i.HAL_IncTick       stm32f4xx_hal.o
    0x08002728   0x08002728   0x00000034   Code   RO         1922    i.HAL_Init          stm32f4xx_hal.o
    0x0800275c   0x0800275c   0x00000040   Code   RO         1923    i.HAL_InitTick      stm32f4xx_hal.o
    0x0800279c   0x0800279c   0x00000038   Code   RO          752    i.HAL_MspInit       stm32f4xx_hal_msp.o
    0x080027d4   0x080027d4   0x0000001a   Code   RO         1757    i.HAL_NVIC_EnableIRQ  stm32f4xx_hal_cortex.o
    0x080027ee   0x080027ee   0x00000002   PAD
    0x080027f0   0x080027f0   0x00000040   Code   RO         1763    i.HAL_NVIC_SetPriority  stm32f4xx_hal_cortex.o
    0x08002830   0x08002830   0x00000024   Code   RO         1764    i.HAL_NVIC_SetPriorityGrouping  stm32f4xx_hal_cortex.o
    0x08002854   0x08002854   0x00000134   Code   RO         1011    i.HAL_RCC_ClockConfig  stm32f4xx_hal_rcc.o
    0x08002988   0x08002988   0x00000020   Code   RO         1018    i.HAL_RCC_GetPCLK1Freq  stm32f4xx_hal_rcc.o
    0x080029a8   0x080029a8   0x00000020   Code   RO         1019    i.HAL_RCC_GetPCLK2Freq  stm32f4xx_hal_rcc.o
    0x080029c8   0x080029c8   0x00000064   Code   RO         1020    i.HAL_RCC_GetSysClockFreq  stm32f4xx_hal_rcc.o
    0x08002a2c   0x08002a2c   0x0000036c   Code   RO         1023    i.HAL_RCC_OscConfig  stm32f4xx_hal_rcc.o
    0x08002d98   0x08002d98   0x000000bc   Code   RO         2626    i.HAL_SPI_Init      stm32f4xx_hal_spi.o
    0x08002e54   0x08002e54   0x00000100   Code   RO          491    i.HAL_SPI_MspInit   spi.o
    0x08002f54   0x08002f54   0x000001f0   Code   RO         2635    i.HAL_SPI_TransmitReceive  stm32f4xx_hal_spi.o
    0x08003144   0x08003144   0x00000028   Code   RO         1768    i.HAL_SYSTICK_Config  stm32f4xx_hal_cortex.o
    0x0800316c   0x0800316c   0x00000002   Code   RO         3643    i.HAL_TIMEx_BreakCallback  stm32f4xx_hal_tim_ex.o
    0x0800316e   0x0800316e   0x00000002   Code   RO         3644    i.HAL_TIMEx_CommutCallback  stm32f4xx_hal_tim_ex.o
    0x08003170   0x08003170   0x00000090   Code   RO         3662    i.HAL_TIMEx_MasterConfigSynchronization  stm32f4xx_hal_tim_ex.o
    0x08003200   0x08003200   0x0000005a   Code   RO         2939    i.HAL_TIM_Base_Init  stm32f4xx_hal_tim.o
    0x0800325a   0x0800325a   0x00000002   PAD
    0x0800325c   0x0800325c   0x00000054   Code   RO          533    i.HAL_TIM_Base_MspInit  tim.o
    0x080032b0   0x080032b0   0x00000078   Code   RO         2942    i.HAL_TIM_Base_Start  stm32f4xx_hal_tim.o
    0x08003328   0x08003328   0x00000080   Code   RO         2944    i.HAL_TIM_Base_Start_IT  stm32f4xx_hal_tim.o
    0x080033a8   0x080033a8   0x000000dc   Code   RO         2948    i.HAL_TIM_ConfigClockSource  stm32f4xx_hal_tim.o
    0x08003484   0x08003484   0x00000002   Code   RO         2973    i.HAL_TIM_IC_CaptureCallback  stm32f4xx_hal_tim.o
    0x08003486   0x08003486   0x00000130   Code   RO         2987    i.HAL_TIM_IRQHandler  stm32f4xx_hal_tim.o
    0x080035b6   0x080035b6   0x00000002   PAD
    0x080035b8   0x080035b8   0x00000054   Code   RO          534    i.HAL_TIM_MspPostInit  tim.o
    0x0800360c   0x0800360c   0x00000002   Code   RO         2990    i.HAL_TIM_OC_DelayElapsedCallback  stm32f4xx_hal_tim.o
    0x0800360e   0x0800360e   0x000000cc   Code   RO         3011    i.HAL_TIM_PWM_ConfigChannel  stm32f4xx_hal_tim.o
    0x080036da   0x080036da   0x0000005a   Code   RO         3014    i.HAL_TIM_PWM_Init  stm32f4xx_hal_tim.o
    0x08003734   0x08003734   0x00000002   Code   RO         3016    i.HAL_TIM_PWM_MspInit  stm32f4xx_hal_tim.o
    0x08003736   0x08003736   0x00000002   Code   RO         3017    i.HAL_TIM_PWM_PulseFinishedCallback  stm32f4xx_hal_tim.o
    0x08003738   0x08003738   0x000000c8   Code   RO         3019    i.HAL_TIM_PWM_Start  stm32f4xx_hal_tim.o
    0x08003800   0x08003800   0x0000000e   Code   RO           14    i.HAL_TIM_PeriodElapsedCallback  main.o
    0x0800380e   0x0800380e   0x00000002   Code   RO         3030    i.HAL_TIM_TriggerCallback  stm32f4xx_hal_tim.o
    0x08003810   0x08003810   0x00000002   Code   RO         3922    i.HAL_UARTEx_RxEventCallback  stm32f4xx_hal_uart.o
    0x08003812   0x08003812   0x00000002   Code   RO         3936    i.HAL_UART_ErrorCallback  stm32f4xx_hal_uart.o
    0x08003814   0x08003814   0x00000280   Code   RO         3939    i.HAL_UART_IRQHandler  stm32f4xx_hal_uart.o
    0x08003a94   0x08003a94   0x00000064   Code   RO         3940    i.HAL_UART_Init     stm32f4xx_hal_uart.o
    0x08003af8   0x08003af8   0x000000b0   Code   RO          587    i.HAL_UART_MspInit  usart.o
    0x08003ba8   0x08003ba8   0x0000001c   Code   RO         3944    i.HAL_UART_Receive_DMA  stm32f4xx_hal_uart.o
    0x08003bc4   0x08003bc4   0x0000004c   Code   RO         4448    i.HAL_UART_RxCpltCallback  hotrc_ht10a.o
    0x08003c10   0x08003c10   0x00000002   Code   RO         3947    i.HAL_UART_RxHalfCpltCallback  stm32f4xx_hal_uart.o
    0x08003c12   0x08003c12   0x00000002   Code   RO         3951    i.HAL_UART_TxCpltCallback  stm32f4xx_hal_uart.o
    0x08003c14   0x08003c14   0x00000060   Code   RO         4449    i.HORRC_HT10A_GET_Ctl  hotrc_ht10a.o
    0x08003c74   0x08003c74   0x00000002   Code   RO          638    i.HardFault_Handler  stm32f4xx_it.o
    0x08003c76   0x08003c76   0x0000002e   Code   RO         2214    i.I2C_IsAcknowledgeFailed  stm32f4xx_hal_i2c.o
    0x08003ca4   0x08003ca4   0x000000fc   Code   RO         2224    i.I2C_RequestMemoryRead  stm32f4xx_hal_i2c.o
    0x08003da0   0x08003da0   0x000000a8   Code   RO         2225    i.I2C_RequestMemoryWrite  stm32f4xx_hal_i2c.o
    0x08003e48   0x08003e48   0x00000056   Code   RO         2229    i.I2C_WaitOnBTFFlagUntilTimeout  stm32f4xx_hal_i2c.o
    0x08003e9e   0x08003e9e   0x00000002   PAD
    0x08003ea0   0x08003ea0   0x00000090   Code   RO         2230    i.I2C_WaitOnFlagUntilTimeout  stm32f4xx_hal_i2c.o
    0x08003f30   0x08003f30   0x000000bc   Code   RO         2231    i.I2C_WaitOnMasterAddressFlagUntilTimeout  stm32f4xx_hal_i2c.o
    0x08003fec   0x08003fec   0x00000070   Code   RO         2232    i.I2C_WaitOnRXNEFlagUntilTimeout  stm32f4xx_hal_i2c.o
    0x0800405c   0x0800405c   0x00000056   Code   RO         2233    i.I2C_WaitOnTXEFlagUntilTimeout  stm32f4xx_hal_i2c.o
    0x080040b2   0x080040b2   0x00000002   PAD
    0x080040b4   0x080040b4   0x00000250   Code   RO         7253    i.INS_task          ins_task.o
    0x08004304   0x08004304   0x00000008   Code   RO         4359    i.Int16_To_BigEndian  dji_motor_can.o
    0x0800430c   0x0800430c   0x0000007c   Code   RO         7644    i.MXY_TIM4_Init     buzzer_tim_init.o
    0x08004388   0x08004388   0x00000044   Code   RO          377    i.MX_CAN1_Init      can.o
    0x080043cc   0x080043cc   0x00000044   Code   RO          378    i.MX_CAN2_Init      can.o
    0x08004410   0x08004410   0x0000005c   Code   RO          424    i.MX_DMA_Init       dma.o
    0x0800446c   0x0800446c   0x00000074   Code   RO          301    i.MX_FREERTOS_Init  freertos.o
    0x080044e0   0x080044e0   0x000001a8   Code   RO          277    i.MX_GPIO_Init      gpio.o
    0x08004688   0x08004688   0x00000040   Code   RO          450    i.MX_I2C3_Init      i2c.o
    0x080046c8   0x080046c8   0x00000048   Code   RO          492    i.MX_SPI1_Init      spi.o
    0x08004710   0x08004710   0x00000064   Code   RO          535    i.MX_TIM10_Init     tim.o
    0x08004774   0x08004774   0x00000068   Code   RO          536    i.MX_TIM2_Init      tim.o
    0x080047dc   0x080047dc   0x00000044   Code   RO          588    i.MX_USART3_UART_Init  usart.o
    0x08004820   0x08004820   0x0000001c   Code   RO         4764    i.MY_TIM2_Callback  my_time.o
    0x0800483c   0x0800483c   0x00000002   Code   RO          639    i.MemManage_Handler  stm32f4xx_it.o
    0x0800483e   0x0800483e   0x00000002   PAD
    0x08004840   0x08004840   0x000000ac   Code   RO         4797    i.Motor_CInit       motor_contral.o
    0x080048ec   0x080048ec   0x0000007c   Code   RO         4798    i.Motor_DJI_Angle_SingleContral  motor_contral.o
    0x08004968   0x08004968   0x00000100   Code   RO         4704    i.MyMath_cal_output_angle  my_math.o
    0x08004a68   0x08004a68   0x00000088   Code   RO         4707    i.MyMath_normalize_m180_to_p180  my_math.o
    0x08004af0   0x08004af0   0x00000002   Code   RO          640    i.NMI_Handler       stm32f4xx_it.o
    0x08004af2   0x08004af2   0x00000002   PAD
    0x08004af4   0x08004af4   0x00000034   Code   RO         4592    i.PID_AngleShortestError  my_pid.o
    0x08004b28   0x08004b28   0x0000008a   Code   RO         4599    i.PID_FF_CalcCore   my_pid.o
    0x08004bb2   0x08004bb2   0x00000002   PAD
    0x08004bb4   0x08004bb4   0x000000e8   Code   RO         4602    i.PID_FF_Calculate_CycleAngle  my_pid.o
    0x08004c9c   0x08004c9c   0x00000026   Code   RO         4603    i.PID_FF_Init       my_pid.o
    0x08004cc2   0x08004cc2   0x00000002   PAD
    0x08004cc4   0x08004cc4   0x0000002c   Code   RO         4604    i.PID_FF_Reset      my_pid.o
    0x08004cf0   0x08004cf0   0x0000002c   Code   RO         4605    i.PID_Init          my_pid.o
    0x08004d1c   0x08004d1c   0x00000128   Code   RO         7493    i.PID_calc          pid.o
    0x08004e44   0x08004e44   0x0000005c   Code   RO         7495    i.PID_init          pid.o
    0x08004ea0   0x08004ea0   0x00000024   Code   RO         4450    i.Remote_ControlInit  hotrc_ht10a.o
    0x08004ec4   0x08004ec4   0x00001274   Code   RO         7214    i.SPI1_DMA_enable   bsp_spi.o
    0x08006138   0x08006138   0x000000f0   Code   RO         7215    i.SPI1_DMA_init     bsp_spi.o
    0x08006228   0x08006228   0x0000006c   Code   RO         2664    i.SPI_EndRxTxTransaction  stm32f4xx_hal_spi.o
    0x08006294   0x08006294   0x000000bc   Code   RO         2669    i.SPI_WaitFlagStateUntilTimeout  stm32f4xx_hal_spi.o
    0x08006350   0x08006350   0x00000008   Code   RO          302    i.StartDefaultTask  freertos.o
    0x08006358   0x08006358   0x00000060   Code   RO         4883    i.StartRealTime_TASK  uap_freertos.o
    0x080063b8   0x080063b8   0x00000038   Code   RO         4884    i.Start_DJI_RecieveData  uap_freertos.o
    0x080063f0   0x080063f0   0x00000024   Code   RO         4451    i.Switch_Set        hotrc_ht10a.o
    0x08006414   0x08006414   0x00000018   Code   RO          641    i.SysTick_Handler   stm32f4xx_it.o
    0x0800642c   0x0800642c   0x00000094   Code   RO           15    i.SystemClock_Config  main.o
    0x080064c0   0x080064c0   0x00000010   Code   RO         4274    i.SystemInit        system_stm32f4xx.o
    0x080064d0   0x080064d0   0x0000000c   Code   RO          642    i.TIM2_IRQHandler   stm32f4xx_it.o
    0x080064dc   0x080064dc   0x00000036   Code   RO         7645    i.TIM_Base_Init_buzzer  buzzer_tim_init.o
    0x08006512   0x08006512   0x00000002   PAD
    0x08006514   0x08006514   0x00000028   Code   RO         7647    i.TIM_Base_MspInit_buzzer  buzzer_tim_init.o
    0x0800653c   0x0800653c   0x000000d0   Code   RO         3032    i.TIM_Base_SetConfig  stm32f4xx_hal_tim.o
    0x0800660c   0x0800660c   0x0000001a   Code   RO         3033    i.TIM_CCxChannelCmd  stm32f4xx_hal_tim.o
    0x08006626   0x08006626   0x00000014   Code   RO         3043    i.TIM_ETR_SetConfig  stm32f4xx_hal_tim.o
    0x0800663a   0x0800663a   0x00000010   Code   RO         3044    i.TIM_ITRx_SetConfig  stm32f4xx_hal_tim.o
    0x0800664a   0x0800664a   0x00000002   PAD
    0x0800664c   0x0800664c   0x00000068   Code   RO         7648    i.TIM_MspPostInit_buzzer  buzzer_tim_init.o
    0x080066b4   0x080066b4   0x00000060   Code   RO         3045    i.TIM_OC1_SetConfig  stm32f4xx_hal_tim.o
    0x08006714   0x08006714   0x0000006c   Code   RO         3046    i.TIM_OC2_SetConfig  stm32f4xx_hal_tim.o
    0x08006780   0x08006780   0x00000068   Code   RO         3047    i.TIM_OC3_SetConfig  stm32f4xx_hal_tim.o
    0x080067e8   0x080067e8   0x00000050   Code   RO         3048    i.TIM_OC4_SetConfig  stm32f4xx_hal_tim.o
    0x08006838   0x08006838   0x00000022   Code   RO         3050    i.TIM_TI1_ConfigInputStage  stm32f4xx_hal_tim.o
    0x0800685a   0x0800685a   0x00000024   Code   RO         3052    i.TIM_TI2_ConfigInputStage  stm32f4xx_hal_tim.o
    0x0800687e   0x0800687e   0x0000000e   Code   RO         4837    i.UAP_Init          uap_init.o
    0x0800688c   0x0800688c   0x0000000e   Code   RO         3953    i.UART_DMAAbortOnError  stm32f4xx_hal_uart.o
    0x0800689a   0x0800689a   0x0000004a   Code   RO         3954    i.UART_DMAError     stm32f4xx_hal_uart.o
    0x080068e4   0x080068e4   0x00000086   Code   RO         3955    i.UART_DMAReceiveCplt  stm32f4xx_hal_uart.o
    0x0800696a   0x0800696a   0x0000001e   Code   RO         3957    i.UART_DMARxHalfCplt  stm32f4xx_hal_uart.o
    0x08006988   0x08006988   0x0000004e   Code   RO         3963    i.UART_EndRxTransfer  stm32f4xx_hal_uart.o
    0x080069d6   0x080069d6   0x0000001c   Code   RO         3964    i.UART_EndTxTransfer  stm32f4xx_hal_uart.o
    0x080069f2   0x080069f2   0x000000c2   Code   RO         3965    i.UART_Receive_IT   stm32f4xx_hal_uart.o
    0x08006ab4   0x08006ab4   0x0000010c   Code   RO         3966    i.UART_SetConfig    stm32f4xx_hal_uart.o
    0x08006bc0   0x08006bc0   0x000000a0   Code   RO         3967    i.UART_Start_Receive_DMA  stm32f4xx_hal_uart.o
    0x08006c60   0x08006c60   0x0000000c   Code   RO          643    i.USART3_IRQHandler  stm32f4xx_it.o
    0x08006c6c   0x08006c6c   0x00000002   Code   RO          644    i.UsageFault_Handler  stm32f4xx_it.o
    0x08006c6e   0x08006c6e   0x00000030   Code   RO         8086    i.__ARM_fpclassify  m_wm.l(fpclassify.o)
    0x08006c9e   0x08006c9e   0x00000026   Code   RO         8024    i.__ARM_fpclassifyf  m_wm.l(fpclassifyf.o)
    0x08006cc4   0x08006cc4   0x00000020   Code   RO         1770    i.__NVIC_SetPriority  stm32f4xx_hal_cortex.o
    0x08006ce4   0x08006ce4   0x0000012c   Code   RO         7883    i.__hardfp_asinf    m_wm.l(asinf.o)
    0x08006e10   0x08006e10   0x00000250   Code   RO         7895    i.__hardfp_atan2f   m_wm.l(atan2f.o)
    0x08007060   0x08007060   0x000000c8   Code   RO         7907    i.__hardfp_cos      m_wm.l(cos.o)
    0x08007128   0x08007128   0x00000104   Code   RO         7919    i.__hardfp_fmod     m_wm.l(fmod.o)
    0x0800722c   0x0800722c   0x000000b0   Code   RO         7931    i.__hardfp_fmodf    m_wm.l(fmodf.o)
    0x080072dc   0x080072dc   0x00000004   PAD
    0x080072e0   0x080072e0   0x000000c8   Code   RO         7943    i.__hardfp_sin      m_wm.l(sin.o)
    0x080073a8   0x080073a8   0x0000003a   Code   RO         7955    i.__hardfp_sqrtf    m_wm.l(sqrtf.o)
    0x080073e2   0x080073e2   0x00000006   PAD
    0x080073e8   0x080073e8   0x00000438   Code   RO         8040    i.__ieee754_rem_pio2  m_wm.l(rred.o)
    0x08007820   0x08007820   0x00000170   Code   RO         8007    i.__kernel_cos      m_wm.l(cos_i.o)
    0x08007990   0x08007990   0x000000f8   Code   RO         8088    i.__kernel_poly     m_wm.l(poly.o)
    0x08007a88   0x08007a88   0x00000130   Code   RO         8048    i.__kernel_sin      m_wm.l(sin_i.o)
    0x08007bb8   0x08007bb8   0x00000014   Code   RO         8011    i.__mathlib_dbl_infnan  m_wm.l(dunder.o)
    0x08007bcc   0x08007bcc   0x00000004   PAD
    0x08007bd0   0x08007bd0   0x00000020   Code   RO         8013    i.__mathlib_dbl_invalid  m_wm.l(dunder.o)
    0x08007bf0   0x08007bf0   0x00000020   Code   RO         8016    i.__mathlib_dbl_underflow  m_wm.l(dunder.o)
    0x08007c10   0x08007c10   0x00000006   Code   RO         8027    i.__mathlib_flt_infnan  m_wm.l(funder.o)
    0x08007c16   0x08007c16   0x00000006   Code   RO         8028    i.__mathlib_flt_infnan2  m_wm.l(funder.o)
    0x08007c1c   0x08007c1c   0x00000010   Code   RO         8029    i.__mathlib_flt_invalid  m_wm.l(funder.o)
    0x08007c2c   0x08007c2c   0x00000010   Code   RO         8032    i.__mathlib_flt_underflow  m_wm.l(funder.o)
    0x08007c3c   0x08007c3c   0x000001d0   Code   RO         7743    i.accel_comple_filter  AHRS.lib(ahrs.o)
    0x08007e0c   0x08007e0c   0x0000018c   Code   RO         7744    i.accel_update_kp_ki  AHRS.lib(ahrs.o)
    0x08007f98   0x08007f98   0x0000016c   Code   RO         7745    i.angle_to_quat     AHRS.lib(ahrs.o)
    0x08008104   0x08008104   0x00000128   Code   RO         6853    i.bmi088_accel_init  bmi088driver.o
    0x0800822c   0x0800822c   0x000002c0   Code   RO         6854    i.bmi088_accel_self_test  bmi088driver.o
    0x080084ec   0x080084ec   0x000000dc   Code   RO         6855    i.bmi088_gyro_init  bmi088driver.o
    0x080085c8   0x080085c8   0x000000ca   Code   RO         6856    i.bmi088_gyro_self_test  bmi088driver.o
    0x08008692   0x08008692   0x00000002   PAD
    0x08008694   0x08008694   0x00000010   Code   RO         7610    i.buzzer_drv_off    bsp_buzzer_driver.o
    0x080086a4   0x080086a4   0x00000010   Code   RO         7611    i.buzzer_drv_on     bsp_buzzer_driver.o
    0x080086b4   0x080086b4   0x00000180   Code   RO         7698    i.buzzer_effects_task  sound_effects_task.o
    0x08008834   0x08008834   0x00000058   Code   RO         4547    i.can_filter_init   bsp_can.o
    0x0800888c   0x0800888c   0x00000028   Code   RO         7148    i.delay_init        bsp_delay.o
    0x080088b4   0x080088b4   0x00000034   Code   RO         7150    i.delay_us          bsp_delay.o
    0x080088e8   0x080088e8   0x00000018   Code   RO         8082    i.fabs              m_wm.l(fabs.o)
    0x08008900   0x08008900   0x000000e8   Code   RO         7746    i.get_angle         AHRS.lib(ahrs.o)
    0x080089e8   0x080089e8   0x00000008   Code   RO         7699    i.get_buzzer_effect_point  sound_effects_task.o
    0x080089f0   0x080089f0   0x000000ec   Code   RO         7260    i.imu_cali_slove    ins_task.o
    0x08008adc   0x08008adc   0x000000fc   Code   RO         7261    i.imu_cmd_spi_dma   ins_task.o
    0x08008bd8   0x08008bd8   0x0000000c   Code   RO         7186    i.imu_pwm_set       bsp_imu_pwm.o
    0x08008be4   0x08008be4   0x0000007c   Code   RO         7262    i.imu_temp_control  ins_task.o
    0x08008c60   0x08008c60   0x00000002   Code   RO         7414    i.ist8310_GPIO_init  ist8310driver_middleware.o
    0x08008c62   0x08008c62   0x00000002   PAD
    0x08008c64   0x08008c64   0x00000024   Code   RO         7416    i.ist8310_IIC_read_single_reg  ist8310driver_middleware.o
    0x08008c88   0x08008c88   0x00000024   Code   RO         7418    i.ist8310_IIC_write_single_reg  ist8310driver_middleware.o
    0x08008cac   0x08008cac   0x00000010   Code   RO         7419    i.ist8310_RST_H     ist8310driver_middleware.o
    0x08008cbc   0x08008cbc   0x00000010   Code   RO         7420    i.ist8310_RST_L     ist8310driver_middleware.o
    0x08008ccc   0x08008ccc   0x00000002   Code   RO         7421    i.ist8310_com_init  ist8310driver_middleware.o
    0x08008cce   0x08008cce   0x00000004   Code   RO         7422    i.ist8310_delay_ms  ist8310driver_middleware.o
    0x08008cd2   0x08008cd2   0x00000002   PAD
    0x08008cd4   0x08008cd4   0x00000080   Code   RO         7382    i.ist8310_init      ist8310driver.o
    0x08008d54   0x08008d54   0x00000050   Code   RO           16    i.main              main.o
    0x08008da4   0x08008da4   0x0000001a   Code   RO         6052    i.osDelay           cmsis_os2.o
    0x08008dbe   0x08008dbe   0x00000002   PAD
    0x08008dc0   0x08008dc0   0x00000024   Code   RO         6066    i.osKernelInitialize  cmsis_os2.o
    0x08008de4   0x08008de4   0x00000038   Code   RO         6069    i.osKernelStart     cmsis_os2.o
    0x08008e1c   0x08008e1c   0x00000064   Code   RO         6081    i.osMessageQueueGet  cmsis_os2.o
    0x08008e80   0x08008e80   0x00000058   Code   RO         6086    i.osMessageQueueNew  cmsis_os2.o
    0x08008ed8   0x08008ed8   0x00000068   Code   RO         6087    i.osMessageQueuePut  cmsis_os2.o
    0x08008f40   0x08008f40   0x0000008a   Code   RO         6111    i.osThreadNew       cmsis_os2.o
    0x08008fca   0x08008fca   0x0000014e   Code   RO         4452    i.parse_sbus        hotrc_ht10a.o
    0x08009118   0x08009118   0x00000020   Code   RO         5488    i.pcTaskGetName     tasks.o
    0x08009138   0x08009138   0x00000064   Code   RO         5489    i.prvAddCurrentTaskToDelayedList  tasks.o
    0x0800919c   0x0800919c   0x000000d0   Code   RO         5490    i.prvAddNewTaskToReadyList  tasks.o
    0x0800926c   0x0800926c   0x00000058   Code   RO         5877    i.prvCheckForValidListAndQueue  timers.o
    0x080092c4   0x080092c4   0x00000026   Code   RO         5086    i.prvCopyDataFromQueue  queue.o
    0x080092ea   0x080092ea   0x0000006c   Code   RO         5087    i.prvCopyDataToQueue  queue.o
    0x08009356   0x08009356   0x00000034   Code   RO         5491    i.prvDeleteTCB      tasks.o
    0x0800938a   0x0800938a   0x00000002   PAD
    0x0800938c   0x0800938c   0x0000004c   Code   RO         6558    i.prvHeapInit       heap_4.o
    0x080093d8   0x080093d8   0x00000060   Code   RO         5492    i.prvIdleTask       tasks.o
    0x08009438   0x08009438   0x00000022   Code   RO         5089    i.prvInitialiseNewQueue  queue.o
    0x0800945a   0x0800945a   0x00000002   PAD
    0x0800945c   0x0800945c   0x000000b4   Code   RO         5493    i.prvInitialiseNewTask  tasks.o
    0x08009510   0x08009510   0x0000004c   Code   RO         6559    i.prvInsertBlockIntoFreeList  heap_4.o
    0x0800955c   0x0800955c   0x00000038   Code   RO         5879    i.prvInsertTimerInActiveList  timers.o
    0x08009594   0x08009594   0x0000001c   Code   RO         5090    i.prvIsQueueEmpty   queue.o
    0x080095b0   0x080095b0   0x000000fc   Code   RO         5880    i.prvProcessReceivedCommands  timers.o
    0x080096ac   0x080096ac   0x000000c0   Code   RO         5881    i.prvProcessTimerOrBlockTask  timers.o
    0x0800976c   0x0800976c   0x00000020   Code   RO         5495    i.prvResetNextTaskUnblockTime  tasks.o
    0x0800978c   0x0800978c   0x00000028   Code   RO         5882    i.prvSampleTimeNow  timers.o
    0x080097b4   0x080097b4   0x00000058   Code   RO         5496    i.prvSearchForNameWithinSingleList  tasks.o
    0x0800980c   0x0800980c   0x0000006c   Code   RO         5883    i.prvSwitchTimerLists  timers.o
    0x08009878   0x08009878   0x00000028   Code   RO         6614    i.prvTaskExitError  port.o
    0x080098a0   0x080098a0   0x00000024   Code   RO         5884    i.prvTimerTask      timers.o
    0x080098c4   0x080098c4   0x0000006a   Code   RO         5091    i.prvUnlockQueue    queue.o
    0x0800992e   0x0800992e   0x00000002   PAD
    0x08009930   0x08009930   0x000000dc   Code   RO         6560    i.pvPortMalloc      heap_4.o
    0x08009a0c   0x08009a0c   0x0000002c   Code   RO         6615    i.pxPortInitialiseStack  port.o
    0x08009a38   0x08009a38   0x00000084   Code   RO         7751    i.quat_normalization  AHRS.lib(ahrs.o)
    0x08009abc   0x08009abc   0x00000010   Code   RO         7263    i.radian_to_degree  ins_task.o
    0x08009acc   0x08009acc   0x0000003e   Code   RO         7957    i.sqrtf             m_wm.l(sqrtf.o)
    0x08009b0a   0x08009b0a   0x00000002   PAD
    0x08009b0c   0x08009b0c   0x00000068   Code   RO         5500    i.ulTaskNotifyTake  tasks.o
    0x08009b74   0x08009b74   0x0000007a   Code   RO         7752    i.update_w          AHRS.lib(ahrs.o)
    0x08009bee   0x08009bee   0x00000026   Code   RO         5046    i.uxListRemove      list.o
    0x08009c14   0x08009c14   0x00000014   Code   RO         6123    i.vApplicationGetIdleTaskMemory  cmsis_os2.o
    0x08009c28   0x08009c28   0x00000018   Code   RO         6124    i.vApplicationGetTimerTaskMemory  cmsis_os2.o
    0x08009c40   0x08009c40   0x00000016   Code   RO         5047    i.vListInitialise   list.o
    0x08009c56   0x08009c56   0x00000006   Code   RO         5048    i.vListInitialiseItem  list.o
    0x08009c5c   0x08009c5c   0x00000030   Code   RO         5049    i.vListInsert       list.o
    0x08009c8c   0x08009c8c   0x00000018   Code   RO         5050    i.vListInsertEnd    list.o
    0x08009ca4   0x08009ca4   0x00000040   Code   RO         6617    i.vPortEnterCritical  port.o
    0x08009ce4   0x08009ce4   0x00000028   Code   RO         6618    i.vPortExitCritical  port.o
    0x08009d0c   0x08009d0c   0x00000064   Code   RO         6561    i.vPortFree         heap_4.o
    0x08009d70   0x08009d70   0x00000024   Code   RO         6619    i.vPortSetupTimerInterrupt  port.o
    0x08009d94   0x08009d94   0x00000054   Code   RO         6620    i.vPortValidateInterruptPriority  port.o
    0x08009de8   0x08009de8   0x00000028   Code   RO         5097    i.vQueueAddToRegistry  queue.o
    0x08009e10   0x08009e10   0x00000044   Code   RO         5101    i.vQueueWaitForMessageRestricted  queue.o
    0x08009e54   0x08009e54   0x0000004c   Code   RO         5510    i.vTaskDelay        tasks.o
    0x08009ea0   0x08009ea0   0x00000010   Code   RO         5515    i.vTaskInternalSetTimeOutState  tasks.o
    0x08009eb0   0x08009eb0   0x0000000c   Code   RO         5516    i.vTaskMissedYield  tasks.o
    0x08009ebc   0x08009ebc   0x000000b0   Code   RO         5517    i.vTaskNotifyGiveFromISR  tasks.o
    0x08009f6c   0x08009f6c   0x00000030   Code   RO         5518    i.vTaskPlaceOnEventList  tasks.o
    0x08009f9c   0x08009f9c   0x00000038   Code   RO         5519    i.vTaskPlaceOnEventListRestricted  tasks.o
    0x08009fd4   0x08009fd4   0x00000088   Code   RO         5527    i.vTaskStartScheduler  tasks.o
    0x0800a05c   0x0800a05c   0x00000010   Code   RO         5529    i.vTaskSuspendAll   tasks.o
    0x0800a06c   0x0800a06c   0x00000064   Code   RO         5530    i.vTaskSwitchContext  tasks.o
    0x0800a0d0   0x0800a0d0   0x000000f4   Code   RO         6621    i.xPortStartScheduler  port.o
    0x0800a1c4   0x0800a1c4   0x0000002c   Code   RO         6622    i.xPortSysTickHandler  port.o
    0x0800a1f0   0x0800a1f0   0x00000042   Code   RO         5106    i.xQueueGenericCreate  queue.o
    0x0800a232   0x0800a232   0x00000066   Code   RO         5107    i.xQueueGenericCreateStatic  queue.o
    0x0800a298   0x0800a298   0x00000088   Code   RO         5108    i.xQueueGenericReset  queue.o
    0x0800a320   0x0800a320   0x00000160   Code   RO         5109    i.xQueueGenericSend  queue.o
    0x0800a480   0x0800a480   0x000000be   Code   RO         5110    i.xQueueGenericSendFromISR  queue.o
    0x0800a53e   0x0800a53e   0x00000002   PAD
    0x0800a540   0x0800a540   0x00000138   Code   RO         5119    i.xQueueReceive     queue.o
    0x0800a678   0x0800a678   0x0000009a   Code   RO         5120    i.xQueueReceiveFromISR  queue.o
    0x0800a712   0x0800a712   0x00000002   PAD
    0x0800a714   0x0800a714   0x00000088   Code   RO         5533    i.xTaskCheckForTimeOut  tasks.o
    0x0800a79c   0x0800a79c   0x0000005a   Code   RO         5534    i.xTaskCreate       tasks.o
    0x0800a7f6   0x0800a7f6   0x00000056   Code   RO         5535    i.xTaskCreateStatic  tasks.o
    0x0800a84c   0x0800a84c   0x00000088   Code   RO         5539    i.xTaskGetHandle    tasks.o
    0x0800a8d4   0x0800a8d4   0x0000001c   Code   RO         5540    i.xTaskGetSchedulerState  tasks.o
    0x0800a8f0   0x0800a8f0   0x0000000c   Code   RO         5541    i.xTaskGetTickCount  tasks.o
    0x0800a8fc   0x0800a8fc   0x000000c8   Code   RO         5543    i.xTaskIncrementTick  tasks.o
    0x0800a9c4   0x0800a9c4   0x00000080   Code   RO         5546    i.xTaskPriorityDisinherit  tasks.o
    0x0800aa44   0x0800aa44   0x00000070   Code   RO         5548    i.xTaskRemoveFromEventList  tasks.o
    0x0800aab4   0x0800aab4   0x000000c4   Code   RO         5549    i.xTaskResumeAll    tasks.o
    0x0800ab78   0x0800ab78   0x00000060   Code   RO         5893    i.xTimerCreateTimerTask  timers.o
    0x0800abd8   0x0800abd8   0x00000068   Code   RO         5894    i.xTimerGenericCommand  timers.o
    0x0800ac40   0x0800ac40   0x00000018   Code   RO         7990    x$fpl$basic         fz_wm.l(basic.o)
    0x0800ac58   0x0800ac58   0x00000062   Code   RO         7845    x$fpl$d2f           fz_wm.l(d2f.o)
    0x0800acba   0x0800acba   0x00000002   PAD
    0x0800acbc   0x0800acbc   0x00000150   Code   RO         7847    x$fpl$dadd          fz_wm.l(daddsub_clz.o)
    0x0800ae0c   0x0800ae0c   0x00000018   Code   RO         7992    x$fpl$dcmpinf       fz_wm.l(dcmpi.o)
    0x0800ae24   0x0800ae24   0x000002b0   Code   RO         7854    x$fpl$ddiv          fz_wm.l(ddiv.o)
    0x0800b0d4   0x0800b0d4   0x0000005e   Code   RO         8076    x$fpl$dfix          fz_wm.l(dfix.o)
    0x0800b132   0x0800b132   0x0000002e   Code   RO         7858    x$fpl$dflt          fz_wm.l(dflt_clz.o)
    0x0800b160   0x0800b160   0x00000026   Code   RO         7857    x$fpl$dfltu         fz_wm.l(dflt_clz.o)
    0x0800b186   0x0800b186   0x00000002   PAD
    0x0800b188   0x0800b188   0x00000078   Code   RO         7863    x$fpl$dleqf         fz_wm.l(dleqf.o)
    0x0800b200   0x0800b200   0x00000154   Code   RO         7865    x$fpl$dmul          fz_wm.l(dmul.o)
    0x0800b354   0x0800b354   0x0000009c   Code   RO         7994    x$fpl$dnaninf       fz_wm.l(dnaninf.o)
    0x0800b3f0   0x0800b3f0   0x00000150   Code   RO         7996    x$fpl$drem          fz_wm.l(drem_clz.o)
    0x0800b540   0x0800b540   0x0000000c   Code   RO         7998    x$fpl$dretinf       fz_wm.l(dretinf.o)
    0x0800b54c   0x0800b54c   0x0000006c   Code   RO         7867    x$fpl$drleqf        fz_wm.l(drleqf.o)
    0x0800b5b8   0x0800b5b8   0x00000016   Code   RO         7848    x$fpl$drsb          fz_wm.l(daddsub_clz.o)
    0x0800b5ce   0x0800b5ce   0x00000002   PAD
    0x0800b5d0   0x0800b5d0   0x000001d4   Code   RO         7849    x$fpl$dsub          fz_wm.l(daddsub_clz.o)
    0x0800b7a4   0x0800b7a4   0x00000056   Code   RO         7869    x$fpl$f2d           fz_wm.l(f2d.o)
    0x0800b7fa   0x0800b7fa   0x0000008c   Code   RO         8000    x$fpl$fnaninf       fz_wm.l(fnaninf.o)
    0x0800b886   0x0800b886   0x0000000a   Code   RO         8175    x$fpl$fpinit        fz_wm.l(fpinit.o)
    0x0800b890   0x0800b890   0x000000f4   Code   RO         8002    x$fpl$frem          fz_wm.l(frem_clz.o)
    0x0800b984   0x0800b984   0x0000000a   Code   RO         8004    x$fpl$fretinf       fz_wm.l(fretinf.o)
    0x0800b98e   0x0800b98e   0x00000000   Code   RO         8006    x$fpl$usenofp       fz_wm.l(usenofp.o)
    0x0800b98e   0x0800b98e   0x00000002   PAD
    0x0800b990   0x0800b990   0x000000cc   Data   RO          311    .constdata          freertos.o
    0x0800ba5c   0x0800ba5c   0x00000008   Data   RO         1484    .constdata          stm32f4xx_hal_dma.o
    0x0800ba64   0x0800ba64   0x00000010   Data   RO         4275    .constdata          system_stm32f4xx.o
    0x0800ba74   0x0800ba74   0x00000008   Data   RO         4276    .constdata          system_stm32f4xx.o
    0x0800ba7c   0x0800ba7c   0x00000012   Data   RO         6861    .constdata          bmi088driver.o
    0x0800ba8e   0x0800ba8e   0x00000002   PAD
    0x0800ba90   0x0800ba90   0x0000000c   Data   RO         7267    .constdata          ins_task.o
    0x0800ba9c   0x0800ba9c   0x0000000c   Data   RO         7385    .constdata          ist8310driver.o
    0x0800baa8   0x0800baa8   0x0000000c   Data   RO         7753    .constdata          AHRS.lib(ahrs.o)
    0x0800bab4   0x0800bab4   0x00000004   PAD
    0x0800bab8   0x0800bab8   0x00000030   Data   RO         8008    .constdata          m_wm.l(cos_i.o)
    0x0800bae8   0x0800bae8   0x000000c8   Data   RO         8042    .constdata          m_wm.l(rred.o)
    0x0800bbb0   0x0800bbb0   0x00000028   Data   RO         8049    .constdata          m_wm.l(sin_i.o)
    0x0800bbd8   0x0800bbd8   0x00000049   Data   RO          312    .conststring        freertos.o
    0x0800bc21   0x0800bc21   0x00000003   PAD
    0x0800bc24   0x0800bc24   0x00000020   Data   RO         8231    Region$$Table       anon$$obj.o


    Execution Region RW_IRAM1 (Exec base: 0x20000000, Load base: 0x0800bc44, Size: 0x00005df0, Max: 0x0001c000, ABSOLUTE, COMPRESSED[0x00000070])

    Exec Addr    Load Addr    Size         Type   Attr      Idx    E Section Name        Object

    0x20000000   COMPRESSED   0x00000018   Data   RW          313    .data               freertos.o
    0x20000018   COMPRESSED   0x00000004   Data   RW          380    .data               can.o
    0x2000001c   COMPRESSED   0x0000000c   Data   RW         1929    .data               stm32f4xx_hal.o
    0x20000028   COMPRESSED   0x00000004   Data   RW         4277    .data               system_stm32f4xx.o
    0x2000002c   COMPRESSED   0x00000001   Data   RW         4455    .data               hotrc_ht10a.o
    0x2000002d   COMPRESSED   0x00000003   PAD
    0x20000030   COMPRESSED   0x00000008   Data   RW         4550    .data               bsp_can.o
    0x20000038   COMPRESSED   0x00000004   Data   RW         4607    .data               my_pid.o
    0x2000003c   COMPRESSED   0x00000004   PAD
    0x20000040   COMPRESSED   0x00000018   Data   RW         4708    .data               my_math.o
    0x20000058   COMPRESSED   0x00000008   Data   RW         4765    .data               my_time.o
    0x20000060   COMPRESSED   0x00000004   Data   RW         4801    .data               motor_contral.o
    0x20000064   COMPRESSED   0x00000001   Data   RW         4886    .data               uap_freertos.o
    0x20000065   COMPRESSED   0x00000003   PAD
    0x20000068   COMPRESSED   0x0000003c   Data   RW         5552    .data               tasks.o
    0x200000a4   COMPRESSED   0x00000014   Data   RW         5902    .data               timers.o
    0x200000b8   COMPRESSED   0x00000004   Data   RW         6126    .data               cmsis_os2.o
    0x200000bc   COMPRESSED   0x00000020   Data   RW         6567    .data               heap_4.o
    0x200000dc   COMPRESSED   0x0000000c   Data   RW         6623    .data               port.o
    0x200000e8   COMPRESSED   0x0000002c   Data   RW         6862    .data               bmi088driver.o
    0x20000114   COMPRESSED   0x00000008   Data   RW         7151    .data               bsp_delay.o
    0x2000011c   COMPRESSED   0x000000a8   Data   RW         7269    .data               ins_task.o
    0x200001c4   COMPRESSED   0x0000000c   Data   RW         7701    .data               sound_effects_task.o
    0x200001d0   COMPRESSED   0x00000010   Data   RW         7754    .data               AHRS.lib(ahrs.o)
    0x200001e0        -       0x00000200   Zero   RW          305    .bss                freertos.o
    0x200003e0        -       0x0000005c   Zero   RW          306    .bss                freertos.o
    0x2000043c        -       0x00000200   Zero   RW          307    .bss                freertos.o
    0x2000063c        -       0x0000005c   Zero   RW          308    .bss                freertos.o
    0x20000698        -       0x0000000a   Zero   RW          309    .bss                freertos.o
    0x200006a2   COMPRESSED   0x00000002   PAD
    0x200006a4        -       0x00000050   Zero   RW          310    .bss                freertos.o
    0x200006f4        -       0x00000050   Zero   RW          379    .bss                can.o
    0x20000744        -       0x00000054   Zero   RW          451    .bss                i2c.o
    0x20000798        -       0x00000118   Zero   RW          493    .bss                spi.o
    0x200008b0        -       0x00000090   Zero   RW          537    .bss                tim.o
    0x20000940        -       0x000000a8   Zero   RW          589    .bss                usart.o
    0x200009e8        -       0x00000080   Zero   RW         4360    .bss                dji_motor_can.o
    0x20000a68        -       0x00000059   Zero   RW         4453    .bss                hotrc_ht10a.o
    0x20000ac1   COMPRESSED   0x00000003   PAD
    0x20000ac4        -       0x0000000c   Zero   RW         4504    .bss                dual_board_transmit.o
    0x20000ad0        -       0x00000140   Zero   RW         4548    .bss                bsp_can.o
    0x20000c10        -       0x000000a8   Zero   RW         4800    .bss                motor_contral.o
    0x20000cb8        -       0x00000090   Zero   RW         4885    .bss                uap_freertos.o
    0x20000d48        -       0x00000040   Zero   RW         5123    .bss                queue.o
    0x20000d88        -       0x000004c4   Zero   RW         5551    .bss                tasks.o
    0x2000124c        -       0x00000118   Zero   RW         5901    .bss                timers.o
    0x20001364        -       0x000006b8   Zero   RW         6125    .bss                cmsis_os2.o
    0x20001a1c        -       0x00003c00   Zero   RW         6566    .bss                heap_4.o
    0x2000561c        -       0x00000128   Zero   RW         7264    .bss                ins_task.o
    0x20005744        -       0x00000048   Zero   RW         7649    .bss                buzzer_tim_init.o
    0x2000578c        -       0x00000060   Zero   RW         8091    .bss                c_w.l(libspace.o)
    0x200057ec   COMPRESSED   0x00000004   PAD
    0x200057f0        -       0x00000200   Zero   RW            2    HEAP                startup_stm32f407xx.o
    0x200059f0        -       0x00000400   Zero   RW            1    STACK               startup_stm32f407xx.o


    Execution Region RW_IRAM2 (Exec base: 0x2001c000, Load base: 0x0800bcb4, Size: 0x00000000, Max: 0x00004000, ABSOLUTE)

    **** No section assigned to this execution region ****


==============================================================================

Image component sizes


      Code (inc. data)   RO Data    RW Data    ZI Data      Debug   Object Name

       126          6          0          0          0       5164   ahrs_middleware.o
      2158         32         18         44          0     591775   bmi088driver.o
       108         28          0          0          0      10128   bmi088middleware.o
        32         10          0          0          0       1149   bsp_buzzer_driver.o
       288         26          0          8        320       3459   bsp_can.o
        92         18          0          8          0       1428   bsp_delay.o
        12          4          0          0          0        526   bsp_imu_pwm.o
      4964         74          0          0          0       2474   bsp_spi.o
       322         38          0          0         72       3549   buzzer_tim_init.o
       404         42          0          4         80       2710   can.o
        50          0          0          0          0       1127   can_part.o
       592         30          0          4       1720      68493   cmsis_os2.o
        72          0          0          0        128       3363   dji_motor_can.o
        92          4          0          0          0        914   dma.o
        42         10          0          0         12       1938   dual_board_transmit.o
         0          0          0          0          0      18072   event_groups.o
       124         28        277         24       1298       3888   freertos.o
       424         24          0          0          0       1263   gpio.o
       472         24          0         32      15360       5147   heap_4.o
       578         26          0          1         89       4973   hotrc_ht10a.o
       212         32          0          0         84       1905   i2c.o
      2128        152         12        168        296      11597   ins_task.o
       128          6         12          0          0       1507   ist8310driver.o
       112         22          0          0          0       3983   ist8310driver_middleware.o
       138          0          0          0          0       3830   list.o
       246         12          0          0          0     741370   main.o
       296         46          0          4        168       1694   motor_contral.o
       392         42          0         24          0       2441   my_math.o
       548         42          0          4          0       8275   my_pid.o
        28          4          0          8          0        819   my_time.o
       388          8          0          0          0       1938   pid.o
       786         82          0         12          0      12037   port.o
      1734         20          0          0         64      20657   queue.o
       392         24          0         12          0       3187   sound_effects_task.o
       328         32          0          0        280       2087   spi.o
        64         26        392          0       1536        888   startup_stm32f407xx.o
       144         24          0         12          0       9081   stm32f4xx_hal.o
      1682          6          0          0          0      15977   stm32f4xx_hal_can.o
       198         14          0          0          0      34107   stm32f4xx_hal_cortex.o
      1084         16          8          0          0       7742   stm32f4xx_hal_dma.o
       530         52          0          0          0       2995   stm32f4xx_hal_gpio.o
      2294         52          0          0          0      13738   stm32f4xx_hal_i2c.o
        56          4          0          0          0        954   stm32f4xx_hal_msp.o
      1348         76          0          0          0       5524   stm32f4xx_hal_rcc.o
       980         16          0          0          0       5125   stm32f4xx_hal_spi.o
      2094        166          0          0          0      18783   stm32f4xx_hal_tim.o
       148         28          0          0          0       2661   stm32f4xx_hal_tim_ex.o
      1756         28          0          0          0      13364   stm32f4xx_hal_uart.o
       132         36          0          0          0       8759   stm32f4xx_it.o
         0          0          0          0          0        428   stream_buffer.o
        16          4         24          4          0       1259   system_stm32f4xx.o
      2652        208          0         60       1220      33257   tasks.o
       372         36          0          0        144       3275   tim.o
       972         80          0         20        280      32759   timers.o
       152         26          0          1        144       2076   uap_freertos.o
        14          0          0          0          0       1403   uap_init.o
       244         34          0          0        168       1977   usart.o

    ----------------------------------------------------------------------
     35808       1880        780        464      23468    1764999   Object Totals
         0          0         32          0          0          0   (incl. Generated)
        68          0          5         10          5          0   (incl. Padding)

    ----------------------------------------------------------------------

      Code (inc. data)   RO Data    RW Data    ZI Data      Debug   Library Member Name

      2718         84         12         16          0       9922   ahrs.o
        90          0          0          0          0          0   __dczerorl2.o
         8          0          0          0          0         68   __main.o
         0          0          0          0          0          0   __rtentry.o
        12          0          0          0          0          0   __rtentry2.o
         6          0          0          0          0          0   __rtentry4.o
        52          8          0          0          0          0   __scatter.o
        28          0          0          0          0          0   __scatter_zi.o
        22          0          0          0          0        100   _rserrno.o
        16          0          0          0          0         68   aeabi_memset.o
        18          0          0          0          0         80   exit.o
         6          0          0          0          0        152   heapauxi.o
         0          0          0          0          0          0   indicate_semi.o
         2          0          0          0          0          0   libinit.o
         6          0          0          0          0          0   libinit2.o
         2          0          0          0          0          0   libshutdown.o
         2          0          0          0          0          0   libshutdown2.o
         8          4          0          0         96         68   libspace.o
       238          0          0          0          0        100   lludivv7m.o
         8          4          0          0          0         68   rt_errno_addr_intlibspace.o
        68          0          0          0          0         68   rt_memclr.o
        78          0          0          0          0         80   rt_memclr_w.o
       138          0          0          0          0         68   rt_memcpy_v6.o
       100          0          0          0          0         80   rt_memcpy_w.o
         2          0          0          0          0          0   rtexit.o
        10          0          0          0          0          0   rtexit2.o
        62          0          0          0          0         76   strlen.o
        12          4          0          0          0         68   sys_exit.o
        74          0          0          0          0         80   sys_stackheap_outer.o
         2          0          0          0          0         68   use_no_semi.o
        24          0          0          0          0        164   basic.o
        98          4          0          0          0        140   d2f.o
       826         16          0          0          0        492   daddsub_clz.o
        24          0          0          0          0        116   dcmpi.o
       688        140          0          0          0        256   ddiv.o
        94          4          0          0          0        140   dfix.o
        84          0          0          0          0        232   dflt_clz.o
       120          4          0          0          0        140   dleqf.o
       340         12          0          0          0        152   dmul.o
       156          4          0          0          0        140   dnaninf.o
       336         12          0          0          0        136   drem_clz.o
        12          0          0          0          0        116   dretinf.o
       108          0          0          0          0        128   drleqf.o
        86          4          0          0          0        132   f2d.o
       140          4          0          0          0        132   fnaninf.o
        10          0          0          0          0        116   fpinit.o
       244          8          0          0          0        132   frem_clz.o
        10          0          0          0          0        116   fretinf.o
         0          0          0          0          0          0   usenofp.o
       300         42          0          0          0        176   asinf.o
       592         90          0          0          0        184   atan2f.o
       200         20          0          0          0        164   cos.o
       368         46         48          0          0        200   cos_i.o
        84         16          0          0          0        372   dunder.o
        24          0          0          0          0        124   fabs.o
       260          6          0          0          0        144   fmod.o
       176          0          0          0          0        168   fmodf.o
        48          0          0          0          0        124   fpclassify.o
        38          0          0          0          0        116   fpclassifyf.o
        44         12          0          0          0        464   funder.o
       248          0          0          0          0        152   poly.o
      1080        142        200          0          0        188   rred.o
       200         20          0          0          0        164   sin.o
       304         24         40          0          0        208   sin_i.o
       120          0          0          0          0        272   sqrtf.o

    ----------------------------------------------------------------------
     11304        734        304         16        100      17414   Library Totals
        30          0          4          0          4          0   (incl. Padding)

    ----------------------------------------------------------------------

      Code (inc. data)   RO Data    RW Data    ZI Data      Debug   Library Name

      2718         84         12         16          0       9922   AHRS.lib
      1070         20          0          0         96       1292   c_w.l
      3400        212          0          0          0       2980   fz_wm.l
      4086        418        288          0          0       3220   m_wm.l

    ----------------------------------------------------------------------
     11304        734        304         16        100      17414   Library Totals

    ----------------------------------------------------------------------

==============================================================================


      Code (inc. data)   RO Data    RW Data    ZI Data      Debug   

     47112       2614       1084        480      23568    1747789   Grand Totals
     47112       2614       1084        112      23568    1747789   ELF Image Totals (compressed)
     47112       2614       1084        112          0          0   ROM Totals

==============================================================================

    Total RO  Size (Code + RO Data)                48196 (  47.07kB)
    Total RW  Size (RW Data + ZI Data)             24048 (  23.48kB)
    Total ROM Size (Code + RO Data + RW Data)      48308 (  47.18kB)

==============================================================================

