<html>
<body>
<pre>
<h1>µVision Build Log</h1>
<h2>Tool Versions:</h2>
IDE-Version: ¦ÌVision V5.24.2.0
Copyright (C) 2017 ARM Ltd and ARM Germany GmbH. All rights reserved.
License Information: s 3363997071@qq.com, s, LIC=X96CK-Z8LZA-IIG5V-P44X0-UAXNF-QQDIA
 
Tool Versions:
Toolchain:       MDK-ARM Plus  Version: 5.24.1
Toolchain Path:  D:\A_Study & Work\STM32\Keil5\ARM\ARMCC\Bin
C Compiler:      Armcc.exe V5.06 update 5 (build 528)
Assembler:       Armasm.exe V5.06 update 5 (build 528)
Linker/Locator:  ArmLink.exe V5.06 update 5 (build 528)
Library Manager: ArmAr.exe V5.06 update 5 (build 528)
Hex Converter:   FromElf.exe V5.06 update 5 (build 528)
CPU DLL:         SARMCM3.DLL V5.24.1
Dialog DLL:      DCM.DLL V1.16.0.0
Target DLL:      CMSIS_AGDI.dll V1.28.3.0
Dialog DLL:      TCM.DLL V1.32.0.0
 
<h2>Project:</h2>
D:\A_Code_GitHub\My_STM32_Code_Free\My_STM32_Codes\DT46_Hero_26\DMH7_DT46_Hero26\MYDM\MDK-ARM\MYDM.uvprojx
Project File Date:  05/01/2026

<h2>Output:</h2>
*** Using Compiler 'V5.06 update 5 (build 528)', folder: 'D:\A_Study & Work\STM32\Keil5\ARM\ARMCC\Bin'
Build target 'MYDM'
compiling HERO_DriveSystem.c...
./UserDrive/DJI_Motor_CAN.h(87): warning:  #1-D: last line of file ends without a newline
  #endif
./UserAppliction/DJI_Motor_Contral.h(49): warning:  #1-D: last line of file ends without a newline
  #endif
HERO_Application\HERO_DriveSystem.c(40): warning:  #550-D: variable "remain_HEROSystemTask"  was set but never used
  static UBaseType_t remain_HEROSystemTask;
HERO_Application\HERO_DriveSystem.c(51): warning:  #550-D: variable "remain_HEROChassisTask"  was set but never used
  static UBaseType_t remain_HEROChassisTask;
HERO_Application\HERO_DriveSystem.c(89): warning:  #550-D: variable "remain_HEROGimbalTask"  was set but never used
  static UBaseType_t remain_HEROGimbalTask;
HERO_Application\HERO_DriveSystem.c(125): warning:  #550-D: variable "remain_HEROShootingTask"  was set but never used
  static UBaseType_t remain_HEROShootingTask;
HERO_Application\HERO_DriveSystem.c(154): warning:  #550-D: variable "remain_HERODialTask"  was set but never used
  static UBaseType_t remain_HERODialTask;
HERO_Application\HERO_DriveSystem.c: 7 warnings, 0 errors
linking...
Program Size: Code=38112 RO-data=1552 RW-data=272 ZI-data=27048  
FromELF: creating hex file...
"MYDM\MYDM.axf" - 0 Error(s), 7 Warning(s).

<h2>Software Packages used:</h2>

Package Vendor: ARM
                http://www.keil.com/pack/ARM.CMSIS.5.9.0.pack
                ARM.CMSIS.5.9.0
                CMSIS (Common Microcontroller Software Interface Standard)
   * Component: CORE Version: 5.6.0

Package Vendor: Keil
                https://www.keil.com/pack/Keil.STM32H7xx_DFP.4.1.4-dev.pack
                Keil.STM32H7xx_DFP.4.1.4-dev
                STMicroelectronics STM32H7 Series Device Support

<h2>Collection of Component include folders:</h2>
  .\RTE\_MYDM
  D:\A_Study & Work\STM32\Keil5\ARM\PACK\ARM\CMSIS\5.9.0\CMSIS\Core\Include

<h2>Collection of Component Files used:</h2>

   * Component: ARM::CMSIS:CORE:5.6.0
      Include file:  CMSIS\Core\Include\tz_context.h
Build Time Elapsed:  00:00:06
</pre>
</body>
</html>
