<html>
<body>
<pre>
<h1>µVision Build Log</h1>
<h2>Tool Versions:</h2>
IDE-Version: ¦ÌVision V5.24.2.0
Copyright (C) 2017 ARM Ltd and ARM Germany GmbH. All rights reserved.
License Information: s 3363997071@qq.com, s, LIC=X96CK-Z8LZA-IIG5V-P44X0-UAXNF-QQDIA
 
Tool Versions:
Toolchain:       MDK-ARM Plus  Version: 5.24.1
Toolchain Path:  D:\A_Study & Work\STM32\Keil5\ARM\ARMCC\Bin
C Compiler:      Armcc.exe V5.06 update 5 (build 528)
Assembler:       Armasm.exe V5.06 update 5 (build 528)
Linker/Locator:  ArmLink.exe V5.06 update 5 (build 528)
Library Manager: ArmAr.exe V5.06 update 5 (build 528)
Hex Converter:   FromElf.exe V5.06 update 5 (build 528)
CPU DLL:         SARMCM3.DLL V5.24.1
Dialog DLL:      DCM.DLL V1.16.0.0
Target DLL:      CMSIS_AGDI.dll V1.28.3.0
Dialog DLL:      TCM.DLL V1.32.0.0
 
<h2>Project:</h2>
D:\A_Code_GitHub\My_STM32_Code_Free\My_STM32_Codes\DT46_Hero_26_0.1.0\DJIC_DT46_Hero26_0.1.0\MDK-ARM\BaseMood.uvprojx
Project File Date:  06/01/2026

<h2>Output:</h2>
*** Using Compiler 'V5.06 update 5 (build 528)', folder: 'D:\A_Study & Work\STM32\Keil5\ARM\ARMCC\Bin'
Build target 'BaseMood'
compiling main.c...
./ACApplication/Auto/AutoAim.h(90): warning:  #1-D: last line of file ends without a newline
  #endif // AUTOAIM_H_
../Core/Src/main.c(110): warning:  #223-D: function "BSP_Init" declared implicitly
  	BSP_Init();
../Core/Src/main.c: 2 warnings, 0 errors
compiling MotorCtrl_DJI.c...
./ACApplication/Auto/AutoAim.h(90): warning:  #1-D: last line of file ends without a newline
  #endif // AUTOAIM_H_
./ACApplication/Auto/AutoAim.h(90): warning:  #1-D: last line of file ends without a newline
  #endif // AUTOAIM_H_
ABModule\MotorCtrl_DJI.c: 2 warnings, 0 errors
compiling Dual_Board_Transmit_Task.c...
AADrivers\Dual_Board_Transmit_Task.h(7): warning:  #1-D: last line of file ends without a newline
  #endif // DUAL_BOARD_TRANSMIT_TASK_H_
AADrivers\Dual_Board_Transmit_Task.c(16): warning:  #188-D: enumerated type mixed with another type
    BoardTransmit_Gimbal_TX_t Tx  = {0};
AADrivers\Dual_Board_Transmit_Task.c(59): warning:  #1-D: last line of file ends without a newline
  #endif
AADrivers\Dual_Board_Transmit_Task.c(12): warning:  #550-D: variable "remain_DualBoardTask"  was set but never used
  static UBaseType_t remain_DualBoardTask;
AADrivers\Dual_Board_Transmit_Task.c: 4 warnings, 0 errors
compiling User_CallBack.c...
./ACApplication/Auto/AutoAim.h(90): warning:  #1-D: last line of file ends without a newline
  #endif // AUTOAIM_H_
./ACApplication/Auto/AutoAim.h(90): warning:  #1-D: last line of file ends without a newline
  #endif // AUTOAIM_H_
ABModule\User_CallBack.c(172): warning:  #1-D: last line of file ends without a newline
  #endif
ABModule\User_CallBack.c(27): warning:  #550-D: variable "g_dataValid"  was set but never used
  static uint8_t g_dataValid = 0;
ABModule\User_CallBack.c: 4 warnings, 0 errors
compiling stm32f4xx_it.c...
./ACApplication/Auto/AutoAim.h(90): warning:  #1-D: last line of file ends without a newline
  #endif // AUTOAIM_H_
../Core/Src/stm32f4xx_it.c(307): warning:  #223-D: function "SBUS_UART_IRQHandler" declared implicitly
  	SBUS_UART_IRQHandler();
../Core/Src/stm32f4xx_it.c: 2 warnings, 0 errors
compiling Shooting_Task.c...
./ACApplication/Auto/AutoAim.h(90): warning:  #1-D: last line of file ends without a newline
  #endif // AUTOAIM_H_
ACApplication\Shooting\Shooting_Task.c(19): warning:  #550-D: variable "remain_ShootingTask"  was set but never used
  static UBaseType_t remain_ShootingTask;
ACApplication\Shooting\Shooting_Task.c: 2 warnings, 0 errors
compiling AutoAim_Task.c...
./ACApplication/Auto/AutoAim.h(90): warning:  #1-D: last line of file ends without a newline
  #endif // AUTOAIM_H_
ACApplication\Auto\AutoAim_Task.h(7): warning:  #1-D: last line of file ends without a newline
  #endif // AUTO_TASK_H_
ACApplication\Auto\AutoAim_Task.c(14): warning:  #550-D: variable "remain_AutoAimTask"  was set but never used
  static UBaseType_t remain_AutoAimTask;
ACApplication\Auto\AutoAim_Task.c: 3 warnings, 0 errors
compiling AutoAim.c...
./ACApplication/Auto/AutoAim.h(90): warning:  #1-D: last line of file ends without a newline
  #endif // AUTOAIM_H_
ACApplication\Auto\AutoAim.h(90): warning:  #1-D: last line of file ends without a newline
  #endif // AUTOAIM_H_
ACApplication\Auto\AutoAim.c: 2 warnings, 0 errors
compiling CMDCenter.c...
ABModule\CMDCenter.c(77): warning:  #223-D: function "MyMath_Map_Range_Int16" declared implicitly
          CMD.Chassis.FB   = MyMath_Map_Range_Int16(RC_Ctl->Stick.LY,RC_Ctl->Range.Min,RC_Ctl->Range.Max,-CMD_CTRL_RANGE,CMD_CTRL_RANGE);
ABModule\CMDCenter.c(29): warning:  #550-D: variable "remain_CMDUpdateTask"  was set but never used
  static UBaseType_t remain_CMDUpdateTask;
ABModule\CMDCenter.c: 2 warnings, 0 errors
compiling Gimbal_Task.c...
./ACApplication/Auto/AutoAim.h(90): warning:  #1-D: last line of file ends without a newline
  #endif // AUTOAIM_H_
ACApplication\Gimbal\Gimbal_Task.h(24): warning:  #1-D: last line of file ends without a newline
  #endif // GIMBAL_TASK_H_
ACApplication\Gimbal\Gimbal_Task.c(19): warning:  #550-D: variable "remain_GimbalTask"  was set but never used
  static UBaseType_t remain_GimbalTask;
ACApplication\Gimbal\Gimbal_Task.c: 3 warnings, 0 errors
compiling Remote_Ctrl.c...
ABModule\Remote_Ctrl.c(36): warning:  #940-D: missing return statement at end of non-void function "Switch_Set" 
  }
ABModule\Remote_Ctrl.c(59): warning:  #940-D: missing return statement at end of non-void function "Knob_Set" 
  }
ABModule\Remote_Ctrl.c(116): warning:  #550-D: variable "remain_RCUpdate"  was set but never used
  static UBaseType_t remain_RCUpdate;
ABModule\Remote_Ctrl.c: 3 warnings, 0 errors
compiling Chassis_Mecanu.c...
./ACApplication/Auto/AutoAim.h(90): warning:  #1-D: last line of file ends without a newline
  #endif // AUTOAIM_H_
ACApplication\Chassis\Chassis_Mecanu.h(89): warning:  #1-D: last line of file ends without a newline
  #endif // CHASSIS_MECANU_H_
ACApplication\Chassis\Chassis_Mecanu.c(256): warning:  #1-D: last line of file ends without a newline
  #endif
ACApplication\Chassis\Chassis_Mecanu.c: 3 warnings, 0 errors
compiling bsp_Init.c...
./ACApplication/Auto/AutoAim.h(90): warning:  #1-D: last line of file ends without a newline
  #endif // AUTOAIM_H_
AADrivers\bsp_Init.c(9): warning:  #223-D: function "can_filter_init" declared implicitly
      can_filter_init();
AADrivers\bsp_Init.c: 2 warnings, 0 errors
compiling Gimbal_Hero.c...
./ACApplication/Auto/AutoAim.h(90): warning:  #1-D: last line of file ends without a newline
  #endif // AUTOAIM_H_
ACApplication\Gimbal\Gimbal_Hero.c: 1 warning, 0 errors
compiling Chassis_leg.c...
./ACApplication/Auto/AutoAim.h(90): warning:  #1-D: last line of file ends without a newline
  #endif // AUTOAIM_H_
ACApplication\Chassis\Chassis_leg.c: 1 warning, 0 errors
compiling Chassis_Task.c...
./ACApplication/Auto/AutoAim.h(90): warning:  #1-D: last line of file ends without a newline
  #endif // AUTOAIM_H_
ACApplication\Chassis\Chassis_Task.c(20): warning:  #550-D: variable "remain_ChassisTask"  was set but never used
  static UBaseType_t remain_ChassisTask;
ACApplication\Chassis\Chassis_Task.c: 2 warnings, 0 errors
compiling Load_Task.c...
./ACApplication/Auto/AutoAim.h(90): warning:  #1-D: last line of file ends without a newline
  #endif // AUTOAIM_H_
ACApplication\Shooting\Load_Task.c(23): warning:  #223-D: function "Shooting_Init" declared implicitly
    Shooting_Init();
ACApplication\Shooting\Load_Task.c(19): warning:  #550-D: variable "remain_LoadTask"  was set but never used
  static UBaseType_t remain_LoadTask;
ACApplication\Shooting\Load_Task.c: 3 warnings, 0 errors
compiling Shooting_Hero.c...
./ACApplication/Auto/AutoAim.h(90): warning:  #1-D: last line of file ends without a newline
  #endif // AUTOAIM_H_
ACApplication\Shooting\Shooting_Hero.h(105): warning:  #1-D: last line of file ends without a newline
  #endif // SHOOTING_HERO_H_
ACApplication\Shooting\Shooting_Hero.c(194): warning:  #187-D: use of "=" where "==" may have been intended
          if(Shooting_Instance.Calc.PushRod.State = PUSH_BACK_ENTER)
ACApplication\Shooting\Shooting_Hero.c(207): warning:  #187-D: use of "=" where "==" may have been intended
          else if(Shooting_Instance.Calc.PushRod.State = PUSH_FRONT_ENTER)
ACApplication\Shooting\Shooting_Hero.c(251): warning:  #187-D: use of "=" where "==" may have been intended
      if((Shooting_Instance.CMD.Shooting.Fire == ON) && (Shooting_Instance.Calc.PushRod.State = PUSH_FRONT_ING))
ACApplication\Shooting\Shooting_Hero.c(257): warning:  #187-D: use of "=" where "==" may have been intended
      else if((Shooting_Instance.CMD.Shooting.Fire == OFF) && (Shooting_Instance.Calc.PushRod.State = PUSH_BACK_ING))
ACApplication\Shooting\Shooting_Hero.c: 6 warnings, 0 errors
linking...
Program Size: Code=53312 RO-data=1460 RW-data=532 ZI-data=34052  
FromELF: creating hex file...
"BaseMood\BaseMood.axf" - 0 Error(s), 47 Warning(s).

<h2>Software Packages used:</h2>

Package Vendor: ARM
                http://www.keil.com/pack/ARM.CMSIS.5.9.0.pack
                ARM.CMSIS.5.9.0
                CMSIS (Common Microcontroller Software Interface Standard)
   * Component: CORE Version: 5.6.0

Package Vendor: Keil
                http://www.keil.com/pack/Keil.STM32F4xx_DFP.2.15.0.pack
                Keil.STM32F4xx_DFP.2.15.0
                STMicroelectronics STM32F4 Series Device Support, Drivers and Examples

<h2>Collection of Component include folders:</h2>
  .\RTE\_BaseMood
  D:\A_Study & Work\STM32\Keil5\ARM\PACK\ARM\CMSIS\5.9.0\CMSIS\Core\Include
  D:\A_Study & Work\STM32\Keil5\ARM\PACK\Keil\STM32F4xx_DFP\2.15.0\Drivers\CMSIS\Device\ST\STM32F4xx\Include

<h2>Collection of Component Files used:</h2>

   * Component: ARM::CMSIS:CORE:5.6.0
      Include file:  CMSIS\Core\Include\tz_context.h
Build Time Elapsed:  00:00:16
</pre>
</body>
</html>
